{
  "HttpStatusCode": "UnprocessableEntity",
  "Message": "The collection of 'TestItem' is not valid.",
  "Errors": {
    "[0].Id": [
      "The specified condition was not met for 'Id'."
    ],
    "[0].Message": [
      "The specified condition was not met for 'Message'."
    ],
    "[1].Id": [
      "The specified condition was not met for 'Id'."
    ],
    "[1].Message": [
      "The specified condition was not met for 'Message'."
    ]
  }
}
