[
  {
    "Item": {
      "Id": "5a87d5c7-7af4-4459-b921-fb53efdaddcd",
      "PartitionKey": "e3273cb2-858b-4a18-9f6c-8adfa707a819",
      "TypeName": "test-item",
      "CreatedDateTimeOffset": "2025-05-23T18:59:15.560336+00:00",
      "UpdatedDateTimeOffset": "2025-05-23T18:59:15.560336+00:00",
      "DeletedDateTimeOffset": null,
      "IsDeleted": null,
      "ETag": "\"f300ab06-0000-0300-0000-6830c5830000\"",
      "PublicMessage": "Public Message #1",
      "PrivateMessage": "Private Message #1"
    }
  }
]
