[
  {
    "Item": {
      "Id": "919d5c5e-78f4-4950-b7b1-ee16308a541f",
      "PartitionKey": "91cdf19e-96cd-49b3-bfc6-0704898c1742",
      "TypeName": "test-item",
      "CreatedDateTimeOffset": "2025-05-23T18:59:14.332821+00:00",
      "UpdatedDateTimeOffset": "2025-05-23T18:59:14.332821+00:00",
      "DeletedDateTimeOffset": null,
      "IsDeleted": null,
      "ETag": "\"f3006106-0000-0300-0000-6830c5820000\"",
      "PublicMessage": "Public Message #2",
      "PrivateMessage": "Private Message #2"
    }
  },
  {
    "Item": {
      "Id": "7f0ac2aa-4196-48ee-994d-ea84809e8fbe",
      "PartitionKey": "977bf111-af11-44e1-8701-70cef63a6351",
      "TypeName": "test-item",
      "CreatedDateTimeOffset": "2025-05-23T18:59:14.261296+00:00",
      "UpdatedDateTimeOffset": "2025-05-23T18:59:14.261296+00:00",
      "DeletedDateTimeOffset": null,
      "IsDeleted": null,
      "ETag": "\"f3005b06-0000-0300-0000-6830c5820000\"",
      "PublicMessage": "Public Message #1",
      "PrivateMessage": "Private Message #1"
    }
  }
]
