[
  {
    "Item": {
      "Id": "7b5e01b3-db8a-4689-8b77-418132409f49",
      "PartitionKey": "bab63210-e7bf-4a6c-a092-aeb9cf4a8407",
      "TypeName": "test-item",
      "CreatedDateTimeOffset": "2025-05-23T18:58:56.813447+00:00",
      "UpdatedDateTimeOffset": "2025-05-23T18:58:56.813447+00:00",
      "DeletedDateTimeOffset": null,
      "IsDeleted": null,
      "ETag": "\"f3006003-0000-0300-0000-6830c5700000\"",
      "PublicMessage": "Public Message #2",
      "PrivateMessage": "Private Message #2"
    }
  },
  {
    "Item": {
      "Id": "3f26ea5e-8c6f-4f18-aafb-8b148e1e9cb2",
      "PartitionKey": "9121e181-7d9d-45d9-a3e1-d0e9becad04f",
      "TypeName": "test-item",
      "CreatedDateTimeOffset": "2025-05-23T18:58:56.733465+00:00",
      "UpdatedDateTimeOffset": "2025-05-23T18:58:56.733465+00:00",
      "DeletedDateTimeOffset": null,
      "IsDeleted": null,
      "ETag": "\"f3005703-0000-0300-0000-6830c5700000\"",
      "PublicMessage": "Public Message #1",
      "PrivateMessage": "Private Message #1"
    }
  }
]
