[
  {
    "Item": {
      "Id": "c88c924e-5e1f-46e7-ba6b-2161eb00f5f9",
      "PartitionKey": "555b0a91-fb60-4eb6-a092-07958e1a744e",
      "TypeName": "test-item",
      "CreatedDateTimeOffset": "2025-05-21T05:08:25.959772+00:00",
      "UpdatedDateTimeOffset": "2025-05-21T05:08:25.959772+00:00",
      "DeletedDateTimeOffset": null,
      "IsDeleted": null,
      "ETag": "\"26004930-0000-0300-0000-682d5fca0000\"",
      "Message": "Message #1"
    }
  },
  {
    "Item": {
      "Id": "79522fba-fea8-4996-b8e3-ac5d1dfcda42",
      "PartitionKey": "e9a3a157-aadb-4f4b-9b8e-a7592e967d06",
      "TypeName": "test-item",
      "CreatedDateTimeOffset": "2025-05-21T05:08:26.017875+00:00",
      "UpdatedDateTimeOffset": "2025-05-21T05:08:26.017875+00:00",
      "DeletedDateTimeOffset": null,
      "IsDeleted": null,
      "ETag": "\"26004c30-0000-0300-0000-682d5fca0000\"",
      "Message": "Message #2"
    }
  }
]
