{
  "saved": [
    {
      "HttpStatusCode": "FailedDependency",
      "ReadResult": null
    },
    {
      "HttpStatusCode": "PreconditionFailed",
      "ReadResult": null
    }
  ],
  "read": [
    {
      "Item": {
        "Id": "3107d2ff-9f33-4718-b180-f7b65223fba8",
        "PartitionKey": "90eabddb-a71a-4ccb-aa1a-062590597fb2",
        "TypeName": "test-item",
        "CreatedDateTimeOffset": "2025-05-27T01:02:10.54678+00:00",
        "UpdatedDateTimeOffset": "2025-05-27T01:02:10.54678+00:00",
        "DeletedDateTimeOffset": null,
        "IsDeleted": null,
        "ETag": "\"8e0141b7-0000-0300-0000-68350f120000\"",
        "PublicMessage": "Public Message #1",
        "PrivateMessage": "Private Message #1",
        "OptionalMessage": null
      }
    },
    {
      "Item": {
        "Id": "5f969f1c-c115-4982-949b-4e4987197dfe",
        "PartitionKey": "90eabddb-a71a-4ccb-aa1a-062590597fb2",
        "TypeName": "test-item",
        "CreatedDateTimeOffset": "2025-05-27T01:02:10.546807+00:00",
        "UpdatedDateTimeOffset": "2025-05-27T01:02:10.686719+00:00",
        "DeletedDateTimeOffset": null,
        "IsDeleted": null,
        "ETag": "\"8e015eb7-0000-0300-0000-68350f120000\"",
        "PublicMessage": "Public Message #0",
        "PrivateMessage": "Private Message #0",
        "OptionalMessage": null
      }
    }
  ]
}
