[
  {
    "Item": {
      "Id": "05cb9a55-f4b9-434b-acc9-25873fc6fad8",
      "PartitionKey": "44ba7b4c-a2c1-406a-8930-612e54b52cd5",
      "TypeName": "test-item",
      "CreatedDateTimeOffset": "2025-05-23T19:03:06.786132+00:00",
      "UpdatedDateTimeOffset": "2025-05-23T19:03:06.786132+00:00",
      "DeletedDateTimeOffset": null,
      "IsDeleted": null,
      "ETag": "\"f3008e3b-0000-0300-0000-6830c66a0000\"",
      "PublicMessage": "Public Message #2",
      "PrivateMessage": "Private Message #2"
    }
  }
]
