[
  {
    "Item": {
      "Id": "4b613d40-a440-4af1-ab6b-fdb234bc3d20",
      "PartitionKey": "888d1272-891c-427f-bd56-38785b1debdd",
      "TypeName": "test-item",
      "CreatedDateTimeOffset": "2025-05-23T18:59:13.557434+00:00",
      "UpdatedDateTimeOffset": "2025-05-23T18:59:13.557434+00:00",
      "DeletedDateTimeOffset": null,
      "IsDeleted": null,
      "ETag": "\"f3003306-0000-0300-0000-6830c5810000\"",
      "PublicMessage": "Public Message #1",
      "PrivateMessage": "Private Message #1"
    }
  },
  {
    "Item": {
      "Id": "1e1c6378-16fc-41db-a48c-e8c830ec7b69",
      "PartitionKey": "85d9bd1e-3d7f-4927-8899-3eb4ba9a90e3",
      "TypeName": "test-item",
      "CreatedDateTimeOffset": "2025-05-23T18:59:13.631586+00:00",
      "UpdatedDateTimeOffset": "2025-05-23T18:59:13.631586+00:00",
      "DeletedDateTimeOffset": null,
      "IsDeleted": null,
      "ETag": "\"f3003906-0000-0300-0000-6830c5810000\"",
      "PublicMessage": "Public Message #2",
      "PrivateMessage": "Private Message #2"
    }
  }
]
