[
  {
    "Item": {
      "Id": "14208711-cffa-4163-b0fd-357b5817a0c0",
      "PartitionKey": "75abe094-7c96-434c-8be5-227ba73761a2",
      "TypeName": "test-item",
      "CreatedDateTimeOffset": "2025-05-27T01:01:59.035532+00:00",
      "UpdatedDateTimeOffset": "2025-05-27T01:01:59.035532+00:00",
      "DeletedDateTimeOffset": null,
      "IsDeleted": null,
      "ETag": "\"8e013ab4-0000-0300-0000-68350f070000\"",
      "PublicMessage": "Public Message #2",
      "PrivateMessage": "Private Message #2",
      "OptionalMessage": null
    }
  }
]
