[
  {
    "HttpStatusCode": "OK",
    "ReadResult": {
      "Item": {
        "Id": "6704a3e2-1757-4540-aa07-16f36a567ce6",
        "PartitionKey": "75e5d19c-e809-49ed-a7ba-a89e96217ed3",
        "TypeName": "test-item",
        "CreatedDateTimeOffset": "2025-02-13T17:42:03.390396Z",
        "UpdatedDateTimeOffset": "2025-02-13T17:42:03.390396Z",
        "DeletedDateTimeOffset": "2025-02-13T17:42:03.443033Z",
        "IsDeleted": true,
        "ETag": "3cef280b-dee7-4f73-b53f-9ac760b7fc6d",
        "Message": "Message #1"
      }
    }
  },
  {
    "HttpStatusCode": "OK",
    "ReadResult": {
      "Item": {
        "Id": "41981704-8fc4-4da1-b12a-e913f1dfa0dc",
        "PartitionKey": "75e5d19c-e809-49ed-a7ba-a89e96217ed3",
        "TypeName": "test-item",
        "CreatedDateTimeOffset": "2025-02-13T17:42:03.390419Z",
        "UpdatedDateTimeOffset": "2025-02-13T17:42:03.390419Z",
        "DeletedDateTimeOffset": "2025-02-13T17:42:03.458144Z",
        "IsDeleted": true,
        "ETag": "4346da46-ad92-4eb3-9739-c2a6d6ad78be",
        "Message": "Message #2"
      }
    }
  }
]
