{
  "saved": [
    {
      "HttpStatusCode": "OK",
      "ReadResult": null
    },
    {
      "HttpStatusCode": "PreconditionFailed",
      "ReadResult": null
    }
  ],
  "read": [
    {
      "Item": {
        "Id": "0ffc3bd2-b33f-4902-a4bf-b804d8aa01e9",
        "PartitionKey": "c25361d6-3d14-452d-a99d-22ef7c85d70e",
        "TypeName": "test-item",
        "CreatedDateTimeOffset": "2025-05-23T15:55:17.28986+00:00",
        "UpdatedDateTimeOffset": "2025-05-23T15:55:17.28986+00:00",
        "DeletedDateTimeOffset": null,
        "IsDeleted": null,
        "ETag": "c2c49e33-a40d-499b-a504-f938e12b25c7",
        "PublicMessage": "Public Message #1",
        "PrivateMessage": "Private Message #1"
      }
    }
  ]
}
