[
  {
    "Item": {
      "Id": "476d50e3-f73f-4cfd-be05-87dd161cbb3d",
      "PartitionKey": "4ab54d8f-7f29-4f58-a6ee-f231632297d5",
      "TypeName": "test-item",
      "CreatedDateTimeOffset": "2025-05-23T15:55:24.838941+00:00",
      "UpdatedDateTimeOffset": "2025-05-23T15:55:24.838941+00:00",
      "DeletedDateTimeOffset": null,
      "IsDeleted": null,
      "ETag": "3954d8ad-5c52-4d01-a72d-a19091e52eed",
      "PublicMessage": "Public Message #1",
      "PrivateMessage": "Private Message #1"
    }
  }
]
