{
  "Item": {
    "Id": "f8829dac-56f6-4448-829a-fac886aefb1b",
    "PartitionKey": "fbc8502a-38ee-4edb-8a2d-485888af5bd3",
    "TypeName": "test-item",
    "CreatedDateTimeOffset": "2025-05-27T00:39:03.36343+00:00",
    "UpdatedDateTimeOffset": "2025-05-27T00:39:03.36343+00:00",
    "DeletedDateTimeOffset": "2025-05-27T00:39:03.412004+00:00",
    "IsDeleted": true,
    "ETag": "1f592ace-67ad-40d0-b1eb-32aa479c6168",
    "PublicMessage": "Public Message #1",
    "PrivateMessage": "Private Message #1",
    "OptionalMessage": null
  }
}
