[
  {
    "Item": {
      "Id": "c1715315-7345-435b-abb4-71e1a5137259",
      "PartitionKey": "e1d1dcf2-ec8f-4da4-ba48-b46c6d3a2e35",
      "TypeName": "test-item",
      "CreatedDateTimeOffset": "2025-05-27T00:39:09.809552+00:00",
      "UpdatedDateTimeOffset": "2025-05-27T00:39:09.809552+00:00",
      "DeletedDateTimeOffset": null,
      "IsDeleted": null,
      "ETag": "ed65e202-dbc2-4651-9713-ee666310dacc",
      "PublicMessage": "Public Message #1",
      "PrivateMessage": "Private Message #1",
      "OptionalMessage": null
    }
  }
]
