[
  {
    "Item": {
      "Id": "faf07a1a-1eb1-4329-b046-3693efcb4ecc",
      "PartitionKey": "360ac595-689a-424a-85b2-4708a6a7fc82",
      "TypeName": "test-item",
      "CreatedDate": "2025-02-13T17:42:06.375482Z",
      "UpdatedDate": "2025-02-13T17:42:06.375482Z",
      "DeletedDate": null,
      "IsDeleted": null,
      "ETag": "0ddab37a-c143-4045-a5fc-89f4a79bcc73",
      "Message": "Message #1"
    }
  }
]
