[
  {
    "Item": {
      "Id": "0a7d0dc0-4e1f-4c3f-a38c-e41206982d61",
      "PartitionKey": "83a7fbeb-5ae1-4eee-86bd-dcf4e340eeb5",
      "TypeName": "test-item",
      "CreatedDateTimeOffset": "2025-05-21T05:33:03.559251+00:00",
      "UpdatedDateTimeOffset": "2025-05-21T05:33:03.559251+00:00",
      "DeletedDateTimeOffset": null,
      "IsDeleted": null,
      "ETag": "6f04b86b-28ad-4ad5-82f3-3a760ba31f63",
      "Message": "Message #1"
    }
  },
  {
    "Item": {
      "Id": "396537ef-e224-42f9-a657-42fc1acb6942",
      "PartitionKey": "7eb62879-fd80-4b2f-ba11-dfc94681f073",
      "TypeName": "test-item",
      "CreatedDateTimeOffset": "2025-05-21T05:33:03.593945+00:00",
      "UpdatedDateTimeOffset": "2025-05-21T05:33:03.593945+00:00",
      "DeletedDateTimeOffset": null,
      "IsDeleted": null,
      "ETag": "63cd6325-a5b6-45a2-b7f0-b75d4991b396",
      "Message": "Message #2"
    }
  }
]
