[
  {
    "Item": {
      "Id": "3fca6d8a-75c1-491a-9178-90343551364a",
      "PartitionKey": "81dc4acd-dcbe-4d5f-a36f-21a35f158b2c",
      "TypeName": "test-item",
      "CreatedDateTimeOffset": "2025-05-23T15:55:23.577273+00:00",
      "UpdatedDateTimeOffset": "2025-05-23T15:55:23.577273+00:00",
      "DeletedDateTimeOffset": null,
      "IsDeleted": null,
      "ETag": "f25c3d22-1354-47e2-aa90-1b08514aa90b",
      "PublicMessage": "Public Message #1",
      "PrivateMessage": "Private Message #1"
    }
  },
  {
    "Item": {
      "Id": "648de92a-b7e8-41c5-a5d2-bdf0cc65d67c",
      "PartitionKey": "e36f287e-188d-4a74-9db7-dab74282b5dd",
      "TypeName": "test-item",
      "CreatedDateTimeOffset": "2025-05-23T15:55:23.607504+00:00",
      "UpdatedDateTimeOffset": "2025-05-23T15:55:23.607504+00:00",
      "DeletedDateTimeOffset": null,
      "IsDeleted": null,
      "ETag": "f4cf033f-326f-4902-a618-866063b9d416",
      "PublicMessage": "Public Message #2",
      "PrivateMessage": "Private Message #2"
    }
  }
]
