[
  {
    "Item": {
      "Id": "07ed600e-bdf3-4dfd-b893-f5495e6b1848",
      "PartitionKey": "c9815960-8c3f-4a79-9d37-80de91703b4b",
      "TypeName": "test-item",
      "CreatedDateTimeOffset": "2025-05-21T05:33:04.28727+00:00",
      "UpdatedDateTimeOffset": "2025-05-21T05:33:04.28727+00:00",
      "DeletedDateTimeOffset": null,
      "IsDeleted": null,
      "ETag": "8736ab80-b642-4ee1-935f-eb962a44f16c",
      "Message": "Message #1"
    }
  }
]
