[
  {
    "Item": {
      "Id": "54890b03-25c6-4887-989f-3dc528803f72",
      "PartitionKey": "dbdf7ec2-84f3-4f1d-8ceb-90d7e651a43a",
      "TypeName": "test-item",
      "CreatedDateTimeOffset": "2025-05-23T15:55:19.94345+00:00",
      "UpdatedDateTimeOffset": "2025-05-23T15:55:19.94345+00:00",
      "DeletedDateTimeOffset": null,
      "IsDeleted": null,
      "ETag": "001a0a9d-06a8-46b5-a06f-51b249e199b5",
      "PublicMessage": "Public Message #2",
      "PrivateMessage": "Private Message #2"
    }
  }
]
