[
  {
    "HttpStatusCode": "OK",
    "ReadResult": {
      "Item": {
        "Id": "6704a3e2-1757-4540-aa07-16f36a567ce6",
        "PartitionKey": "75e5d19c-e809-49ed-a7ba-a89e96217ed3",
        "TypeName": "test-item",
        "CreatedDate": "2025-02-13T17:29:19.461235Z",
        "UpdatedDate": "2025-02-13T17:29:19.461235Z",
        "DeletedDate": "2025-02-13T17:29:19.63163Z",
        "IsDeleted": true,
        "ETag": "4f328418-a4e5-4b4b-9de5-3c9eb02f44e9",
        "Message": "Message #1"
      }
    }
  },
  {
    "HttpStatusCode": "OK",
    "ReadResult": {
      "Item": {
        "Id": "41981704-8fc4-4da1-b12a-e913f1dfa0dc",
        "PartitionKey": "75e5d19c-e809-49ed-a7ba-a89e96217ed3",
        "TypeName": "test-item",
        "CreatedDate": "2025-02-13T17:29:19.513838Z",
        "UpdatedDate": "2025-02-13T17:29:19.513838Z",
        "DeletedDate": "2025-02-13T17:29:19.651728Z",
        "IsDeleted": true,
        "ETag": "92631544-6df7-4b65-ac47-00362541f4f9",
        "Message": "Message #2"
      }
    }
  }
]
