[
  {
    "Item": {
      "Id": "dfbe2711-d246-4dc2-93c0-5e53cc5bdff7",
      "PartitionKey": "dceb5b5e-414b-4255-847b-7c62689a3d0f",
      "TypeName": "test-item",
      "CreatedDateTimeOffset": "2025-05-23T15:55:19.506801+00:00",
      "UpdatedDateTimeOffset": "2025-05-23T15:55:19.506801+00:00",
      "DeletedDateTimeOffset": null,
      "IsDeleted": null,
      "ETag": "e60fad55-3b84-4346-838a-2b31884815ee",
      "PublicMessage": "Public Message #1",
      "PrivateMessage": "Private Message #1"
    }
  },
  {
    "Item": {
      "Id": "55b04213-38b3-46c2-83af-10de7f5c706f",
      "PartitionKey": "cf1fabbd-c549-43f2-9aac-c53943d38074",
      "TypeName": "test-item",
      "CreatedDateTimeOffset": "2025-05-23T15:55:19.536483+00:00",
      "UpdatedDateTimeOffset": "2025-05-23T15:55:19.536483+00:00",
      "DeletedDateTimeOffset": null,
      "IsDeleted": null,
      "ETag": "db00b8e6-1067-41f7-9029-502fe8efb009",
      "PublicMessage": "Public Message #2",
      "PrivateMessage": "Private Message #2"
    }
  }
]
