[
  {
    "Item": {
      "Id": "3fca6d8a-75c1-491a-9178-90343551364a",
      "PartitionKey": "81dc4acd-dcbe-4d5f-a36f-21a35f158b2c",
      "TypeName": "test-item",
      "CreatedDateTimeOffset": "2025-05-21T05:33:03.200128+00:00",
      "UpdatedDateTimeOffset": "2025-05-21T05:33:03.200128+00:00",
      "DeletedDateTimeOffset": null,
      "IsDeleted": null,
      "ETag": "c47f2d20-d9dd-4135-ab70-26665381db12",
      "Message": "Message #1"
    }
  },
  {
    "Item": {
      "Id": "648de92a-b7e8-41c5-a5d2-bdf0cc65d67c",
      "PartitionKey": "e36f287e-188d-4a74-9db7-dab74282b5dd",
      "TypeName": "test-item",
      "CreatedDateTimeOffset": "2025-05-21T05:33:03.228681+00:00",
      "UpdatedDateTimeOffset": "2025-05-21T05:33:03.228681+00:00",
      "DeletedDateTimeOffset": null,
      "IsDeleted": null,
      "ETag": "aa775b49-a48f-42aa-9e40-445a6e857b9b",
      "Message": "Message #2"
    }
  }
]
