[
  {
    "Item": {
      "Id": "2ce4c676-c5a7-46a3-b133-4dd2149b7443",
      "PartitionKey": "ba67f42f-0d8f-4c55-9fd9-ca671ec3ac7e",
      "TypeName": "test-item",
      "CreatedDateTimeOffset": "2025-05-21T05:33:04.10452+00:00",
      "UpdatedDateTimeOffset": "2025-05-21T05:33:04.10452+00:00",
      "DeletedDateTimeOffset": null,
      "IsDeleted": null,
      "ETag": "409f557f-8aed-4af1-bdd7-9f1769dcce83",
      "Message": "Message #1"
    }
  }
]
