[
  {
    "Item": {
      "Id": "00379fdd-e0c9-42c1-ad17-9a466b857d36",
      "PartitionKey": "104c6c28-d6a3-4879-ad30-c7dcb76f671a",
      "TypeName": "test-item",
      "CreatedDateTimeOffset": "2025-05-23T15:55:20.119047+00:00",
      "UpdatedDateTimeOffset": "2025-05-23T15:55:20.119047+00:00",
      "DeletedDateTimeOffset": null,
      "IsDeleted": null,
      "ETag": "09b033ea-306c-496e-b0c6-edf6ecd57142",
      "PublicMessage": "Public Message #1",
      "PrivateMessage": "Private Message #1"
    }
  }
]
