[
  {
    "Item": {
      "Id": "53b1a7ce-2e72-4a1c-882b-8500649fe14f",
      "PartitionKey": "2adfd40b-ca46-4f6d-a11e-2b364bb9682d",
      "TypeName": "test-item",
      "CreatedDateTimeOffset": "2025-05-21T05:32:59.74208+00:00",
      "UpdatedDateTimeOffset": "2025-05-21T05:32:59.74208+00:00",
      "DeletedDateTimeOffset": null,
      "IsDeleted": null,
      "ETag": "7e690d56-efba-43f7-b3fb-b36b43be2e15",
      "Message": "Message #2"
    }
  },
  {
    "Item": {
      "Id": "04fd0adc-738d-4f73-b54d-5387bf541b8d",
      "PartitionKey": "ee4ac7c1-fba3-4601-801c-3981437e4f06",
      "TypeName": "test-item",
      "CreatedDateTimeOffset": "2025-05-21T05:32:59.711307+00:00",
      "UpdatedDateTimeOffset": "2025-05-21T05:32:59.711307+00:00",
      "DeletedDateTimeOffset": null,
      "IsDeleted": null,
      "ETag": "75c305be-d762-437d-9d6e-70d9042310de",
      "Message": "Message #1"
    }
  }
]
