[
  {
    "Item": {
      "Id": "227aeaea-0f73-4f14-8e7f-1d82fa8682c6",
      "PartitionKey": "f0509387-04c8-46dd-a925-acc2230098bb",
      "TypeName": "test-item",
      "CreatedDateTimeOffset": "2025-05-21T05:33:03.950822+00:00",
      "UpdatedDateTimeOffset": "2025-05-21T05:33:03.950822+00:00",
      "DeletedDateTimeOffset": null,
      "IsDeleted": null,
      "ETag": "ea7e674f-080c-4b41-9a99-7e74e3c6e516",
      "Message": "Message #2"
    }
  }
]
