[
  {
    "Item": {
      "Id": "de6eb2a0-8156-4f22-a0a3-c2d1573c08fb",
      "PartitionKey": "ae4602de-b94f-424c-85aa-1ef84075c712",
      "TypeName": "test-item",
      "CreatedDateTimeOffset": "2025-05-23T15:55:24.234938+00:00",
      "UpdatedDateTimeOffset": "2025-05-23T15:55:24.234938+00:00",
      "DeletedDateTimeOffset": null,
      "IsDeleted": null,
      "ETag": "c957fdad-03cc-42fd-91d0-200018e1150d",
      "PublicMessage": "Public Message #2",
      "PrivateMessage": "Private Message #2"
    }
  },
  {
    "Item": {
      "Id": "9256aad8-9968-4cb8-95a8-2a688b242026",
      "PartitionKey": "5e5a09cf-1b2d-4bea-a710-10842fee5808",
      "TypeName": "test-item",
      "CreatedDateTimeOffset": "2025-05-23T15:55:24.200611+00:00",
      "UpdatedDateTimeOffset": "2025-05-23T15:55:24.200611+00:00",
      "DeletedDateTimeOffset": null,
      "IsDeleted": null,
      "ETag": "7b799a80-e920-48f1-96bc-10321426bd06",
      "PublicMessage": "Public Message #1",
      "PrivateMessage": "Private Message #1"
    }
  }
]
