[
  {
    "Item": {
      "Id": "e1ab78e3-a7c5-4b3d-ab80-3cfaaaf19f00",
      "PartitionKey": "e72ecf34-eafd-4fa1-8a9c-fff81f6c616b",
      "TypeName": "test-item",
      "CreatedDateTimeOffset": "2025-05-27T00:39:05.190954+00:00",
      "UpdatedDateTimeOffset": "2025-05-27T00:39:05.190954+00:00",
      "DeletedDateTimeOffset": null,
      "IsDeleted": null,
      "ETag": "5c7edf34-88d9-4403-96a9-62dcb34cd958",
      "PublicMessage": "Public Message #1",
      "PrivateMessage": "Private Message #1",
      "OptionalMessage": null
    }
  }
]
