[
  {
    "Item": {
      "Id": "0d841641-a2ca-49dd-83f3-d7c272b4c3f0",
      "PartitionKey": "3c21c360-2b18-447e-87ed-5d9554d3f85d",
      "TypeName": "encrypted-test-item",
      "CreatedDateTimeOffset": "2025-05-27T02:21:47.610896+00:00",
      "UpdatedDateTimeOffset": "2025-05-27T02:21:47.610896+00:00",
      "DeletedDateTimeOffset": null,
      "IsDeleted": null,
      "ETag": "DC249096-6EEE-45B2-B4AA-A6AB3EE30F9D",
      "PublicMessage": "Public Message #2",
      "PrivateMessage": "Private Message #2",
      "OptionalMessage": null
    }
  },
  {
    "Item": {
      "Id": "9ca55aae-668f-4e62-beb4-5c89dc8a59a1",
      "PartitionKey": "3e5cc395-4355-4f57-ab7f-84c09fd47a27",
      "TypeName": "encrypted-test-item",
      "CreatedDateTimeOffset": "2025-05-27T02:21:47.069774+00:00",
      "UpdatedDateTimeOffset": "2025-05-27T02:21:47.069774+00:00",
      "DeletedDateTimeOffset": null,
      "IsDeleted": null,
      "ETag": "BAA11C4C-5627-4583-8016-7DB18EBAF771",
      "PublicMessage": "Public Message #1",
      "PrivateMessage": "Private Message #1",
      "OptionalMessage": null
    }
  }
]
