[
  {
    "Item": {
      "Id": "61fc7e9a-09a2-476f-a794-bfbb80c61b7e",
      "PartitionKey": "744a2f8e-b209-4bd8-aff6-7d371ddbd9e8",
      "TypeName": "encrypted-test-item",
      "CreatedDateTimeOffset": "2025-05-27T02:14:52.46262+00:00",
      "UpdatedDateTimeOffset": "2025-05-27T02:14:52.46262+00:00",
      "DeletedDateTimeOffset": null,
      "IsDeleted": null,
      "ETag": "997207BB-0403-4862-AB42-692385766B0A",
      "PublicMessage": "Public Message #2",
      "PrivateMessage": "Private Message #2",
      "OptionalMessage": null
    }
  }
]
