[
  {
    "HttpStatusCode": "OK",
    "ReadResult": {
      "Item": {
        "Id": "e89a2934-b506-4cc7-bf03-4148b3a10ace",
        "PartitionKey": "0a7bc917-5670-41cf-87b7-7d97d51ecb82",
        "TypeName": "encrypted-test-item",
        "CreatedDateTimeOffset": "2025-05-27T02:21:26.066816+00:00",
        "UpdatedDateTimeOffset": "2025-05-27T02:21:27.060362+00:00",
        "DeletedDateTimeOffset": null,
        "IsDeleted": null,
        "ETag": "97E36A53-8E2A-4C0D-8408-9C64A65295D5",
        "PublicMessage": "Public Message #3",
        "PrivateMessage": "Private Message #3",
        "OptionalMessage": null
      }
    }
  },
  {
    "HttpStatusCode": "OK",
    "ReadResult": {
      "Item": {
        "Id": "7058e816-5913-4fc7-92ae-d3bf14c7c9b4",
        "PartitionKey": "0a7bc917-5670-41cf-87b7-7d97d51ecb82",
        "TypeName": "encrypted-test-item",
        "CreatedDateTimeOffset": "2025-05-27T02:21:26.066872+00:00",
        "UpdatedDateTimeOffset": "2025-05-27T02:21:27.367196+00:00",
        "DeletedDateTimeOffset": null,
        "IsDeleted": null,
        "ETag": "4CBCDCF2-F601-400D-9772-7B0F44C2E268",
        "PublicMessage": "Public Message #4",
        "PrivateMessage": "Private Message #4",
        "OptionalMessage": null
      }
    }
  }
]
