{
  "Item": {
    "Id": "a8cf4bc4-745a-471c-8fb1-5d4e124bbde2",
    "PartitionKey": "2b541bfd-4605-48f9-b1bc-5aba5f64cd24",
    "TypeName": "encrypted-test-item",
    "CreatedDateTimeOffset": "2025-05-27T02:14:59.034648+00:00",
    "UpdatedDateTimeOffset": "2025-05-27T02:14:59.034648+00:00",
    "DeletedDateTimeOffset": null,
    "IsDeleted": null,
    "ETag": "6F8928A9-A86E-4EA6-964A-085EE428FF93",
    "PublicMessage": "Public Message #1",
    "PrivateMessage": "Private Message #1",
    "OptionalMessage": null
  }
}
