{
  "saved": [
    {
      "HttpStatusCode": "FailedDependency",
      "ReadResult": null
    },
    {
      "HttpStatusCode": "PreconditionFailed",
      "ReadResult": null
    }
  ],
  "read": [
    {
      "Item": {
        "Id": "0ffc3bd2-b33f-4902-a4bf-b804d8aa01e9",
        "PartitionKey": "c25361d6-3d14-452d-a99d-22ef7c85d70e",
        "TypeName": "encrypted-test-item",
        "CreatedDateTimeOffset": "2025-05-26T02:58:27.074165+00:00",
        "UpdatedDateTimeOffset": "2025-05-26T02:58:27.074165+00:00",
        "DeletedDateTimeOffset": null,
        "IsDeleted": null,
        "ETag": "\"5601e452-0000-0300-0000-6833d8d30000\"",
        "PublicMessage": "Public Message #1",
        "PrivateMessage": "Private Message #1"
      }
    }
  ]
}
