[
  {
    "Item": {
      "Id": "6e65848e-b884-42d9-8f19-5fdf98fdaefa",
      "PartitionKey": "8394b526-c7b8-4df3-9371-544018097b10",
      "TypeName": "encrypted-test-item",
      "CreatedDateTimeOffset": "2025-05-27T05:03:37.620068+00:00",
      "UpdatedDateTimeOffset": "2025-05-27T05:03:37.620068+00:00",
      "DeletedDateTimeOffset": null,
      "IsDeleted": null,
      "ETag": "d1d02f77-82ec-4e13-90a7-09703988a4b9",
      "PublicMessage": "Public Message #1",
      "PrivateMessage": "Private Message #1",
      "OptionalMessage": null
    }
  }
]
