[
  {
    "Item": {
      "Id": "17336819-4a0f-42c3-ad97-d3afc5ed56b0",
      "PartitionKey": "602b78fe-eb63-481f-8d64-7185b606f7f2",
      "TypeName": "encrypted-test-item",
      "CreatedDateTimeOffset": "2025-05-27T00:39:18.734554+00:00",
      "UpdatedDateTimeOffset": "2025-05-27T00:39:18.734554+00:00",
      "DeletedDateTimeOffset": null,
      "IsDeleted": null,
      "ETag": "261cbb0a-fa4b-422a-9bc7-e2182edc632f",
      "PublicMessage": "Public Message #2",
      "PrivateMessage": "Private Message #2",
      "OptionalMessage": null
    }
  }
]
