{
  "Item": {
    "Id": "f8829dac-56f6-4448-829a-fac886aefb1b",
    "PartitionKey": "fbc8502a-38ee-4edb-8a2d-485888af5bd3",
    "TypeName": "encrypted-test-item",
    "CreatedDateTimeOffset": "2025-05-27T02:21:38.821912+00:00",
    "UpdatedDateTimeOffset": "2025-05-27T02:21:38.821912+00:00",
    "DeletedDateTimeOffset": "2025-05-27T02:21:39.65618+00:00",
    "IsDeleted": true,
    "ETag": "32100F84-12EE-4D33-A886-96E5C0B4D16D",
    "PublicMessage": "Public Message #1",
    "PrivateMessage": "Private Message #1",
    "OptionalMessage": null
  }
}
