[
  {
    "Item": {
      "Id": "8168cf54-3382-46de-a26a-2c9cf9a0641c",
      "PartitionKey": "df56213c-0695-44d3-bee1-5624ff774a0c",
      "TypeName": "encrypted-test-item",
      "CreatedDateTimeOffset": "2025-05-27T05:35:32.991355+00:00",
      "UpdatedDateTimeOffset": "2025-05-27T05:35:32.991355+00:00",
      "DeletedDateTimeOffset": null,
      "IsDeleted": null,
      "ETag": "3bbfc253-360b-4f66-b1b5-8b82356dcb43",
      "PublicMessage": "Public Message #2",
      "PrivateMessage": "Private Message #2",
      "OptionalMessage": null
    }
  },
  {
    "Item": {
      "Id": "28fe1f40-4d04-443d-a008-35b3ea051fa9",
      "PartitionKey": "f80726bd-90b3-40ee-9651-7caba5c03657",
      "TypeName": "encrypted-test-item",
      "CreatedDateTimeOffset": "2025-05-27T05:35:32.929895+00:00",
      "UpdatedDateTimeOffset": "2025-05-27T05:35:32.929895+00:00",
      "DeletedDateTimeOffset": null,
      "IsDeleted": null,
      "ETag": "f5036a66-a8d4-487b-80c8-830e7dd0b946",
      "PublicMessage": "Public Message #1",
      "PrivateMessage": "Private Message #1",
      "OptionalMessage": null
    }
  }
]
