[
  {
    "Item": {
      "Id": "d2db097f-00bd-4a91-8a1b-abbb85b0f536",
      "PartitionKey": "24263b02-9cd5-4bb5-8afb-e9ab77ecb339",
      "TypeName": "encrypted-test-item",
      "CreatedDateTimeOffset": "2025-05-26T02:44:58.008746+00:00",
      "UpdatedDateTimeOffset": "2025-05-26T02:44:58.008746+00:00",
      "DeletedDateTimeOffset": null,
      "IsDeleted": null,
      "ETag": "\"55014ac2-0000-0300-0000-6833d5aa0000\"",
      "PublicMessage": "Public Message #2",
      "PrivateMessage": "Private Message #2"
    }
  }
]
