[
  {
    "Item": {
      "Id": "45744412-9937-4e92-a5b3-bd5fca826fea",
      "PartitionKey": "f1159151-3fee-4ca4-9711-f887cb98af58",
      "TypeName": "encrypted-test-item",
      "CreatedDateTimeOffset": "2025-05-27T01:02:35.013958+00:00",
      "UpdatedDateTimeOffset": "2025-05-27T01:02:35.013958+00:00",
      "DeletedDateTimeOffset": null,
      "IsDeleted": null,
      "ETag": "\"8e01cdbd-0000-0300-0000-68350f2b0000\"",
      "PublicMessage": "Public Message #1",
      "PrivateMessage": "Private Message #1",
      "OptionalMessage": null
    }
  },
  {
    "Item": {
      "Id": "c2dca945-aaeb-4bf5-b2e8-196d5ebc183c",
      "PartitionKey": "4e9ad5b8-96a0-4408-bfba-28f1aef94000",
      "TypeName": "encrypted-test-item",
      "CreatedDateTimeOffset": "2025-05-27T01:02:35.086056+00:00",
      "UpdatedDateTimeOffset": "2025-05-27T01:02:35.086056+00:00",
      "DeletedDateTimeOffset": null,
      "IsDeleted": null,
      "ETag": "\"8e01d0bd-0000-0300-0000-68350f2b0000\"",
      "PublicMessage": "Public Message #2",
      "PrivateMessage": "Private Message #2",
      "OptionalMessage": null
    }
  }
]
