[
  {
    "HttpStatusCode": "OK",
    "ReadResult": {
      "Item": {
        "Id": "e89a2934-b506-4cc7-bf03-4148b3a10ace",
        "PartitionKey": "0a7bc917-5670-41cf-87b7-7d97d51ecb82",
        "TypeName": "encrypted-test-item",
        "CreatedDateTimeOffset": "2025-05-27T05:35:29.846967+00:00",
        "UpdatedDateTimeOffset": "2025-05-27T05:35:29.968666+00:00",
        "DeletedDateTimeOffset": null,
        "IsDeleted": null,
        "ETag": "a9c5b3b2-4dba-49b0-b02b-9d0dfee2bc5c",
        "PublicMessage": "Public Message #3",
        "PrivateMessage": "Private Message #3",
        "OptionalMessage": null
      }
    }
  },
  {
    "HttpStatusCode": "OK",
    "ReadResult": {
      "Item": {
        "Id": "7058e816-5913-4fc7-92ae-d3bf14c7c9b4",
        "PartitionKey": "0a7bc917-5670-41cf-87b7-7d97d51ecb82",
        "TypeName": "encrypted-test-item",
        "CreatedDateTimeOffset": "2025-05-27T05:35:29.846986+00:00",
        "UpdatedDateTimeOffset": "2025-05-27T05:35:29.985146+00:00",
        "DeletedDateTimeOffset": null,
        "IsDeleted": null,
        "ETag": "8bfb4890-27e7-4468-a395-b03d16f3a903",
        "PublicMessage": "Public Message #4",
        "PrivateMessage": "Private Message #4",
        "OptionalMessage": null
      }
    }
  }
]
