[
  {
    "Item": {
      "Id": "f7737f14-c58e-4ed7-98a0-ea2b30f8fa2c",
      "PartitionKey": "7860f867-1f28-45fe-95ed-a430adb9d022",
      "TypeName": "encrypted-test-item",
      "CreatedDateTimeOffset": "2025-05-27T01:02:36.467376+00:00",
      "UpdatedDateTimeOffset": "2025-05-27T01:02:36.467376+00:00",
      "DeletedDateTimeOffset": null,
      "IsDeleted": null,
      "ETag": "\"8e0111be-0000-0300-0000-68350f2c0000\"",
      "PublicMessage": "Public Message #2",
      "PrivateMessage": "Private Message #2",
      "OptionalMessage": null
    }
  }
]
