[
  {
    "Item": {
      "Id": "a499af92-7bf9-4d01-a151-25b697b7980b",
      "PartitionKey": "97f9e3fd-d963-4b78-b7de-5946183eadff",
      "TypeName": "encrypted-test-item",
      "CreatedDateTimeOffset": "2025-05-27T02:14:47.871573+00:00",
      "UpdatedDateTimeOffset": "2025-05-27T02:14:47.871573+00:00",
      "DeletedDateTimeOffset": null,
      "IsDeleted": null,
      "ETag": "6BE9025E-20FB-4A45-8CA6-C1D6D2499321",
      "PublicMessage": "Public Message #1",
      "PrivateMessage": "Private Message #1",
      "OptionalMessage": null
    }
  },
  {
    "Item": {
      "Id": "24c5db82-b754-48a2-b487-4c56c643de03",
      "PartitionKey": "f1690ded-d5ba-4f9c-9694-a93f26b3f95a",
      "TypeName": "encrypted-test-item",
      "CreatedDateTimeOffset": "2025-05-27T02:14:48.388919+00:00",
      "UpdatedDateTimeOffset": "2025-05-27T02:14:48.388919+00:00",
      "DeletedDateTimeOffset": null,
      "IsDeleted": null,
      "ETag": "B155CCE4-65F3-4C2A-AF12-E1874CCC1FBB",
      "PublicMessage": "Public Message #2",
      "PrivateMessage": "Private Message #2",
      "OptionalMessage": null
    }
  }
]
