[
  {
    "HttpStatusCode": "OK",
    "ReadResult": {
      "Item": {
        "Id": "e89a2934-b506-4cc7-bf03-4148b3a10ace",
        "PartitionKey": "0a7bc917-5670-41cf-87b7-7d97d51ecb82",
        "TypeName": "encrypted-test-item",
        "CreatedDateTimeOffset": "2025-05-27T01:02:47.209806+00:00",
        "UpdatedDateTimeOffset": "2025-05-27T01:02:47.360244+00:00",
        "DeletedDateTimeOffset": null,
        "IsDeleted": null,
        "ETag": "\"8e01cfc0-0000-0300-0000-68350f370000\"",
        "PublicMessage": "Public Message #3",
        "PrivateMessage": "Private Message #3",
        "OptionalMessage": null
      }
    }
  },
  {
    "HttpStatusCode": "OK",
    "ReadResult": {
      "Item": {
        "Id": "7058e816-5913-4fc7-92ae-d3bf14c7c9b4",
        "PartitionKey": "0a7bc917-5670-41cf-87b7-7d97d51ecb82",
        "TypeName": "encrypted-test-item",
        "CreatedDateTimeOffset": "2025-05-27T01:02:47.209858+00:00",
        "UpdatedDateTimeOffset": "2025-05-27T01:02:47.430824+00:00",
        "DeletedDateTimeOffset": null,
        "IsDeleted": null,
        "ETag": "\"8e01d1c0-0000-0300-0000-68350f370000\"",
        "PublicMessage": "Public Message #4",
        "PrivateMessage": "Private Message #4",
        "OptionalMessage": null
      }
    }
  }
]
