[
  {
    "Item": {
      "Id": "3fca6d8a-75c1-491a-9178-90343551364a",
      "PartitionKey": "81dc4acd-dcbe-4d5f-a36f-21a35f158b2c",
      "TypeName": "encrypted-test-item",
      "CreatedDateTimeOffset": "2025-05-23T15:55:28.245432+00:00",
      "UpdatedDateTimeOffset": "2025-05-23T15:55:28.245432+00:00",
      "DeletedDateTimeOffset": null,
      "IsDeleted": null,
      "ETag": "f6b97689-0574-4580-932f-ad741a303cd1",
      "PublicMessage": "Public Message #1",
      "PrivateMessage": "Private Message #1"
    }
  },
  {
    "Item": {
      "Id": "648de92a-b7e8-41c5-a5d2-bdf0cc65d67c",
      "PartitionKey": "e36f287e-188d-4a74-9db7-dab74282b5dd",
      "TypeName": "encrypted-test-item",
      "CreatedDateTimeOffset": "2025-05-23T15:55:28.276434+00:00",
      "UpdatedDateTimeOffset": "2025-05-23T15:55:28.276434+00:00",
      "DeletedDateTimeOffset": null,
      "IsDeleted": null,
      "ETag": "a199807c-24f9-4951-ba1e-8fc51ab03085",
      "PublicMessage": "Public Message #2",
      "PrivateMessage": "Private Message #2"
    }
  }
]
