[
  {
    "Item": {
      "Id": "63a00753-79a1-4db0-afd9-05271615bd84",
      "PartitionKey": "06545830-e4f9-43ce-8b29-7979bb6e1e5a",
      "TypeName": "encrypted-test-item",
      "CreatedDateTimeOffset": "2025-05-27T02:21:53.082651+00:00",
      "UpdatedDateTimeOffset": "2025-05-27T02:21:53.082651+00:00",
      "DeletedDateTimeOffset": null,
      "IsDeleted": null,
      "ETag": "2B6A3830-914E-4440-8AAD-3EF80C2080A4",
      "PublicMessage": "Public Message #1",
      "PrivateMessage": "Private Message #1",
      "OptionalMessage": null
    }
  }
]
