{
  "Item": {
    "Id": "a8cf4bc4-745a-471c-8fb1-5d4e124bbde2",
    "PartitionKey": "2b541bfd-4605-48f9-b1bc-5aba5f64cd24",
    "TypeName": "encrypted-test-item",
    "CreatedDateTimeOffset": "2025-05-26T02:58:37.305941+00:00",
    "UpdatedDateTimeOffset": "2025-05-26T02:58:37.305941+00:00",
    "DeletedDateTimeOffset": null,
    "IsDeleted": null,
    "ETag": "\"5601a955-0000-0300-0000-6833d8dd0000\"",
    "PublicMessage": "Public Message #1",
    "PrivateMessage": "Private Message #1"
  }
}
