{
  "Item": {
    "Id": "f8829dac-56f6-4448-829a-fac886aefb1b",
    "PartitionKey": "fbc8502a-38ee-4edb-8a2d-485888af5bd3",
    "TypeName": "encrypted-test-item",
    "CreatedDateTimeOffset": "2025-05-23T15:55:32.440986+00:00",
    "UpdatedDateTimeOffset": "2025-05-23T15:55:32.440986+00:00",
    "DeletedDateTimeOffset": "2025-05-23T15:55:32.483323+00:00",
    "IsDeleted": true,
    "ETag": "9c42d43a-bd09-4a59-abe7-fa5802a5258c",
    "PublicMessage": "Public Message #1",
    "PrivateMessage": "Private Message #1"
  }
}
