[
  {
    "HttpStatusCode": "OK",
    "ReadResult": {
      "Item": {
        "Id": "e89a2934-b506-4cc7-bf03-4148b3a10ace",
        "PartitionKey": "0a7bc917-5670-41cf-87b7-7d97d51ecb82",
        "TypeName": "encrypted-test-item",
        "CreatedDateTimeOffset": "2025-05-27T00:39:16.264508+00:00",
        "UpdatedDateTimeOffset": "2025-05-27T00:39:16.310896+00:00",
        "DeletedDateTimeOffset": null,
        "IsDeleted": null,
        "ETag": "96c0d78f-1e44-4d2c-a51c-c1492305e003",
        "PublicMessage": "Public Message #3",
        "PrivateMessage": "Private Message #3",
        "OptionalMessage": null
      }
    }
  },
  {
    "HttpStatusCode": "OK",
    "ReadResult": {
      "Item": {
        "Id": "7058e816-5913-4fc7-92ae-d3bf14c7c9b4",
        "PartitionKey": "0a7bc917-5670-41cf-87b7-7d97d51ecb82",
        "TypeName": "encrypted-test-item",
        "CreatedDateTimeOffset": "2025-05-27T00:39:16.264527+00:00",
        "UpdatedDateTimeOffset": "2025-05-27T00:39:16.327965+00:00",
        "DeletedDateTimeOffset": null,
        "IsDeleted": null,
        "ETag": "2bb43b65-68ca-49cb-9e0c-67793e8fb3d2",
        "PublicMessage": "Public Message #4",
        "PrivateMessage": "Private Message #4",
        "OptionalMessage": null
      }
    }
  }
]
