[
  {
    "Item": {
      "Id": "cf6c4317-5740-420a-949e-3812d0cbe7e2",
      "PartitionKey": "f862c930-45ff-46c6-9ea3-8c04fef6dd0c",
      "TypeName": "encrypted-test-item",
      "CreatedDateTimeOffset": "2025-05-27T05:35:33.488841+00:00",
      "UpdatedDateTimeOffset": "2025-05-27T05:35:33.488841+00:00",
      "DeletedDateTimeOffset": null,
      "IsDeleted": null,
      "ETag": "b317cbb5-cb4e-4e0d-99dc-41510c43c752",
      "PublicMessage": "Public Message #2",
      "PrivateMessage": "Private Message #2",
      "OptionalMessage": null
    }
  }
]
