[
  {
    "Item": {
      "Id": "33909f8c-0b25-487b-9928-9befd68b7fb1",
      "PartitionKey": "d1f28177-4df1-4b5a-9f2d-cf8d6efc0f4a",
      "TypeName": "encrypted-test-item",
      "CreatedDateTimeOffset": "2025-05-27T02:21:49.613306+00:00",
      "UpdatedDateTimeOffset": "2025-05-27T02:21:49.613306+00:00",
      "DeletedDateTimeOffset": null,
      "IsDeleted": null,
      "ETag": "78BAB62E-1C54-46E2-A256-E4D93D9D299E",
      "PublicMessage": "Public Message #2",
      "PrivateMessage": "Private Message #2",
      "OptionalMessage": null
    }
  }
]
