[
  {
    "HttpStatusCode": "OK",
    "ReadResult": {
      "Item": {
        "Id": "267e3d9e-55be-4030-be5a-793bd5f59147",
        "PartitionKey": "355bff90-f0b6-4a50-8b49-ba9882820390",
        "TypeName": "encrypted-test-item",
        "CreatedDateTimeOffset": "2025-05-27T00:39:15.38259+00:00",
        "UpdatedDateTimeOffset": "2025-05-27T00:39:15.38259+00:00",
        "DeletedDateTimeOffset": null,
        "IsDeleted": null,
        "ETag": "c948ec5b-106d-43e4-adcc-531730a19cf4",
        "PublicMessage": "Public Message #1",
        "PrivateMessage": "Private Message #1",
        "OptionalMessage": null
      }
    }
  },
  {
    "HttpStatusCode": "OK",
    "ReadResult": {
      "Item": {
        "Id": "a18c881a-2268-4651-b4c2-2c5ac992f0f3",
        "PartitionKey": "355bff90-f0b6-4a50-8b49-ba9882820390",
        "TypeName": "encrypted-test-item",
        "CreatedDateTimeOffset": "2025-05-27T00:39:15.382611+00:00",
        "UpdatedDateTimeOffset": "2025-05-27T00:39:15.382611+00:00",
        "DeletedDateTimeOffset": null,
        "IsDeleted": null,
        "ETag": "685049aa-5403-42dd-8bac-90811b565f67",
        "PublicMessage": "Public Message #2",
        "PrivateMessage": "Private Message #2",
        "OptionalMessage": null
      }
    }
  }
]
