[
  {
    "Item": {
      "Id": "0d2c189f-824f-4b41-b4fc-e9872807b59e",
      "PartitionKey": "5ded8ef1-f83d-4ee9-9d39-76b6f0f7a8e8",
      "TypeName": "test-item",
      "CreatedDateTimeOffset": "2025-05-23T16:02:12.303669+00:00",
      "UpdatedDateTimeOffset": "2025-05-23T16:02:12.303669+00:00",
      "DeletedDateTimeOffset": null,
      "IsDeleted": null,
      "ETag": "4fc449c2-68ec-4eff-a679-0e00f555d3fb",
      "PublicMessage": "Public Message #1",
      "PrivateMessage": "Private Message #1"
    }
  },
  {
    "Item": {
      "Id": "10a6c060-74d1-4126-bd60-c9c2b3312649",
      "PartitionKey": "24322aa2-14b2-422e-bbcf-a1848c5ee5b1",
      "TypeName": "test-item",
      "CreatedDateTimeOffset": "2025-05-23T16:02:12.303778+00:00",
      "UpdatedDateTimeOffset": "2025-05-23T16:02:12.303778+00:00",
      "DeletedDateTimeOffset": null,
      "IsDeleted": null,
      "ETag": "5a90791f-bb21-4970-ae8f-c4b70add04d0",
      "PublicMessage": "Public Message #2",
      "PrivateMessage": "Private Message #2"
    }
  }
]
