[
  {
    "Item": {
      "Id": "7db90297-4289-4e38-b091-425ada44a0f8",
      "PartitionKey": "b60b11f0-5b8e-4cfe-893d-cfebbfb5c7b4",
      "TypeName": "test-item",
      "CreatedDateTimeOffset": "2025-05-23T16:02:12.310842+00:00",
      "UpdatedDateTimeOffset": "2025-05-23T16:02:12.310842+00:00",
      "DeletedDateTimeOffset": null,
      "IsDeleted": null,
      "ETag": "5fbf5930-414d-4dbd-9097-f5e7f405c110",
      "PublicMessage": "Public Message #2",
      "PrivateMessage": "Private Message #2"
    }
  },
  {
    "Item": {
      "Id": "9ae62893-54a2-425d-954a-d3b8fa7c257c",
      "PartitionKey": "81d9a82c-6ec6-4b0b-9244-43c88a01d8ec",
      "TypeName": "test-item",
      "CreatedDateTimeOffset": "2025-05-23T16:02:12.310735+00:00",
      "UpdatedDateTimeOffset": "2025-05-23T16:02:12.310735+00:00",
      "DeletedDateTimeOffset": null,
      "IsDeleted": null,
      "ETag": "9cf1e84f-1b68-4d07-84d3-ef68286316bb",
      "PublicMessage": "Public Message #1",
      "PrivateMessage": "Private Message #1"
    }
  }
]
