[
  {
    "HttpStatusCode": "OK",
    "ReadResult": {
      "Item": {
        "Id": "6704a3e2-1757-4540-aa07-16f36a567ce6",
        "PartitionKey": "75e5d19c-e809-49ed-a7ba-a89e96217ed3",
        "TypeName": "test-item",
        "CreatedDate": "2025-01-19T22:19:54.998245Z",
        "UpdatedDate": "2025-01-19T22:19:54.998245Z",
        "DeletedDate": "2025-01-19T22:19:54.999313Z",
        "IsDeleted": true,
        "ETag": "eec2ca33-dae0-466f-b424-edc637128f54",
        "Message": "Message #1"
      }
    }
  },
  {
    "HttpStatusCode": "OK",
    "ReadResult": {
      "Item": {
        "Id": "41981704-8fc4-4da1-b12a-e913f1dfa0dc",
        "PartitionKey": "75e5d19c-e809-49ed-a7ba-a89e96217ed3",
        "TypeName": "test-item",
        "CreatedDate": "2025-01-19T22:19:54.99826Z",
        "UpdatedDate": "2025-01-19T22:19:54.99826Z",
        "DeletedDate": "2025-01-19T22:19:54.999384Z",
        "IsDeleted": true,
        "ETag": "02638086-7bd8-4eac-9d79-71e9cb30c926",
        "Message": "Message #2"
      }
    }
  }
]
