{
  "Item": {
    "Id": "a8cf4bc4-745a-471c-8fb1-5d4e124bbde2",
    "PartitionKey": "2b541bfd-4605-48f9-b1bc-5aba5f64cd24",
    "TypeName": "test-item",
    "CreatedDateTimeOffset": "2025-05-21T04:56:31.644896+00:00",
    "UpdatedDateTimeOffset": "2025-05-21T04:56:31.644896+00:00",
    "DeletedDateTimeOffset": null,
    "IsDeleted": null,
    "ETag": "a45902c0-7827-4605-bbb6-deafe3de2ee4",
    "Message": "Message #1"
  }
}
