[
  {
    "HttpStatusCode": "OK",
    "ReadResult": {
      "Item": {
        "Id": "267e3d9e-55be-4030-be5a-793bd5f59147",
        "PartitionKey": "355bff90-f0b6-4a50-8b49-ba9882820390",
        "TypeName": "test-item",
        "CreatedDateTimeOffset": "2025-05-23T16:02:12.001796+00:00",
        "UpdatedDateTimeOffset": "2025-05-23T16:02:12.001796+00:00",
        "DeletedDateTimeOffset": null,
        "IsDeleted": null,
        "ETag": "41357c31-5a69-4235-af45-cec04720fae8",
        "PublicMessage": "Public Message #1",
        "PrivateMessage": "Private Message #1"
      }
    }
  },
  {
    "HttpStatusCode": "OK",
    "ReadResult": {
      "Item": {
        "Id": "a18c881a-2268-4651-b4c2-2c5ac992f0f3",
        "PartitionKey": "355bff90-f0b6-4a50-8b49-ba9882820390",
        "TypeName": "test-item",
        "CreatedDateTimeOffset": "2025-05-23T16:02:12.023878+00:00",
        "UpdatedDateTimeOffset": "2025-05-23T16:02:12.023878+00:00",
        "DeletedDateTimeOffset": null,
        "IsDeleted": null,
        "ETag": "136cc9dc-bce6-4e80-91f2-b485a8df2a6c",
        "PublicMessage": "Public Message #2",
        "PrivateMessage": "Private Message #2"
      }
    }
  }
]
