[
  {
    "Item": {
      "Id": "6c2d0bf6-1252-4cba-9b41-9dad6987a660",
      "PartitionKey": "c9b4e5ee-7ae0-41fd-94bf-1efe38447624",
      "TypeName": "test-item",
      "CreatedDateTimeOffset": "2025-05-21T04:56:31.638515+00:00",
      "UpdatedDateTimeOffset": "2025-05-21T04:56:31.638515+00:00",
      "DeletedDateTimeOffset": null,
      "IsDeleted": null,
      "ETag": "d253a21c-dfd5-4614-9b16-4e598d436f81",
      "Message": "Message #1"
    }
  }
]
