[
  {
    "Item": {
      "Id": "c415b5ae-bca9-492e-802b-004a4953c008",
      "PartitionKey": "aa4983dc-20b2-4edb-b852-968c14bf84a2",
      "TypeName": "test-item",
      "CreatedDateTimeOffset": "2025-05-23T16:02:12.319693+00:00",
      "UpdatedDateTimeOffset": "2025-05-23T16:02:12.319693+00:00",
      "DeletedDateTimeOffset": null,
      "IsDeleted": null,
      "ETag": "7a62ebaa-3c2b-4c55-9e10-20cb52bf2fae",
      "PublicMessage": "Public Message #2",
      "PrivateMessage": "Private Message #2"
    }
  }
]
