[
  {
    "Item": {
      "Id": "f2944d81-d387-4478-8a20-800a319151f6",
      "PartitionKey": "37ea88b6-8ed4-47df-b022-6750f5d6fbb5",
      "TypeName": "test-item",
      "CreatedDate": "2025-05-01T21:35:50.09893Z",
      "UpdatedDate": "2025-05-01T21:35:50.09893Z",
      "DeletedDate": null,
      "IsDeleted": null,
      "ETag": "6185d85d-209e-4170-91b2-bb1fb30ca75a",
      "Message": "Message #1"
    }
  },
  {
    "Item": {
      "Id": "5ab9dd7a-0776-4c09-a76b-a990c1d889bb",
      "PartitionKey": "67bf01d9-006c-4ea4-aa05-07564b1f2b1a",
      "TypeName": "test-item",
      "CreatedDate": "2025-05-01T21:35:50.099038Z",
      "UpdatedDate": "2025-05-01T21:35:50.099038Z",
      "DeletedDate": null,
      "IsDeleted": null,
      "ETag": "8fa6249a-d65f-45f5-bd5e-5c3006c23130",
      "Message": "Message #2"
    }
  }
]
