[
  {
    "Item": {
      "Id": "3fca6d8a-75c1-491a-9178-90343551364a",
      "PartitionKey": "81dc4acd-dcbe-4d5f-a36f-21a35f158b2c",
      "TypeName": "test-item",
      "CreatedDateTimeOffset": "2025-05-21T04:56:31.593892+00:00",
      "UpdatedDateTimeOffset": "2025-05-21T04:56:31.593892+00:00",
      "DeletedDateTimeOffset": null,
      "IsDeleted": null,
      "ETag": "ed0bcde2-ba69-4a48-887f-2484680c33ef",
      "Message": "Message #1"
    }
  },
  {
    "Item": {
      "Id": "648de92a-b7e8-41c5-a5d2-bdf0cc65d67c",
      "PartitionKey": "e36f287e-188d-4a74-9db7-dab74282b5dd",
      "TypeName": "test-item",
      "CreatedDateTimeOffset": "2025-05-21T04:56:31.593995+00:00",
      "UpdatedDateTimeOffset": "2025-05-21T04:56:31.593995+00:00",
      "DeletedDateTimeOffset": null,
      "IsDeleted": null,
      "ETag": "632a484e-6b3f-4ad7-a94d-563f42efb29f",
      "Message": "Message #2"
    }
  }
]
