[
  {
    "Item": {
      "Id": "d6150622-2f39-426b-a063-d3e09570442c",
      "PartitionKey": "d0dda9c1-1737-4d02-b5c2-e0adb1fd4624",
      "TypeName": "test-item",
      "CreatedDateTimeOffset": "2025-05-27T01:18:17.977516+00:00",
      "UpdatedDateTimeOffset": "2025-05-27T01:18:17.977516+00:00",
      "DeletedDateTimeOffset": null,
      "IsDeleted": null,
      "ETag": "a21202e8-ddb0-480b-8822-5d5694524f48",
      "PublicMessage": "Public Message #2",
      "PrivateMessage": "Private Message #2",
      "OptionalMessage": null
    }
  },
  {
    "Item": {
      "Id": "df053fa8-a95f-4c96-a64c-94e33c202c85",
      "PartitionKey": "ae8e7a03-b899-4d71-b0f9-75202f8b9306",
      "TypeName": "test-item",
      "CreatedDateTimeOffset": "2025-05-27T01:18:17.977388+00:00",
      "UpdatedDateTimeOffset": "2025-05-27T01:18:17.977388+00:00",
      "DeletedDateTimeOffset": null,
      "IsDeleted": null,
      "ETag": "56a006d2-de2c-4b24-bf70-ce42dd29645a",
      "PublicMessage": "Public Message #1",
      "PrivateMessage": "Private Message #1",
      "OptionalMessage": null
    }
  }
]
