[
  {
    "HttpStatusCode": "OK",
    "ReadResult": {
      "Item": {
        "Id": "e89a2934-b506-4cc7-bf03-4148b3a10ace",
        "PartitionKey": "0a7bc917-5670-41cf-87b7-7d97d51ecb82",
        "TypeName": "test-item",
        "CreatedDateTimeOffset": "2025-05-27T01:18:17.908892+00:00",
        "UpdatedDateTimeOffset": "2025-05-27T01:18:17.909537+00:00",
        "DeletedDateTimeOffset": null,
        "IsDeleted": null,
        "ETag": "d5b4b662-9c3a-4aba-94fe-d1eda079c5b8",
        "PublicMessage": "Public Message #3",
        "PrivateMessage": "Private Message #3",
        "OptionalMessage": null
      }
    }
  },
  {
    "HttpStatusCode": "OK",
    "ReadResult": {
      "Item": {
        "Id": "7058e816-5913-4fc7-92ae-d3bf14c7c9b4",
        "PartitionKey": "0a7bc917-5670-41cf-87b7-7d97d51ecb82",
        "TypeName": "test-item",
        "CreatedDateTimeOffset": "2025-05-27T01:18:17.908904+00:00",
        "UpdatedDateTimeOffset": "2025-05-27T01:18:17.910564+00:00",
        "DeletedDateTimeOffset": null,
        "IsDeleted": null,
        "ETag": "1a4bb0d7-881d-40fb-8e4b-ca8caf0699b9",
        "PublicMessage": "Public Message #4",
        "PrivateMessage": "Private Message #4",
        "OptionalMessage": null
      }
    }
  }
]
