[
  {
    "Item": {
      "Id": "1f172db4-30f0-4fcf-a5de-a0cbbedbc009",
      "PartitionKey": "7c9ca505-363e-406f-bac8-bb0e70d2b937",
      "TypeName": "test-item",
      "CreatedDateTimeOffset": "2025-05-27T01:18:17.990827+00:00",
      "UpdatedDateTimeOffset": "2025-05-27T01:18:17.990827+00:00",
      "DeletedDateTimeOffset": null,
      "IsDeleted": null,
      "ETag": "b6d85867-0c7c-49b9-a45c-ee5aaf07f27c",
      "PublicMessage": "Public Message #1",
      "PrivateMessage": "Private Message #1",
      "OptionalMessage": null
    }
  }
]
