[
  {
    "Item": {
      "Id": "7f6d1750-cb5a-412e-93ae-e9712a592548",
      "PartitionKey": "36ad25d0-568d-41a6-ad2c-deeef5cc93d8",
      "TypeName": "test-item",
      "CreatedDateTimeOffset": "2025-05-23T20:09:15.436546+00:00",
      "UpdatedDateTimeOffset": "2025-05-23T20:09:15.436546+00:00",
      "DeletedDateTimeOffset": null,
      "IsDeleted": null,
      "ETag": "b572f3c1-4ba3-4b99-aeff-e488580e34f6",
      "PublicMessage": "Public Message #2",
      "PrivateMessage": "Private Message #2"
    }
  },
  {
    "Item": {
      "Id": "fde20e27-9f84-49af-a107-a0774d2145b2",
      "PartitionKey": "5b351ad2-e008-44ca-a42f-e106b4a3685e",
      "TypeName": "test-item",
      "CreatedDateTimeOffset": "2025-05-23T20:09:15.216411+00:00",
      "UpdatedDateTimeOffset": "2025-05-23T20:09:15.216411+00:00",
      "DeletedDateTimeOffset": null,
      "IsDeleted": null,
      "ETag": "674de1ac-a463-47fd-b444-37a10f78acf3",
      "PublicMessage": "Public Message #1",
      "PrivateMessage": "Private Message #1"
    }
  }
]
