[
  {
    "Item": {
      "Id": "a2f1ec27-74af-432c-a80e-09a732f489f8",
      "PartitionKey": "10170ce6-1cab-41a0-8c3d-37ee9311c114",
      "TypeName": "test-item",
      "CreatedDateTimeOffset": "2025-05-21T05:48:35.698464+00:00",
      "UpdatedDateTimeOffset": "2025-05-21T05:48:35.698464+00:00",
      "DeletedDateTimeOffset": null,
      "IsDeleted": null,
      "ETag": "bb6e08d4-6527-4aa5-88c0-8d5fdfdf3e0c",
      "Message": "Message #1"
    }
  },
  {
    "Item": {
      "Id": "1a6e882c-d6ba-4823-a8ad-dd0137676775",
      "PartitionKey": "65987c17-6070-4d41-b2de-387ebb62832b",
      "TypeName": "test-item",
      "CreatedDateTimeOffset": "2025-05-21T05:48:35.762677+00:00",
      "UpdatedDateTimeOffset": "2025-05-21T05:48:35.762677+00:00",
      "DeletedDateTimeOffset": null,
      "IsDeleted": null,
      "ETag": "0f34fc1f-7c04-4844-96ec-ca66e5bfd690",
      "Message": "Message #2"
    }
  }
]
