{
  "saved": [
    {
      "HttpStatusCode": "FailedDependency",
      "ReadResult": null
    },
    {
      "HttpStatusCode": "PreconditionFailed",
      "ReadResult": null
    }
  ],
  "read": [
    {
      "Item": {
        "Id": "0ffc3bd2-b33f-4902-a4bf-b804d8aa01e9",
        "PartitionKey": "c25361d6-3d14-452d-a99d-22ef7c85d70e",
        "TypeName": "test-item",
        "CreatedDateTimeOffset": "2025-05-27T00:50:02.586621+00:00",
        "UpdatedDateTimeOffset": "2025-05-27T00:50:02.586621+00:00",
        "DeletedDateTimeOffset": null,
        "IsDeleted": null,
        "ETag": "768e21f5-e0aa-4213-aaf2-cb0e51c05aaa",
        "PublicMessage": "Public Message #1",
        "PrivateMessage": "Private Message #1",
        "OptionalMessage": null
      }
    }
  ]
}
