[
  {
    "Item": {
      "Id": "93ec10e8-9e8a-4239-9e0b-1bb958e20ec6",
      "PartitionKey": "4774e4d2-4de3-424a-bc42-3c76b54d0941",
      "TypeName": "test-item",
      "CreatedDateTimeOffset": "2025-05-21T05:48:36.311825+00:00",
      "UpdatedDateTimeOffset": "2025-05-21T05:48:36.311825+00:00",
      "DeletedDateTimeOffset": null,
      "IsDeleted": null,
      "ETag": "f68fa52f-e116-4457-8618-0ceda74234f2",
      "Message": "Message #2"
    }
  }
]
