[
  {
    "Item": {
      "Id": "1b5d7ddd-fff7-4710-b3ad-70e36ffd4476",
      "PartitionKey": "6ae11f20-2fd2-43f7-9ac4-4d81d6b3663b",
      "TypeName": "test-item",
      "CreatedDateTimeOffset": "2025-05-27T00:49:58.925747+00:00",
      "UpdatedDateTimeOffset": "2025-05-27T00:49:58.925747+00:00",
      "DeletedDateTimeOffset": null,
      "IsDeleted": null,
      "ETag": "97c0c9c4-34a1-48a9-9700-0cc0017d7fe7",
      "PublicMessage": "Public Message #1",
      "PrivateMessage": "Private Message #1",
      "OptionalMessage": null
    }
  }
]
