[
  {
    "HttpStatusCode": "OK",
    "ReadResult": {
      "Item": {
        "Id": "e89a2934-b506-4cc7-bf03-4148b3a10ace",
        "PartitionKey": "0a7bc917-5670-41cf-87b7-7d97d51ecb82",
        "TypeName": "test-item",
        "CreatedDateTimeOffset": "2025-05-27T00:49:54.811822+00:00",
        "UpdatedDateTimeOffset": "2025-05-27T00:49:54.951753+00:00",
        "DeletedDateTimeOffset": null,
        "IsDeleted": null,
        "ETag": "2d3041a9-68d6-4dd3-9af9-c550e43dffbb",
        "PublicMessage": "Public Message #3",
        "PrivateMessage": "Private Message #3",
        "OptionalMessage": null
      }
    }
  },
  {
    "HttpStatusCode": "OK",
    "ReadResult": {
      "Item": {
        "Id": "7058e816-5913-4fc7-92ae-d3bf14c7c9b4",
        "PartitionKey": "0a7bc917-5670-41cf-87b7-7d97d51ecb82",
        "TypeName": "test-item",
        "CreatedDateTimeOffset": "2025-05-27T00:49:54.811837+00:00",
        "UpdatedDateTimeOffset": "2025-05-27T00:49:54.970395+00:00",
        "DeletedDateTimeOffset": null,
        "IsDeleted": null,
        "ETag": "003f1e4c-fafa-493b-a36d-e3de819ff0c5",
        "PublicMessage": "Public Message #4",
        "PrivateMessage": "Private Message #4",
        "OptionalMessage": null
      }
    }
  }
]
