[
  {
    "Item": {
      "Id": "da6a2adf-a4a9-4ad8-85ee-a7ae7004a8c6",
      "PartitionKey": "eac5dd28-ae3e-4945-86de-6d0f0510e3d3",
      "TypeName": "test-item",
      "CreatedDateTimeOffset": "2025-05-23T20:09:06.786373+00:00",
      "UpdatedDateTimeOffset": "2025-05-23T20:09:06.786373+00:00",
      "DeletedDateTimeOffset": null,
      "IsDeleted": null,
      "ETag": "05a725bb-77c2-4aa6-8153-219519764994",
      "PublicMessage": "Public Message #1",
      "PrivateMessage": "Private Message #1"
    }
  },
  {
    "Item": {
      "Id": "4fd6ec78-fd57-43ab-a1d8-424df4911689",
      "PartitionKey": "f7e903d9-9baa-4a2e-a04a-5a2a16ede55d",
      "TypeName": "test-item",
      "CreatedDateTimeOffset": "2025-05-23T20:09:06.854489+00:00",
      "UpdatedDateTimeOffset": "2025-05-23T20:09:06.854489+00:00",
      "DeletedDateTimeOffset": null,
      "IsDeleted": null,
      "ETag": "8a5fd524-7a07-4b11-93b7-2b49e0bc4142",
      "PublicMessage": "Public Message #2",
      "PrivateMessage": "Private Message #2"
    }
  }
]
