[
  {
    "Item": {
      "Id": "8995d942-3af2-4d47-8eff-28ec82952ab0",
      "PartitionKey": "4c3707b9-7471-457c-9123-0a5d7dd7e48f",
      "TypeName": "test-item",
      "CreatedDateTimeOffset": "2025-05-21T05:47:29.328101+00:00",
      "UpdatedDateTimeOffset": "2025-05-21T05:47:29.328101+00:00",
      "DeletedDateTimeOffset": null,
      "IsDeleted": null,
      "ETag": "c42cbd0c-0394-44d6-a485-c42318e25abb",
      "Message": "Message #2"
    }
  },
  {
    "Item": {
      "Id": "7cb3f2f1-8929-47cf-8d6a-a68a4042b840",
      "PartitionKey": "90c907b1-46f9-4454-881b-015b3465689b",
      "TypeName": "test-item",
      "CreatedDateTimeOffset": "2025-05-21T05:47:29.263484+00:00",
      "UpdatedDateTimeOffset": "2025-05-21T05:47:29.263484+00:00",
      "DeletedDateTimeOffset": null,
      "IsDeleted": null,
      "ETag": "29aef9ee-ea39-4f43-9fbd-4f4fae291675",
      "Message": "Message #1"
    }
  }
]
