[
  {
    "Item": {
      "Id": "64fdb48d-2dd4-40e3-ad22-65337182d8f9",
      "PartitionKey": "8a8c35d2-3a7c-4f72-be25-c41d21e202d2",
      "TypeName": "test-item",
      "CreatedDateTimeOffset": "2025-05-21T05:48:36.645175+00:00",
      "UpdatedDateTimeOffset": "2025-05-21T05:48:36.645175+00:00",
      "DeletedDateTimeOffset": null,
      "IsDeleted": null,
      "ETag": "d8ead359-4754-429f-95c6-38d8065ce7c2",
      "Message": "Message #1"
    }
  }
]
