[
  {
    "Item": {
      "Id": "163d8a2f-0cf2-4c30-8cc4-0dda1eaa9193",
      "PartitionKey": "10748f2a-8840-442e-a20c-bd1ea8ab35e4",
      "TypeName": "test-item",
      "CreatedDate": "2025-04-27T08:17:07.320677",
      "UpdatedDate": "2025-04-27T08:17:07.320677",
      "DeletedDate": null,
      "IsDeleted": null,
      "ETag": "6fac9627-5019-4bbe-bbff-d41635cbe10f",
      "Message": "Message #1"
    }
  },
  {
    "Item": {
      "Id": "150d022b-b42f-48c4-83b4-d205e1885de2",
      "PartitionKey": "01f15b68-02b1-483b-905d-02dbafe9e8f6",
      "TypeName": "test-item",
      "CreatedDate": "2025-04-27T08:17:07.387003",
      "UpdatedDate": "2025-04-27T08:17:07.387003",
      "DeletedDate": null,
      "IsDeleted": null,
      "ETag": "734aeb39-f273-45e7-a14b-afa6cb59ec17",
      "Message": "Message #2"
    }
  }
]
