[
  {
    "HttpStatusCode": "OK",
    "ReadResult": {
      "Item": {
        "Id": "267e3d9e-55be-4030-be5a-793bd5f59147",
        "PartitionKey": "355bff90-f0b6-4a50-8b49-ba9882820390",
        "TypeName": "test-item",
        "CreatedDateTimeOffset": "2025-05-23T20:09:00.801535+00:00",
        "UpdatedDateTimeOffset": "2025-05-23T20:09:00.801535+00:00",
        "DeletedDateTimeOffset": null,
        "IsDeleted": null,
        "ETag": "72b4ba59-e17d-4afd-a86b-59d66c1c1d19",
        "PublicMessage": "Public Message #1",
        "PrivateMessage": "Private Message #1"
      }
    }
  },
  {
    "HttpStatusCode": "OK",
    "ReadResult": {
      "Item": {
        "Id": "a18c881a-2268-4651-b4c2-2c5ac992f0f3",
        "PartitionKey": "355bff90-f0b6-4a50-8b49-ba9882820390",
        "TypeName": "test-item",
        "CreatedDateTimeOffset": "2025-05-23T20:09:00.822659+00:00",
        "UpdatedDateTimeOffset": "2025-05-23T20:09:00.822659+00:00",
        "DeletedDateTimeOffset": null,
        "IsDeleted": null,
        "ETag": "1aa66f13-b3ce-4628-9a99-f4b1b6330e86",
        "PublicMessage": "Public Message #2",
        "PrivateMessage": "Private Message #2"
      }
    }
  }
]
