{
  "Item": {
    "Id": "a8cf4bc4-745a-471c-8fb1-5d4e124bbde2",
    "PartitionKey": "2b541bfd-4605-48f9-b1bc-5aba5f64cd24",
    "TypeName": "test-item",
    "CreatedDate": "2025-04-27T08:17:08.488154",
    "UpdatedDate": "2025-04-27T08:17:08.488154",
    "DeletedDate": null,
    "IsDeleted": null,
    "ETag": "4d0ba81e-e75d-4b63-aacc-09c22408c263",
    "Message": "Message #1"
  }
}
