[
  {
    "Item": {
      "Id": "b13fd081-44e3-4bca-b2cd-2a410b67b60f",
      "PartitionKey": "732a3656-90d5-4e30-9b8d-782fde9389d4",
      "TypeName": "test-item",
      "CreatedDateTimeOffset": "2025-05-27T00:50:07.641506+00:00",
      "UpdatedDateTimeOffset": "2025-05-27T00:50:07.641506+00:00",
      "DeletedDateTimeOffset": null,
      "IsDeleted": null,
      "ETag": "9eef8a9b-17ff-4e23-bdf1-8f587587620c",
      "PublicMessage": "Public Message #1",
      "PrivateMessage": "Private Message #1",
      "OptionalMessage": null
    }
  }
]
