[
  {
    "Item": {
      "Id": "e030fc61-f648-4212-882d-aefb77e5f020",
      "PartitionKey": "995985fe-cb8e-4070-9466-d11356d8885c",
      "TypeName": "test-item",
      "CreatedDateTimeOffset": "2025-05-21T05:47:29.832369+00:00",
      "UpdatedDateTimeOffset": "2025-05-21T05:47:29.832369+00:00",
      "DeletedDateTimeOffset": null,
      "IsDeleted": null,
      "ETag": "0c118a8c-af2c-4e1d-9e6b-51bcfc16389e",
      "Message": "Message #1"
    }
  }
]
