[
  {
    "Item": {
      "Id": "38c80779-9efb-4a14-a8ab-326edb23702b",
      "PartitionKey": "fea25c95-db76-46a1-9960-a6ec5ea771c1",
      "TypeName": "test-item",
      "CreatedDateTimeOffset": "2025-05-21T05:48:36.437207+00:00",
      "UpdatedDateTimeOffset": "2025-05-21T05:48:36.437207+00:00",
      "DeletedDateTimeOffset": null,
      "IsDeleted": null,
      "ETag": "fec10ef4-088e-47d4-a528-18c52febe037",
      "Message": "Message #1"
    }
  }
]
