[
  {
    "HttpStatusCode": "OK",
    "ReadResult": {
      "Item": {
        "Id": "6704a3e2-1757-4540-aa07-16f36a567ce6",
        "PartitionKey": "75e5d19c-e809-49ed-a7ba-a89e96217ed3",
        "TypeName": "test-item",
        "CreatedDateTimeOffset": "2025-04-27T07:29:13.311118",
        "UpdatedDateTimeOffset": "2025-04-27T07:29:13.311118",
        "DeletedDateTimeOffset": "2025-04-27T07:29:13.480521",
        "IsDeleted": true,
        "ETag": "342cb010-d1da-4267-9bfe-8b47383c43a6",
        "Message": "Message #1"
      }
    }
  },
  {
    "HttpStatusCode": "OK",
    "ReadResult": {
      "Item": {
        "Id": "41981704-8fc4-4da1-b12a-e913f1dfa0dc",
        "PartitionKey": "75e5d19c-e809-49ed-a7ba-a89e96217ed3",
        "TypeName": "test-item",
        "CreatedDateTimeOffset": "2025-04-27T07:29:13.311153",
        "UpdatedDateTimeOffset": "2025-04-27T07:29:13.311153",
        "DeletedDateTimeOffset": "2025-04-27T07:29:13.498482",
        "IsDeleted": true,
        "ETag": "9ac149e1-e411-46e3-b1bc-fc397288a292",
        "Message": "Message #2"
      }
    }
  }
]
