[
  {
    "Item": {
      "Id": "3fca6d8a-75c1-491a-9178-90343551364a",
      "PartitionKey": "81dc4acd-dcbe-4d5f-a36f-21a35f158b2c",
      "TypeName": "test-item",
      "CreatedDate": "2025-04-27T08:17:06.778971",
      "UpdatedDate": "2025-04-27T08:17:06.778971",
      "DeletedDate": null,
      "IsDeleted": null,
      "ETag": "e78e1c91-542e-48e9-abbb-d52af7a39bb8",
      "Message": "Message #1"
    }
  },
  {
    "Item": {
      "Id": "648de92a-b7e8-41c5-a5d2-bdf0cc65d67c",
      "PartitionKey": "e36f287e-188d-4a74-9db7-dab74282b5dd",
      "TypeName": "test-item",
      "CreatedDate": "2025-04-27T08:17:06.847471",
      "UpdatedDate": "2025-04-27T08:17:06.847471",
      "DeletedDate": null,
      "IsDeleted": null,
      "ETag": "6d1d7e23-bd74-4f1c-bccb-611998f513a7",
      "Message": "Message #2"
    }
  }
]
