[
  {
    "Item": {
      "Id": "a25dc579-23a0-4cd6-8ea9-10b87a8753ce",
      "PartitionKey": "9b68447e-ac39-4e20-b632-dfadb42dc604",
      "TypeName": "test-item",
      "CreatedDateTimeOffset": "2025-05-23T20:09:15.63757+00:00",
      "UpdatedDateTimeOffset": "2025-05-23T20:09:15.63757+00:00",
      "DeletedDateTimeOffset": null,
      "IsDeleted": null,
      "ETag": "62d366d5-94fc-413f-82ad-10c61be283af",
      "PublicMessage": "Public Message #2",
      "PrivateMessage": "Private Message #2"
    }
  }
]
