[
  {
    "Item": {
      "Id": "fb6bd37b-76cd-4714-ab56-390106be67bd",
      "PartitionKey": "dc18a759-975a-4d49-a1ce-5edeb5a2b918",
      "TypeName": "test-item",
      "CreatedDateTimeOffset": "2025-05-27T01:13:37.887651+00:00",
      "UpdatedDateTimeOffset": "2025-05-27T01:13:37.887651+00:00",
      "DeletedDateTimeOffset": null,
      "IsDeleted": null,
      "ETag": "5D131E92-859F-426C-AC10-DDADCC74DAAF",
      "PublicMessage": "Public Message #2",
      "PrivateMessage": "Private Message #2",
      "OptionalMessage": null
    }
  }
]
