{
  "saved": [
    {
      "HttpStatusCode": "FailedDependency",
      "ReadResult": null
    },
    {
      "HttpStatusCode": "PreconditionFailed",
      "ReadResult": null
    }
  ],
  "read": [
    {
      "Item": {
        "Id": "0ffc3bd2-b33f-4902-a4bf-b804d8aa01e9",
        "PartitionKey": "c25361d6-3d14-452d-a99d-22ef7c85d70e",
        "TypeName": "test-item",
        "CreatedDateTimeOffset": "2025-05-23T19:28:44.054251+00:00",
        "UpdatedDateTimeOffset": "2025-05-23T19:28:44.054251+00:00",
        "DeletedDateTimeOffset": null,
        "IsDeleted": null,
        "ETag": "F51F2EF2-0CF5-472D-AD2B-12E9FF013403",
        "PublicMessage": "Public Message #1",
        "PrivateMessage": "Private Message #1"
      }
    }
  ]
}
