[
  {
    "Item": {
      "Id": "3fca6d8a-75c1-491a-9178-90343551364a",
      "PartitionKey": "81dc4acd-dcbe-4d5f-a36f-21a35f158b2c",
      "TypeName": "test-item",
      "CreatedDate": "2025-01-19T22:30:30.426727Z",
      "UpdatedDate": "2025-01-19T22:30:30.426727Z",
      "DeletedDate": null,
      "IsDeleted": null,
      "ETag": "BCBEF052-25B3-4880-B36B-FBE4B369C4B0",
      "Message": "Message #1"
    }
  },
  {
    "Item": {
      "Id": "648de92a-b7e8-41c5-a5d2-bdf0cc65d67c",
      "PartitionKey": "e36f287e-188d-4a74-9db7-dab74282b5dd",
      "TypeName": "test-item",
      "CreatedDate": "2025-01-19T22:30:30.93245Z",
      "UpdatedDate": "2025-01-19T22:30:30.93245Z",
      "DeletedDate": null,
      "IsDeleted": null,
      "ETag": "95188E7A-8C11-4446-8CEB-023502B94714",
      "Message": "Message #2"
    }
  }
]
