[
  {
    "Item": {
      "Id": "c5f00e38-de2c-45a4-965d-ac54811b7a8b",
      "PartitionKey": "41880438-40fa-4955-9bad-dce3b43e001a",
      "TypeName": "test-item",
      "CreatedDateTimeOffset": "2025-05-27T01:14:27.850853+00:00",
      "UpdatedDateTimeOffset": "2025-05-27T01:14:27.850853+00:00",
      "DeletedDateTimeOffset": null,
      "IsDeleted": null,
      "ETag": "50E0C6B6-0AFF-4D8F-BD1A-15C83CF2BAFF",
      "PublicMessage": "Public Message #1",
      "PrivateMessage": "Private Message #1",
      "OptionalMessage": null
    }
  }
]
