[
  {
    "Item": {
      "Id": "6a25058d-1fd8-41e5-b3bb-33356089c17b",
      "PartitionKey": "8ee7c6e7-a67c-41dd-86f2-dd7ec3efbbcc",
      "TypeName": "test-item",
      "CreatedDateTimeOffset": "2025-05-21T05:25:16.879895+00:00",
      "UpdatedDateTimeOffset": "2025-05-21T05:25:16.879895+00:00",
      "DeletedDateTimeOffset": null,
      "IsDeleted": null,
      "ETag": "57A205E3-920E-4224-AB30-988A297877D8",
      "Message": "Message #1"
    }
  },
  {
    "Item": {
      "Id": "736e5f51-d0ae-47a1-bda0-633a1cba7bae",
      "PartitionKey": "c1186b64-006c-47cb-a766-7368c34e134c",
      "TypeName": "test-item",
      "CreatedDateTimeOffset": "2025-05-21T05:25:17.426402+00:00",
      "UpdatedDateTimeOffset": "2025-05-21T05:25:17.426402+00:00",
      "DeletedDateTimeOffset": null,
      "IsDeleted": null,
      "ETag": "BEEE2358-ACD3-4512-8978-2E74919B944A",
      "Message": "Message #2"
    }
  }
]
