[
  {
    "Item": {
      "Id": "28152e9d-be1a-49d0-8022-2cd898a21cd2",
      "PartitionKey": "6eec9e5e-09d9-4a14-b0b3-27564b385a01",
      "TypeName": "test-item",
      "CreatedDateTimeOffset": "2025-05-23T19:28:18.164437+00:00",
      "UpdatedDateTimeOffset": "2025-05-23T19:28:18.164437+00:00",
      "DeletedDateTimeOffset": null,
      "IsDeleted": null,
      "ETag": "71B7407A-FFB9-4FB9-AA10-64986E404AB8",
      "PublicMessage": "Public Message #1",
      "PrivateMessage": "Private Message #1"
    }
  },
  {
    "Item": {
      "Id": "8ec5b544-81d5-4435-a722-0319b9d2face",
      "PartitionKey": "45bb7cad-bf75-4041-97c3-de15ad0647c8",
      "TypeName": "test-item",
      "CreatedDateTimeOffset": "2025-05-23T19:28:18.692953+00:00",
      "UpdatedDateTimeOffset": "2025-05-23T19:28:18.692953+00:00",
      "DeletedDateTimeOffset": null,
      "IsDeleted": null,
      "ETag": "D9FFDB2B-9017-454F-A2A0-19F8F751BB22",
      "PublicMessage": "Public Message #2",
      "PrivateMessage": "Private Message #2"
    }
  }
]
