[
  {
    "Item": {
      "Id": "be0e40c5-fbfd-4541-aa87-ddac6adf6029",
      "PartitionKey": "4efd61ce-8fc6-441e-ac8f-5d52fba9c299",
      "TypeName": "test-item",
      "CreatedDateTimeOffset": "2025-05-21T05:27:19.133004+00:00",
      "UpdatedDateTimeOffset": "2025-05-21T05:27:19.133004+00:00",
      "DeletedDateTimeOffset": null,
      "IsDeleted": null,
      "ETag": "47885DA8-E626-445B-9768-CD1F7B27FC8E",
      "Message": "Message #1"
    }
  }
]
