[
  {
    "Item": {
      "Id": "41725ec3-631d-42e3-ae1a-2ed40e4a2c1a",
      "PartitionKey": "78b5b583-2b7b-41e0-8bd2-0ce58c42cd83",
      "TypeName": "test-item",
      "CreatedDateTimeOffset": "2025-05-27T01:14:24.305145+00:00",
      "UpdatedDateTimeOffset": "2025-05-27T01:14:24.305145+00:00",
      "DeletedDateTimeOffset": null,
      "IsDeleted": null,
      "ETag": "E64D1AD7-8D8B-4182-B94F-640E9733A7CE",
      "PublicMessage": "Public Message #2",
      "PrivateMessage": "Private Message #2",
      "OptionalMessage": null
    }
  },
  {
    "Item": {
      "Id": "2a1a7539-d40d-4569-8ebe-9af9bb7a0209",
      "PartitionKey": "0ff4b70d-29c0-491c-9279-08e40ef35cdc",
      "TypeName": "test-item",
      "CreatedDateTimeOffset": "2025-05-27T01:14:23.793363+00:00",
      "UpdatedDateTimeOffset": "2025-05-27T01:14:23.793363+00:00",
      "DeletedDateTimeOffset": null,
      "IsDeleted": null,
      "ETag": "BAF3DAF8-CA5C-4516-84A0-0C20C03C14FE",
      "PublicMessage": "Public Message #1",
      "PrivateMessage": "Private Message #1",
      "OptionalMessage": null
    }
  }
]
