[
  {
    "Item": {
      "Id": "3523d8bd-a9aa-4d0f-8222-bac0592f471b",
      "PartitionKey": "59ddc679-84cb-4e1a-a41a-c6ac3af403c1",
      "TypeName": "test-item",
      "CreatedDateTimeOffset": "2025-05-21T05:27:17.923012+00:00",
      "UpdatedDateTimeOffset": "2025-05-21T05:27:17.923012+00:00",
      "DeletedDateTimeOffset": null,
      "IsDeleted": null,
      "ETag": "748C9F9A-B62A-4523-B5A3-34FEE1EB3212",
      "Message": "Message #2"
    }
  }
]
