[
  {
    "Item": {
      "Id": "667bb4cb-31f1-4509-ad73-b06fc70c1844",
      "PartitionKey": "19ad9dd6-b03d-4e78-97b4-0f24ac2a3ed7",
      "TypeName": "test-item",
      "CreatedDateTimeOffset": "2025-05-21T05:25:23.96266+00:00",
      "UpdatedDateTimeOffset": "2025-05-21T05:25:23.96266+00:00",
      "DeletedDateTimeOffset": null,
      "IsDeleted": null,
      "ETag": "FD881336-FF9E-4D53-A796-1A79DCB029A8",
      "Message": "Message #1"
    }
  }
]
