{
  "Item": {
    "Id": "f8829dac-56f6-4448-829a-fac886aefb1b",
    "PartitionKey": "fbc8502a-38ee-4edb-8a2d-485888af5bd3",
    "TypeName": "test-item",
    "CreatedDateTimeOffset": "2025-05-27T01:14:15.393624+00:00",
    "UpdatedDateTimeOffset": "2025-05-27T01:14:15.393624+00:00",
    "DeletedDateTimeOffset": "2025-05-27T01:14:16.238641+00:00",
    "IsDeleted": true,
    "ETag": "34436A32-1B9F-455E-B82C-E0F619D09208",
    "PublicMessage": "Public Message #1",
    "PrivateMessage": "Private Message #1",
    "OptionalMessage": null
  }
}
