[
  {
    "Item": {
      "Id": "07e54013-3198-4a85-9153-024b4091492a",
      "PartitionKey": "0190cb2e-8fe0-482c-9d9b-bc222bd06603",
      "TypeName": "test-item",
      "CreatedDateTimeOffset": "2025-05-23T19:29:08.96532+00:00",
      "UpdatedDateTimeOffset": "2025-05-23T19:29:08.96532+00:00",
      "DeletedDateTimeOffset": null,
      "IsDeleted": null,
      "ETag": "48AEC1E0-0C75-4A55-8BF4-639C6A55BBA6",
      "PublicMessage": "Public Message #2",
      "PrivateMessage": "Private Message #2"
    }
  },
  {
    "Item": {
      "Id": "cc8c39ae-4d56-4600-88f2-ce35a73ee2d9",
      "PartitionKey": "0ea2e737-5a5e-45ea-8fce-287803337bab",
      "TypeName": "test-item",
      "CreatedDateTimeOffset": "2025-05-23T19:29:08.428657+00:00",
      "UpdatedDateTimeOffset": "2025-05-23T19:29:08.428657+00:00",
      "DeletedDateTimeOffset": null,
      "IsDeleted": null,
      "ETag": "17446E80-542B-4AF9-8E9B-EFFACA97712A",
      "PublicMessage": "Public Message #1",
      "PrivateMessage": "Private Message #1"
    }
  }
]
