[
  {
    "Item": {
      "Id": "e1be3769-3133-423f-9185-c90a5cb79bba",
      "PartitionKey": "1baafdc8-c7ed-4939-a194-50dc3d1f7400",
      "TypeName": "test-item",
      "CreatedDateTimeOffset": "2025-05-21T05:27:16.213947+00:00",
      "UpdatedDateTimeOffset": "2025-05-21T05:27:16.213947+00:00",
      "DeletedDateTimeOffset": null,
      "IsDeleted": null,
      "ETag": "154DFFB4-502F-4DF4-A0B8-A9B5BB879DBA",
      "Message": "Message #2"
    }
  },
  {
    "Item": {
      "Id": "8cf55bdc-8e33-4cfe-9b42-bc91c0f6c267",
      "PartitionKey": "3916981c-43b1-480b-abcd-e88b87ea5458",
      "TypeName": "test-item",
      "CreatedDateTimeOffset": "2025-05-21T05:27:15.697228+00:00",
      "UpdatedDateTimeOffset": "2025-05-21T05:27:15.697228+00:00",
      "DeletedDateTimeOffset": null,
      "IsDeleted": null,
      "ETag": "D367E8B5-F506-4AE4-99FA-CA3882D4B04C",
      "Message": "Message #1"
    }
  }
]
