[
  {
    "HttpStatusCode": "OK",
    "ReadResult": {
      "Item": {
        "Id": "e89a2934-b506-4cc7-bf03-4148b3a10ace",
        "PartitionKey": "0a7bc917-5670-41cf-87b7-7d97d51ecb82",
        "TypeName": "test-item",
        "CreatedDateTimeOffset": "2025-05-27T01:13:13.853845+00:00",
        "UpdatedDateTimeOffset": "2025-05-27T01:13:14.868559+00:00",
        "DeletedDateTimeOffset": null,
        "IsDeleted": null,
        "ETag": "A0D77780-FE30-4078-A369-75CC7653DC00",
        "PublicMessage": "Public Message #3",
        "PrivateMessage": "Private Message #3",
        "OptionalMessage": null
      }
    }
  },
  {
    "HttpStatusCode": "OK",
    "ReadResult": {
      "Item": {
        "Id": "7058e816-5913-4fc7-92ae-d3bf14c7c9b4",
        "PartitionKey": "0a7bc917-5670-41cf-87b7-7d97d51ecb82",
        "TypeName": "test-item",
        "CreatedDateTimeOffset": "2025-05-27T01:13:13.853907+00:00",
        "UpdatedDateTimeOffset": "2025-05-27T01:13:15.186873+00:00",
        "DeletedDateTimeOffset": null,
        "IsDeleted": null,
        "ETag": "346504A0-137F-448B-B5A1-6C3B5D8D14FD",
        "PublicMessage": "Public Message #4",
        "PrivateMessage": "Private Message #4",
        "OptionalMessage": null
      }
    }
  }
]
