[
  {
    "SaveAction": "CREATED",
    "RelatedId": "f5dcdad3-7b94-451d-a469-78dafb1c50f2",
    "RelatedTypeName": "encrypt-test-item",
    "Changes": [
      {
        "PropertyName": "publicId",
        "OldValue": {
          "ValueKind": "Number"
        },
        "NewValue": {
          "ValueKind": "Number"
        }
      },
      {
        "PropertyName": "publicMessage",
        "OldValue": null,
        "NewValue": {
          "ValueKind": "String"
        }
      }
    ],
    "TraceContext": "00-5e43336dcd91534c5a785b5008c548c1-5e3e7fa2f745812d-01",
    "TraceId": "5e43336dcd91534c5a785b5008c548c1",
    "SpanId": "5e3e7fa2f745812d",
    "Id": "2a0858a7-94d1-43fd-a6f7-fe83abe7244e",
    "PartitionKey": "1e268e93-6ab7-453e-b9fc-d7592ed34b5e",
    "TypeName": "event",
    "CreatedDateTimeOffset": "2025-05-21T22:45:31.755389+00:00",
    "UpdatedDateTimeOffset": "2025-05-21T22:45:31.755389+00:00",
    "DeletedDateTimeOffset": null,
    "IsDeleted": null,
    "ETag": "f96fb085-11fb-4e6a-88b9-668cef0520d9"
  }
]
