[
  {
    "SaveAction": "CREATED",
    "RelatedId": "bc4971e4-6dae-45ba-b3ee-43c036e0d957",
    "RelatedTypeName": "test-item",
    "Changes": [
      {
        "PropertyName": "publicId",
        "OldValue": {
          "ValueKind": "Number"
        },
        "NewValue": {
          "ValueKind": "Number"
        }
      },
      {
        "PropertyName": "publicMessage",
        "OldValue": null,
        "NewValue": {
          "ValueKind": "String"
        }
      }
    ],
    "TraceContext": "00-3cb78059e0dbd557610dc0a41c890225-b244193c9eb0139e-01",
    "TraceId": "3cb78059e0dbd557610dc0a41c890225",
    "SpanId": "b244193c9eb0139e",
    "Id": "fd01e561-8edf-49fa-87e3-fc90857dad3a",
    "PartitionKey": "60525a8e-b084-4a37-b461-d08330760ef2",
    "TypeName": "event",
    "CreatedDateTimeOffset": "2025-05-21T04:56:31.964037+00:00",
    "UpdatedDateTimeOffset": "2025-05-21T04:56:31.964037+00:00",
    "DeletedDateTimeOffset": null,
    "IsDeleted": null,
    "ETag": "8c39ab87-b355-4ff7-bb96-b550ebd551fb"
  },
  {
    "SaveAction": "DELETED",
    "RelatedId": "bc4971e4-6dae-45ba-b3ee-43c036e0d957",
    "RelatedTypeName": "test-item",
    "Changes": null,
    "TraceContext": "00-3cb78059e0dbd557610dc0a41c890225-b244193c9eb0139e-01",
    "TraceId": "3cb78059e0dbd557610dc0a41c890225",
    "SpanId": "b244193c9eb0139e",
    "Id": "ae8e2eb6-5d5c-4e1c-9850-497c3486a58b",
    "PartitionKey": "60525a8e-b084-4a37-b461-d08330760ef2",
    "TypeName": "event",
    "CreatedDateTimeOffset": "2025-05-21T04:56:31.964192+00:00",
    "UpdatedDateTimeOffset": "2025-05-21T04:56:31.964192+00:00",
    "DeletedDateTimeOffset": null,
    "IsDeleted": null,
    "ETag": "b1cd6772-aeba-4ae2-8756-b1754f47e069"
  }
]
