[
  {
    "SaveAction": "CREATED",
    "RelatedId": "bc4971e4-6dae-45ba-b3ee-43c036e0d957",
    "RelatedTypeName": "test-item",
    "Changes": [
      {
        "PropertyName": "/encryptedMessage",
        "OldValue": null,
        "NewValue": {
          "ValueKind": "String"
        }
      },
      {
        "PropertyName": "/publicId",
        "OldValue": {
          "ValueKind": "Number"
        },
        "NewValue": {
          "ValueKind": "Number"
        }
      },
      {
        "PropertyName": "/publicMessage",
        "OldValue": null,
        "NewValue": {
          "ValueKind": "String"
        }
      }
    ],
    "TraceContext": "00-5239dab4f2168d95b8c7fcd40dad9127-3d45b0bd004ed77f-01",
    "TraceId": "5239dab4f2168d95b8c7fcd40dad9127",
    "SpanId": "3d45b0bd004ed77f",
    "Id": "EVENT^bc4971e4-6dae-45ba-b3ee-43c036e0d957^00000001",
    "PartitionKey": "60525a8e-b084-4a37-b461-d08330760ef2",
    "TypeName": "event",
    "Version": 1,
    "CreatedDateTimeOffset": "2025-08-16T22:33:03.387545+00:00",
    "UpdatedDateTimeOffset": "2025-08-16T22:33:03.387545+00:00",
    "DeletedDateTimeOffset": null,
    "IsDeleted": null,
    "ETag": "2f035022-689f-4c4d-8588-ce8b38d9849f"
  },
  {
    "SaveAction": "DELETED",
    "RelatedId": "bc4971e4-6dae-45ba-b3ee-43c036e0d957",
    "RelatedTypeName": "test-item",
    "Changes": null,
    "TraceContext": "00-5239dab4f2168d95b8c7fcd40dad9127-3d45b0bd004ed77f-01",
    "TraceId": "5239dab4f2168d95b8c7fcd40dad9127",
    "SpanId": "3d45b0bd004ed77f",
    "Id": "EVENT^bc4971e4-6dae-45ba-b3ee-43c036e0d957^00000002",
    "PartitionKey": "60525a8e-b084-4a37-b461-d08330760ef2",
    "TypeName": "event",
    "Version": 2,
    "CreatedDateTimeOffset": "2025-08-16T22:33:03.424087+00:00",
    "UpdatedDateTimeOffset": "2025-08-16T22:33:03.424087+00:00",
    "DeletedDateTimeOffset": null,
    "IsDeleted": null,
    "ETag": "fe0172d6-ac17-41e1-94f2-90ad70e2b3a3"
  }
]
