[
  {
    "SaveAction": "CREATED",
    "RelatedId": "404d6b21-f7ba-48c4-813c-7d3b5bf4f549",
    "RelatedTypeName": "test-item",
    "Changes": [
      {
        "PropertyName": "/encryptedMessage",
        "OldValue": null,
        "NewValue": {
          "ValueKind": "String"
        }
      },
      {
        "PropertyName": "/publicId",
        "OldValue": {
          "ValueKind": "Number"
        },
        "NewValue": {
          "ValueKind": "Number"
        }
      },
      {
        "PropertyName": "/publicMessage",
        "OldValue": null,
        "NewValue": {
          "ValueKind": "String"
        }
      }
    ],
    "TraceContext": "00-5de5a8edcacc09277ceffb36cab3ea48-e0b5077b13b8402b-01",
    "TraceId": "5de5a8edcacc09277ceffb36cab3ea48",
    "SpanId": "e0b5077b13b8402b",
    "Id": "EVENT^404d6b21-f7ba-48c4-813c-7d3b5bf4f549^00000001",
    "PartitionKey": "d9a7a840-ce5c-43c9-9839-a8432068b197",
    "TypeName": "event",
    "Version": 1,
    "CreatedDateTimeOffset": "2025-11-29T02:26:14.628765+00:00",
    "UpdatedDateTimeOffset": "2025-11-29T02:26:14.628765+00:00",
    "DeletedDateTimeOffset": null,
    "IsDeleted": null,
    "ETag": "9236ffd5-2a1b-405f-ba9f-519671083fb7"
  },
  {
    "SaveAction": "UPDATED",
    "RelatedId": "404d6b21-f7ba-48c4-813c-7d3b5bf4f549",
    "RelatedTypeName": "test-item",
    "Changes": [
      {
        "PropertyName": "/encryptedMessage",
        "OldValue": {
          "ValueKind": "String"
        },
        "NewValue": {
          "ValueKind": "String"
        }
      },
      {
        "PropertyName": "/publicId",
        "OldValue": {
          "ValueKind": "Number"
        },
        "NewValue": {
          "ValueKind": "Number"
        }
      },
      {
        "PropertyName": "/publicMessage",
        "OldValue": {
          "ValueKind": "String"
        },
        "NewValue": {
          "ValueKind": "String"
        }
      }
    ],
    "TraceContext": "00-5de5a8edcacc09277ceffb36cab3ea48-e0b5077b13b8402b-01",
    "TraceId": "5de5a8edcacc09277ceffb36cab3ea48",
    "SpanId": "e0b5077b13b8402b",
    "Id": "EVENT^404d6b21-f7ba-48c4-813c-7d3b5bf4f549^00000002",
    "PartitionKey": "d9a7a840-ce5c-43c9-9839-a8432068b197",
    "TypeName": "event",
    "Version": 2,
    "CreatedDateTimeOffset": "2025-11-29T02:26:14.629552+00:00",
    "UpdatedDateTimeOffset": "2025-11-29T02:26:14.629552+00:00",
    "DeletedDateTimeOffset": null,
    "IsDeleted": null,
    "ETag": "c4a5aa1f-b8cc-469a-9d43-b50fb8839ec5"
  }
]
