[
  {
    "SaveAction": "CREATED",
    "RelatedId": "404d6b21-f7ba-48c4-813c-7d3b5bf4f549",
    "RelatedTypeName": "test-item",
    "Changes": [
      {
        "PropertyName": "/encryptedMessage",
        "OldValue": null,
        "NewValue": {
          "ValueKind": "String"
        }
      },
      {
        "PropertyName": "/publicId",
        "OldValue": {
          "ValueKind": "Number"
        },
        "NewValue": {
          "ValueKind": "Number"
        }
      },
      {
        "PropertyName": "/publicMessage",
        "OldValue": null,
        "NewValue": {
          "ValueKind": "String"
        }
      }
    ],
    "TraceContext": "00-5ebb57f3e574dc901567ca4bf690db6b-a9c0214c46fb581a-01",
    "TraceId": "5ebb57f3e574dc901567ca4bf690db6b",
    "SpanId": "a9c0214c46fb581a",
    "Id": "EVENT^404d6b21-f7ba-48c4-813c-7d3b5bf4f549^00000001",
    "PartitionKey": "d9a7a840-ce5c-43c9-9839-a8432068b197",
    "TypeName": "event",
    "Version": 1,
    "CreatedDateTimeOffset": "2025-11-28T20:26:39.398808+00:00",
    "UpdatedDateTimeOffset": "2025-11-28T20:26:39.398808+00:00",
    "DeletedDateTimeOffset": null,
    "IsDeleted": null,
    "ETag": "f3836097-b916-4847-b130-1a2ba7fcdf82"
  },
  {
    "SaveAction": "UPDATED",
    "RelatedId": "404d6b21-f7ba-48c4-813c-7d3b5bf4f549",
    "RelatedTypeName": "test-item",
    "Changes": [
      {
        "PropertyName": "/encryptedMessage",
        "OldValue": {
          "ValueKind": "String"
        },
        "NewValue": {
          "ValueKind": "String"
        }
      },
      {
        "PropertyName": "/publicId",
        "OldValue": {
          "ValueKind": "Number"
        },
        "NewValue": {
          "ValueKind": "Number"
        }
      },
      {
        "PropertyName": "/publicMessage",
        "OldValue": {
          "ValueKind": "String"
        },
        "NewValue": {
          "ValueKind": "String"
        }
      }
    ],
    "TraceContext": "00-5ebb57f3e574dc901567ca4bf690db6b-a9c0214c46fb581a-01",
    "TraceId": "5ebb57f3e574dc901567ca4bf690db6b",
    "SpanId": "a9c0214c46fb581a",
    "Id": "EVENT^404d6b21-f7ba-48c4-813c-7d3b5bf4f549^00000002",
    "PartitionKey": "d9a7a840-ce5c-43c9-9839-a8432068b197",
    "TypeName": "event",
    "Version": 2,
    "CreatedDateTimeOffset": "2025-11-28T20:26:39.399239+00:00",
    "UpdatedDateTimeOffset": "2025-11-28T20:26:39.399239+00:00",
    "DeletedDateTimeOffset": null,
    "IsDeleted": null,
    "ETag": "5ec8efdd-c9b0-48bf-b957-1a31b71292c2"
  }
]
