[
  {
    "SaveAction": "CREATED",
    "RelatedId": "ecbaf2ca-7013-4941-9cd9-7f8c9c23df46",
    "RelatedTypeName": "encrypt-test-item",
    "Changes": [
      {
        "PropertyName": "publicId",
        "OldValue": {
          "ValueKind": "Number"
        },
        "NewValue": {
          "ValueKind": "Number"
        }
      },
      {
        "PropertyName": "publicMessage",
        "OldValue": null,
        "NewValue": {
          "ValueKind": "String"
        }
      }
    ],
    "TraceContext": "00-87a3f8e8d5235733adab5db1ce6afd57-27dad4ecd051d41d-01",
    "TraceId": "87a3f8e8d5235733adab5db1ce6afd57",
    "SpanId": "27dad4ecd051d41d",
    "Id": "4e3ce17e-7725-4c7a-93a2-1630ea419297",
    "PartitionKey": "d009afc9-35dd-4279-a6d8-319fe7aa0b56",
    "TypeName": "event",
    "CreatedDateTimeOffset": "2025-05-21T22:50:02.383456+00:00",
    "UpdatedDateTimeOffset": "2025-05-21T22:50:02.383456+00:00",
    "DeletedDateTimeOffset": null,
    "IsDeleted": null,
    "ETag": "d5547429-212f-4336-abc7-8f12e917c24b"
  },
  {
    "SaveAction": "UPDATED",
    "RelatedId": "ecbaf2ca-7013-4941-9cd9-7f8c9c23df46",
    "RelatedTypeName": "encrypt-test-item",
    "Changes": [
      {
        "PropertyName": "publicId",
        "OldValue": {
          "ValueKind": "Number"
        },
        "NewValue": {
          "ValueKind": "Number"
        }
      },
      {
        "PropertyName": "publicMessage",
        "OldValue": {
          "ValueKind": "String"
        },
        "NewValue": {
          "ValueKind": "String"
        }
      }
    ],
    "TraceContext": "00-87a3f8e8d5235733adab5db1ce6afd57-27dad4ecd051d41d-01",
    "TraceId": "87a3f8e8d5235733adab5db1ce6afd57",
    "SpanId": "27dad4ecd051d41d",
    "Id": "7546a296-17f1-414c-b3fd-2e1bf454c1f4",
    "PartitionKey": "d009afc9-35dd-4279-a6d8-319fe7aa0b56",
    "TypeName": "event",
    "CreatedDateTimeOffset": "2025-05-21T22:50:02.419761+00:00",
    "UpdatedDateTimeOffset": "2025-05-21T22:50:02.419761+00:00",
    "DeletedDateTimeOffset": null,
    "IsDeleted": null,
    "ETag": "795a73eb-0999-4c58-bac8-60953e30bfab"
  }
]
