[
  {
    "SaveAction": "CREATED",
    "RelatedId": "404d6b21-f7ba-48c4-813c-7d3b5bf4f549",
    "RelatedTypeName": "test-item",
    "Changes": [
      {
        "PropertyName": "/encryptedMessage",
        "OldValue": null,
        "NewValue": {
          "ValueKind": "String"
        }
      },
      {
        "PropertyName": "/publicId",
        "OldValue": {
          "ValueKind": "Number"
        },
        "NewValue": {
          "ValueKind": "Number"
        }
      },
      {
        "PropertyName": "/publicMessage",
        "OldValue": null,
        "NewValue": {
          "ValueKind": "String"
        }
      }
    ],
    "TraceContext": "00-cd5ed076a41f4fa6513a0176e12cdf3d-899465430e050437-01",
    "TraceId": "cd5ed076a41f4fa6513a0176e12cdf3d",
    "SpanId": "899465430e050437",
    "Id": "EVENT^404d6b21-f7ba-48c4-813c-7d3b5bf4f549^00000001",
    "PartitionKey": "d9a7a840-ce5c-43c9-9839-a8432068b197",
    "TypeName": "event",
    "Version": 1,
    "CreatedDateTimeOffset": "2025-11-29T02:26:14.618203+00:00",
    "UpdatedDateTimeOffset": "2025-11-29T02:26:14.618203+00:00",
    "DeletedDateTimeOffset": null,
    "IsDeleted": null,
    "ETag": "833c1d51-d518-4919-86ab-14a14aaa1caf"
  },
  {
    "SaveAction": "UPDATED",
    "RelatedId": "404d6b21-f7ba-48c4-813c-7d3b5bf4f549",
    "RelatedTypeName": "test-item",
    "Changes": [
      {
        "PropertyName": "/encryptedMessage",
        "OldValue": {
          "ValueKind": "String"
        },
        "NewValue": {
          "ValueKind": "String"
        }
      },
      {
        "PropertyName": "/publicId",
        "OldValue": {
          "ValueKind": "Number"
        },
        "NewValue": {
          "ValueKind": "Number"
        }
      },
      {
        "PropertyName": "/publicMessage",
        "OldValue": {
          "ValueKind": "String"
        },
        "NewValue": {
          "ValueKind": "String"
        }
      }
    ],
    "TraceContext": "00-cd5ed076a41f4fa6513a0176e12cdf3d-899465430e050437-01",
    "TraceId": "cd5ed076a41f4fa6513a0176e12cdf3d",
    "SpanId": "899465430e050437",
    "Id": "EVENT^404d6b21-f7ba-48c4-813c-7d3b5bf4f549^00000002",
    "PartitionKey": "d9a7a840-ce5c-43c9-9839-a8432068b197",
    "TypeName": "event",
    "Version": 2,
    "CreatedDateTimeOffset": "2025-11-29T02:26:14.61864+00:00",
    "UpdatedDateTimeOffset": "2025-11-29T02:26:14.61864+00:00",
    "DeletedDateTimeOffset": null,
    "IsDeleted": null,
    "ETag": "b4988b9c-83d1-4447-9997-442c79d003d1"
  }
]
