[
  {
    "SaveAction": "CREATED",
    "RelatedId": "404d6b21-f7ba-48c4-813c-7d3b5bf4f549",
    "RelatedTypeName": "test-item",
    "Changes": [
      {
        "PropertyName": "/encryptedMessage",
        "OldValue": null,
        "NewValue": {
          "ValueKind": "String"
        }
      },
      {
        "PropertyName": "/publicId",
        "OldValue": {
          "ValueKind": "Number"
        },
        "NewValue": {
          "ValueKind": "Number"
        }
      },
      {
        "PropertyName": "/publicMessage",
        "OldValue": null,
        "NewValue": {
          "ValueKind": "String"
        }
      }
    ],
    "TraceContext": "00-b1950e7530c6d02b472929399ee63bb3-094e8064bc49cf4b-01",
    "TraceId": "b1950e7530c6d02b472929399ee63bb3",
    "SpanId": "094e8064bc49cf4b",
    "Id": "EVENT^404d6b21-f7ba-48c4-813c-7d3b5bf4f549^00000001",
    "PartitionKey": "d9a7a840-ce5c-43c9-9839-a8432068b197",
    "TypeName": "event",
    "Version": 1,
    "CreatedDateTimeOffset": "2025-11-29T03:33:49.513096+00:00",
    "UpdatedDateTimeOffset": "2025-11-29T03:33:49.513096+00:00",
    "DeletedDateTimeOffset": null,
    "IsDeleted": null,
    "ETag": "7bf5b27e-685d-4a63-8c52-617ed5e4b85f"
  },
  {
    "SaveAction": "UPDATED",
    "RelatedId": "404d6b21-f7ba-48c4-813c-7d3b5bf4f549",
    "RelatedTypeName": "test-item",
    "Changes": [
      {
        "PropertyName": "/encryptedMessage",
        "OldValue": {
          "ValueKind": "String"
        },
        "NewValue": {
          "ValueKind": "String"
        }
      },
      {
        "PropertyName": "/publicId",
        "OldValue": {
          "ValueKind": "Number"
        },
        "NewValue": {
          "ValueKind": "Number"
        }
      },
      {
        "PropertyName": "/publicMessage",
        "OldValue": {
          "ValueKind": "String"
        },
        "NewValue": {
          "ValueKind": "String"
        }
      }
    ],
    "TraceContext": "00-b1950e7530c6d02b472929399ee63bb3-094e8064bc49cf4b-01",
    "TraceId": "b1950e7530c6d02b472929399ee63bb3",
    "SpanId": "094e8064bc49cf4b",
    "Id": "EVENT^404d6b21-f7ba-48c4-813c-7d3b5bf4f549^00000002",
    "PartitionKey": "d9a7a840-ce5c-43c9-9839-a8432068b197",
    "TypeName": "event",
    "Version": 2,
    "CreatedDateTimeOffset": "2025-11-29T03:33:49.513512+00:00",
    "UpdatedDateTimeOffset": "2025-11-29T03:33:49.513512+00:00",
    "DeletedDateTimeOffset": null,
    "IsDeleted": null,
    "ETag": "15663bea-6797-4bf9-a878-e79880379b7c"
  }
]
