[
  {
    "HttpStatusCode": "OK",
    "ReadResult": {
      "Item": {
        "PublicMessage": "Public #3",
        "PrivateMessage": "Private #3",
        "Id": "d5440e8e-b713-4190-81df-b28da8b1f939",
        "PartitionKey": "64ead56c-6948-4efa-81e2-ec1a8cf89e24",
        "TypeName": "test-item",
        "Version": 2,
        "CreatedDateTimeOffset": "2025-11-28T20:26:38.852397+00:00",
        "UpdatedDateTimeOffset": "2025-11-28T20:26:38.853224+00:00",
        "DeletedDateTimeOffset": null,
        "IsDeleted": null,
        "ETag": "98e922e9-35e9-419e-b1f4-725b68eec99c"
      }
    }
  },
  {
    "HttpStatusCode": "OK",
    "ReadResult": {
      "Item": {
        "PublicMessage": "Public #4",
        "PrivateMessage": "Private #4",
        "Id": "a6d62646-6287-4e32-961b-bea0d79ecfb8",
        "PartitionKey": "64ead56c-6948-4efa-81e2-ec1a8cf89e24",
        "TypeName": "test-item",
        "Version": 2,
        "CreatedDateTimeOffset": "2025-11-28T20:26:38.852562+00:00",
        "UpdatedDateTimeOffset": "2025-11-28T20:26:38.853245+00:00",
        "DeletedDateTimeOffset": null,
        "IsDeleted": null,
        "ETag": "fbdf529b-c824-4976-8b10-3c2d580d292f"
      }
    }
  }
]
