[
  {
    "HttpStatusCode": "OK",
    "ReadResult": {
      "Item": {
        "PublicMessage": "Public #1",
        "PrivateMessage": "Private #1",
        "Id": "086939be-a065-4bd9-a618-0bd6da671851",
        "PartitionKey": "e9adf51c-c583-42bf-b2f2-1d7ee3abf8bf",
        "TypeName": "test-item",
        "Version": 1,
        "CreatedDateTimeOffset": "2025-11-29T02:26:13.858602+00:00",
        "UpdatedDateTimeOffset": "2025-11-29T02:26:13.858602+00:00",
        "DeletedDateTimeOffset": null,
        "IsDeleted": null,
        "ETag": "6f604ede-2a6e-40d6-8d5f-7c07ee0a7714"
      }
    }
  },
  {
    "HttpStatusCode": "OK",
    "ReadResult": {
      "Item": {
        "PublicMessage": "Public #2",
        "PrivateMessage": "Private #2",
        "Id": "ac433a4f-cce6-4d5e-ae41-800a88dc01b8",
        "PartitionKey": "e9adf51c-c583-42bf-b2f2-1d7ee3abf8bf",
        "TypeName": "test-item",
        "Version": 1,
        "CreatedDateTimeOffset": "2025-11-29T02:26:13.874943+00:00",
        "UpdatedDateTimeOffset": "2025-11-29T02:26:13.874943+00:00",
        "DeletedDateTimeOffset": null,
        "IsDeleted": null,
        "ETag": "64096b59-3be9-4d47-be64-30ce160835b5"
      }
    }
  }
]
