[
  {
    "HttpStatusCode": "OK",
    "ReadResult": {
      "Item": {
        "PublicMessage": "Public #1",
        "PrivateMessage": "Private #1",
        "Id": "46f2805d-cfb9-4d4a-9c98-758e7f256dee",
        "PartitionKey": "934ffc0e-066f-4e6e-b8ec-513dc743a3f8",
        "TypeName": "test-item",
        "Version": 1,
        "CreatedDateTimeOffset": "2025-11-29T03:33:48.781635+00:00",
        "UpdatedDateTimeOffset": "2025-11-29T03:33:48.781635+00:00",
        "DeletedDateTimeOffset": null,
        "IsDeleted": null,
        "ETag": "5d6091c7-2655-452d-9de8-d3fd128da798"
      }
    }
  },
  {
    "HttpStatusCode": "OK",
    "ReadResult": {
      "Item": {
        "PublicMessage": "Public #2",
        "PrivateMessage": "Private #2",
        "Id": "2b5cb848-1201-48a7-9751-aa18d71c9a80",
        "PartitionKey": "934ffc0e-066f-4e6e-b8ec-513dc743a3f8",
        "TypeName": "test-item",
        "Version": 1,
        "CreatedDateTimeOffset": "2025-11-29T03:33:48.797069+00:00",
        "UpdatedDateTimeOffset": "2025-11-29T03:33:48.797069+00:00",
        "DeletedDateTimeOffset": null,
        "IsDeleted": null,
        "ETag": "7319936f-295f-41d0-8646-8db9cf39fa15"
      }
    }
  }
]
