[
  {
    "HttpStatusCode": "OK",
    "ReadResult": {
      "Item": {
        "PublicMessage": "Public #3",
        "PrivateMessage": "Private #3",
        "Id": "738acf57-9565-4f55-954a-be01a8eab3f6",
        "PartitionKey": "f95b9970-7c8e-475f-925a-df4ed7109f11",
        "TypeName": "test-item",
        "Version": 2,
        "CreatedDateTimeOffset": "2025-11-29T03:33:48.973623+00:00",
        "UpdatedDateTimeOffset": "2025-11-29T03:33:48.974439+00:00",
        "DeletedDateTimeOffset": null,
        "IsDeleted": null,
        "ETag": "a4b96bd6-289f-4050-9d38-f1c4487e4cbc"
      }
    }
  },
  {
    "HttpStatusCode": "OK",
    "ReadResult": {
      "Item": {
        "PublicMessage": "Public #4",
        "PrivateMessage": "Private #4",
        "Id": "853965d5-6b43-455e-b531-d0509e444300",
        "PartitionKey": "f95b9970-7c8e-475f-925a-df4ed7109f11",
        "TypeName": "test-item",
        "Version": 2,
        "CreatedDateTimeOffset": "2025-11-29T03:33:48.973794+00:00",
        "UpdatedDateTimeOffset": "2025-11-29T03:33:48.974458+00:00",
        "DeletedDateTimeOffset": null,
        "IsDeleted": null,
        "ETag": "38efac43-23ed-45f6-9f66-4ef8bf8739e3"
      }
    }
  }
]
