[
  {
    "Item": {
      "Id": "efff6bd8-c8ce-47b8-b0bf-4bec929fa71c",
      "PartitionKey": "206ac4a9-79b8-4b69-8cc1-6410ca7df5a4",
      "TypeName": "test-item",
      "CreatedDateTimeOffset": "2025-05-21T04:56:31.846803+00:00",
      "UpdatedDateTimeOffset": "2025-05-21T04:56:31.846803+00:00",
      "DeletedDateTimeOffset": null,
      "IsDeleted": null,
      "ETag": "0927c2ef-732b-4e3c-bbf1-f1d78246098c",
      "PublicMessage": "Public #2",
      "PrivateMessage": "Private #2"
    }
  },
  {
    "Item": {
      "Id": "a6a95695-63d9-4ebb-8d4a-be6ae9d79a3c",
      "PartitionKey": "5042bbbc-d706-48bd-95ea-bbe5fb16a882",
      "TypeName": "test-item",
      "CreatedDateTimeOffset": "2025-05-21T04:56:31.846715+00:00",
      "UpdatedDateTimeOffset": "2025-05-21T04:56:31.846715+00:00",
      "DeletedDateTimeOffset": null,
      "IsDeleted": null,
      "ETag": "0d8aaad0-1d99-423d-85bc-3dde4b16bad1",
      "PublicMessage": "Public #1",
      "PrivateMessage": "Private #1"
    }
  }
]
