[
  {
    "Item": {
      "Id": "b1cab5ad-183b-4359-9b17-b7db1bcd8c19",
      "PartitionKey": "96517f0d-be3a-40b4-a472-2776f331fcf3",
      "TypeName": "test-item",
      "CreatedDateTimeOffset": "2025-05-21T04:56:31.839653+00:00",
      "UpdatedDateTimeOffset": "2025-05-21T04:56:31.839653+00:00",
      "DeletedDateTimeOffset": null,
      "IsDeleted": null,
      "ETag": "378a30b2-0542-41ad-bea4-4754048d63e8",
      "PublicMessage": "Public #1",
      "PrivateMessage": "Private #1"
    }
  },
  {
    "Item": {
      "Id": "ccf58df3-5baf-45d8-bf41-35dc933c676e",
      "PartitionKey": "0a1326d9-6b57-4e11-8dff-49d19a53d7e9",
      "TypeName": "test-item",
      "CreatedDateTimeOffset": "2025-05-21T04:56:31.839721+00:00",
      "UpdatedDateTimeOffset": "2025-05-21T04:56:31.839721+00:00",
      "DeletedDateTimeOffset": null,
      "IsDeleted": null,
      "ETag": "149fb5bc-33c1-4d46-aab2-35fc5f627da1",
      "PublicMessage": "Public #2",
      "PrivateMessage": "Private #2"
    }
  }
]
