[
  {
    "Item": {
      "PublicMessage": "Public #2",
      "PrivateMessage": "Private #2",
      "Id": "8fdcc42a-b279-48fa-a7d2-ecaff09c28f0",
      "PartitionKey": "3157a9f2-408b-4a6a-9a27-ab3f69e7cf98",
      "TypeName": "test-item",
      "Version": 1,
      "CreatedDateTimeOffset": "2025-08-16T21:23:50.949789+00:00",
      "UpdatedDateTimeOffset": "2025-08-16T21:23:50.949789+00:00",
      "DeletedDateTimeOffset": null,
      "IsDeleted": null,
      "ETag": "98676565-f190-4385-8b0d-75ce645b161d"
    }
  }
]
