[
  {
    "Item": {
      "Id": "f980b0fd-ce5e-4ec3-b126-07a032ca65f5",
      "PartitionKey": "1ac7002d-54f4-4e3b-9968-b91dd8e3fcd8",
      "TypeName": "test-item",
      "CreatedDateTimeOffset": "2025-05-21T04:56:31.854236+00:00",
      "UpdatedDateTimeOffset": "2025-05-21T04:56:31.854236+00:00",
      "DeletedDateTimeOffset": null,
      "IsDeleted": null,
      "ETag": "7ab7ef28-993c-4fbd-ba86-0e5d78cd6f67",
      "PublicMessage": "Public #2",
      "PrivateMessage": "Private #2"
    }
  }
]
