[
  {
    "Item": {
      "Id": "7ab559fd-c4a1-4415-97c5-8ac9a10536a6",
      "PartitionKey": "9ce2c1e4-8256-4db5-add2-60e0a2c7f445",
      "TypeName": "test-item",
      "CreatedDateTimeOffset": "2025-06-14T03:29:46.441785+00:00",
      "UpdatedDateTimeOffset": "2025-06-14T03:29:46.442437+00:00",
      "DeletedDateTimeOffset": null,
      "IsDeleted": null,
      "ETag": "99ff2c17-eb0d-4222-8ff1-17a7cbd7a972",
      "PublicMessage": "Public #2",
      "PrivateMessage": "Private #2"
    }
  }
]
