[
  {
    "Item": {
      "Id": "9f909a3b-0f59-4fa3-937b-73a632ff30fa",
      "PartitionKey": "91972ed5-fd72-4949-a266-ca512784f6cf",
      "TypeName": "test-item",
      "Version": 2,
      "CreatedDateTimeOffset": "2025-08-10T21:54:20.858607+00:00",
      "UpdatedDateTimeOffset": "2025-08-10T21:54:20.859165+00:00",
      "DeletedDateTimeOffset": null,
      "IsDeleted": null,
      "ETag": "065fecca-e9cf-4513-9a97-13cc842438b2",
      "PublicMessage": "Public #2",
      "PrivateMessage": "Private #2"
    }
  }
]
