{
  "principalsAfter": [
    "principal-createroleassignment"
  ],
  "items": [
    {
      "_principalId": "principal-createroleassignment",
      "_resourceName": "urn://resource-createroleassignment",
      "_roleName": "role-createroleassignment",
      "entityName": "#PRINCIPAL#principal-createroleassignment",
      "subjectName": "#ROLEASSIGNMENT##RESOURCE#urn://resource-createroleassignment#ROLE#role-createroleassignment"
    },
    {
      "_resourceName": "urn://resource-createroleassignment",
      "_roleName": "role-createroleassignment",
      "entityName": "#RESOURCE#urn://resource-createroleassignment",
      "subjectName": "#ROLE#role-createroleassignment"
    },
    {
      "_principalId": "principal-createroleassignment",
      "_resourceName": "urn://resource-createroleassignment",
      "_roleName": "role-createroleassignment",
      "entityName": "#RESOURCE#urn://resource-createroleassignment",
      "subjectName": "#ROLEASSIGNMENT##ROLE#role-createroleassignment#PRINCIPAL#principal-createroleassignment"
    },
    {
      "_resourceName": "urn://resource-createroleassignment",
      "entityName": "#ROOT#",
      "subjectName": "#RESOURCE#urn://resource-createroleassignment"
    }
  ]
}
