{
  "principalAccess": {
    "PrincipalId": "principal-getprincipalaccesswithscope-nomatchingmultiplescopes",
    "ResourceName": "urn://resource-getprincipalaccesswithscope-nomatchingmultiplescopes",
    "ScopeNames": [],
    "RoleNames": []
  },
  "items": [
    {
      "_principalId": "principal-getprincipalaccesswithscope-nomatchingmultiplescopes",
      "_resourceName": "urn://resource-getprincipalaccesswithscope-nomatchingmultiplescopes",
      "_roleName": "role-getprincipalaccesswithscope-nomatchingmultiplescopes",
      "entityName": "#PRINCIPAL#principal-getprincipalaccesswithscope-nomatchingmultiplescopes",
      "subjectName": "#ROLEASSIGNMENT##RESOURCE#urn://resource-getprincipalaccesswithscope-nomatchingmultiplescopes#ROLE#role-getprincipalaccesswithscope-nomatchingmultiplescopes"
    },
    {
      "_principalId": "principal-getprincipalaccesswithscope-nomatchingmultiplescopes",
      "_resourceName": "urn://resource-getprincipalaccesswithscope-nomatchingmultiplescopes",
      "_scopeName": "scope-1-getprincipalaccesswithscope-nomatchingmultiplescopes",
      "entityName": "#PRINCIPAL#principal-getprincipalaccesswithscope-nomatchingmultiplescopes",
      "subjectName": "#SCOPEASSIGNMENT##RESOURCE#urn://resource-getprincipalaccesswithscope-nomatchingmultiplescopes#SCOPE#scope-1-getprincipalaccesswithscope-nomatchingmultiplescopes"
    },
    {
      "_principalId": "principal-getprincipalaccesswithscope-nomatchingmultiplescopes",
      "_resourceName": "urn://resource-getprincipalaccesswithscope-nomatchingmultiplescopes",
      "_scopeName": "scope-2-getprincipalaccesswithscope-nomatchingmultiplescopes",
      "entityName": "#PRINCIPAL#principal-getprincipalaccesswithscope-nomatchingmultiplescopes",
      "subjectName": "#SCOPEASSIGNMENT##RESOURCE#urn://resource-getprincipalaccesswithscope-nomatchingmultiplescopes#SCOPE#scope-2-getprincipalaccesswithscope-nomatchingmultiplescopes"
    },
    {
      "_resourceName": "urn://resource-getprincipalaccesswithscope-nomatchingmultiplescopes",
      "_roleName": "role-getprincipalaccesswithscope-nomatchingmultiplescopes",
      "entityName": "#RESOURCE#urn://resource-getprincipalaccesswithscope-nomatchingmultiplescopes",
      "subjectName": "#ROLE#role-getprincipalaccesswithscope-nomatchingmultiplescopes"
    },
    {
      "_principalId": "principal-getprincipalaccesswithscope-nomatchingmultiplescopes",
      "_resourceName": "urn://resource-getprincipalaccesswithscope-nomatchingmultiplescopes",
      "_roleName": "role-getprincipalaccesswithscope-nomatchingmultiplescopes",
      "entityName": "#RESOURCE#urn://resource-getprincipalaccesswithscope-nomatchingmultiplescopes",
      "subjectName": "#ROLEASSIGNMENT##ROLE#role-getprincipalaccesswithscope-nomatchingmultiplescopes#PRINCIPAL#principal-getprincipalaccesswithscope-nomatchingmultiplescopes"
    },
    {
      "_resourceName": "urn://resource-getprincipalaccesswithscope-nomatchingmultiplescopes",
      "_scopeName": "scope-1-getprincipalaccesswithscope-nomatchingmultiplescopes",
      "entityName": "#RESOURCE#urn://resource-getprincipalaccesswithscope-nomatchingmultiplescopes",
      "subjectName": "#SCOPE#scope-1-getprincipalaccesswithscope-nomatchingmultiplescopes"
    },
    {
      "_resourceName": "urn://resource-getprincipalaccesswithscope-nomatchingmultiplescopes",
      "_scopeName": "scope-2-getprincipalaccesswithscope-nomatchingmultiplescopes",
      "entityName": "#RESOURCE#urn://resource-getprincipalaccesswithscope-nomatchingmultiplescopes",
      "subjectName": "#SCOPE#scope-2-getprincipalaccesswithscope-nomatchingmultiplescopes"
    },
    {
      "_resourceName": "urn://resource-getprincipalaccesswithscope-nomatchingmultiplescopes",
      "_scopeName": "scope-different-getprincipalaccesswithscope-nomatchingmultiplescopes",
      "entityName": "#RESOURCE#urn://resource-getprincipalaccesswithscope-nomatchingmultiplescopes",
      "subjectName": "#SCOPE#scope-different-getprincipalaccesswithscope-nomatchingmultiplescopes"
    },
    {
      "_principalId": "principal-getprincipalaccesswithscope-nomatchingmultiplescopes",
      "_resourceName": "urn://resource-getprincipalaccesswithscope-nomatchingmultiplescopes",
      "_scopeName": "scope-1-getprincipalaccesswithscope-nomatchingmultiplescopes",
      "entityName": "#RESOURCE#urn://resource-getprincipalaccesswithscope-nomatchingmultiplescopes",
      "subjectName": "#SCOPEASSIGNMENT##SCOPE#scope-1-getprincipalaccesswithscope-nomatchingmultiplescopes#PRINCIPAL#principal-getprincipalaccesswithscope-nomatchingmultiplescopes"
    },
    {
      "_principalId": "principal-getprincipalaccesswithscope-nomatchingmultiplescopes",
      "_resourceName": "urn://resource-getprincipalaccesswithscope-nomatchingmultiplescopes",
      "_scopeName": "scope-2-getprincipalaccesswithscope-nomatchingmultiplescopes",
      "entityName": "#RESOURCE#urn://resource-getprincipalaccesswithscope-nomatchingmultiplescopes",
      "subjectName": "#SCOPEASSIGNMENT##SCOPE#scope-2-getprincipalaccesswithscope-nomatchingmultiplescopes#PRINCIPAL#principal-getprincipalaccesswithscope-nomatchingmultiplescopes"
    },
    {
      "_resourceName": "urn://resource-getprincipalaccesswithscope-nomatchingmultiplescopes",
      "entityName": "#ROOT#",
      "subjectName": "#RESOURCE#urn://resource-getprincipalaccesswithscope-nomatchingmultiplescopes"
    }
  ]
}
