{
  "scopeAfter": {
    "ResourceName": "testResource_RBACRepository_CreateScope",
    "ScopeName": "testScope_RBACRepository_CreateScope"
  },
  "items": [
    {
      "resourceName": "testResource_RBACRepository_CreateScope",
      "subjectName": "RESOURCE#"
    },
    {
      "resourceName": "testResource_RBACRepository_CreateScope",
      "scopeName": "testScope_RBACRepository_CreateScope",
      "subjectName": "SCOPE#testScope_RBACRepository_CreateScope"
    }
  ]
}
