{
  "principalIdsBefore": [
    "principal-deletescopeassignment"
  ],
  "principalIdsAfter": [],
  "items": [
    {
      "_resourceName": "urn://resource-deletescopeassignment",
      "entityName": "#RESOURCE#",
      "subjectName": "#RESOURCE#urn://resource-deletescopeassignment"
    },
    {
      "_resourceName": "urn://resource-deletescopeassignment",
      "_roleName": "role-deletescopeassignment",
      "entityName": "#RESOURCE#urn://resource-deletescopeassignment",
      "subjectName": "#ROLE#role-deletescopeassignment"
    },
    {
      "_resourceName": "urn://resource-deletescopeassignment",
      "_scopeName": "scope-deletescopeassignment",
      "entityName": "#RESOURCE#urn://resource-deletescopeassignment",
      "subjectName": "#SCOPE#scope-deletescopeassignment"
    }
  ]
}
