{
  "scope1After": {
    "ResourceName": "urn://resource-deletescope-frommultiplescopes",
    "ScopeName": "scope-1-deletescope-frommultiplescopes"
  },
  "scope2After": null,
  "scope3After": {
    "ResourceName": "urn://resource-deletescope-frommultiplescopes",
    "ScopeName": "scope-3-deletescope-frommultiplescopes"
  },
  "items": [
    {
      "_resourceName": "urn://resource-deletescope-frommultiplescopes",
      "entityName": "#RESOURCE#",
      "subjectName": "#RESOURCE#urn://resource-deletescope-frommultiplescopes"
    },
    {
      "_resourceName": "urn://resource-deletescope-frommultiplescopes",
      "_scopeName": "scope-1-deletescope-frommultiplescopes",
      "entityName": "#RESOURCE#urn://resource-deletescope-frommultiplescopes",
      "subjectName": "#SCOPE#scope-1-deletescope-frommultiplescopes"
    },
    {
      "_resourceName": "urn://resource-deletescope-frommultiplescopes",
      "_scopeName": "scope-3-deletescope-frommultiplescopes",
      "entityName": "#RESOURCE#urn://resource-deletescope-frommultiplescopes",
      "subjectName": "#SCOPE#scope-3-deletescope-frommultiplescopes"
    }
  ]
}
