{
  "scopeAfter": {
    "ResourceName": "urn://resource-createscope",
    "ScopeName": "scope-createscope"
  },
  "items": [
    {
      "_resourceName": "urn://resource-createscope",
      "_scopeName": "scope-createscope",
      "entityName": "#RESOURCE#urn://resource-createscope",
      "subjectName": "#SCOPE#scope-createscope"
    },
    {
      "_resourceName": "urn://resource-createscope",
      "entityName": "#RESOURCE#",
      "subjectName": "#RESOURCE#urn://resource-createscope"
    }
  ]
}
