{
  "principalAccess": {
    "PrincipalId": "principal-getprincipalaccess-withonlyroleassignments",
    "ResourceName": "urn://resource-getprincipalaccess-withonlyroleassignments",
    "ScopeNames": [],
    "RoleNames": []
  },
  "items": [
    {
      "_principalId": "principal-getprincipalaccess-withonlyroleassignments",
      "_resourceName": "urn://resource-getprincipalaccess-withonlyroleassignments",
      "_roleName": "role-getprincipalaccess-withonlyroleassignments",
      "entityName": "PRINCIPAL#principal-getprincipalaccess-withonlyroleassignments",
      "subjectName": "ROLEASSIGNMENT##RESOURCE#urn://resource-getprincipalaccess-withonlyroleassignments##ROLE#role-getprincipalaccess-withonlyroleassignments"
    },
    {
      "_resourceName": "urn://resource-getprincipalaccess-withonlyroleassignments",
      "_roleName": "role-getprincipalaccess-withonlyroleassignments",
      "entityName": "RESOURCE#urn://resource-getprincipalaccess-withonlyroleassignments",
      "subjectName": "ROLE#role-getprincipalaccess-withonlyroleassignments"
    },
    {
      "_principalId": "principal-getprincipalaccess-withonlyroleassignments",
      "_resourceName": "urn://resource-getprincipalaccess-withonlyroleassignments",
      "_roleName": "role-getprincipalaccess-withonlyroleassignments",
      "entityName": "RESOURCE#urn://resource-getprincipalaccess-withonlyroleassignments",
      "subjectName": "ROLEASSIGNMENT##ROLE#role-getprincipalaccess-withonlyroleassignments##PRINCIPAL#principal-getprincipalaccess-withonlyroleassignments"
    },
    {
      "_resourceName": "urn://resource-getprincipalaccess-withonlyroleassignments",
      "entityName": "ROOT#",
      "subjectName": "RESOURCE#urn://resource-getprincipalaccess-withonlyroleassignments"
    }
  ]
}
