{
  "roleAssignmentBefore": {
    "ResourceName": "testResource_RBACRepositoryTests_GrantRoleToPrincipalGetRoleAssignment",
    "RoleName": "testRole_RBACRepositoryTests_GrantRoleToPrincipalGetRoleAssignment",
    "PrincipalIds": []
  },
  "roleAssignmentAfter": {
    "ResourceName": "testResource_RBACRepositoryTests_GrantRoleToPrincipalGetRoleAssignment",
    "RoleName": "testRole_RBACRepositoryTests_GrantRoleToPrincipalGetRoleAssignment",
    "PrincipalIds": [
      "testPrincipal_RBACRepositoryTests_GrantRoleToPrincipalGetRoleAssignment"
    ]
  },
  "items": [
    {
      "principalId": "testPrincipal_RBACRepositoryTests_GrantRoleToPrincipalGetRoleAssignment",
      "resourceName": "testResource_RBACRepositoryTests_GrantRoleToPrincipalGetRoleAssignment",
      "roleName": "testRole_RBACRepositoryTests_GrantRoleToPrincipalGetRoleAssignment",
      "subjectName": "PRINCIPAL#testPrincipal_RBACRepositoryTests_GrantRoleToPrincipalGetRoleAssignment#ROLE#testRole_RBACRepositoryTests_GrantRoleToPrincipalGetRoleAssignment"
    },
    {
      "resourceName": "testResource_RBACRepositoryTests_GrantRoleToPrincipalGetRoleAssignment",
      "subjectName": "RESOURCE#"
    },
    {
      "resourceName": "testResource_RBACRepositoryTests_GrantRoleToPrincipalGetRoleAssignment",
      "roleName": "testRole_RBACRepositoryTests_GrantRoleToPrincipalGetRoleAssignment",
      "subjectName": "ROLE#testRole_RBACRepositoryTests_GrantRoleToPrincipalGetRoleAssignment"
    },
    {
      "resourceName": "testResource_RBACRepositoryTests_GrantRoleToPrincipalGetRoleAssignment",
      "scopeName": "testScope_RBACRepositoryTests_GrantRoleToPrincipalGetRoleAssignment",
      "subjectName": "SCOPE#testScope_RBACRepositoryTests_GrantRoleToPrincipalGetRoleAssignment"
    }
  ]
}
