{
  "principalAccess": {
    "PrincipalId": "principal-getprincipalaccess-acrossmultipleresources",
    "ResourceName": "urn://resource-1-getprincipalaccess-acrossmultipleresources",
    "ScopeNames": [
      "scope-1-getprincipalaccess-acrossmultipleresources"
    ],
    "RoleNames": [
      "role-1-getprincipalaccess-acrossmultipleresources"
    ]
  },
  "items": [
    {
      "_principalId": "principal-getprincipalaccess-acrossmultipleresources",
      "_resourceName": "urn://resource-1-getprincipalaccess-acrossmultipleresources",
      "_roleName": "role-1-getprincipalaccess-acrossmultipleresources",
      "entityName": "PRINCIPAL#principal-getprincipalaccess-acrossmultipleresources",
      "subjectName": "ROLEASSIGNMENT##RESOURCE#urn://resource-1-getprincipalaccess-acrossmultipleresources##ROLE#role-1-getprincipalaccess-acrossmultipleresources"
    },
    {
      "_principalId": "principal-getprincipalaccess-acrossmultipleresources",
      "_resourceName": "urn://resource-2-getprincipalaccess-acrossmultipleresources",
      "_roleName": "role-2-getprincipalaccess-acrossmultipleresources",
      "entityName": "PRINCIPAL#principal-getprincipalaccess-acrossmultipleresources",
      "subjectName": "ROLEASSIGNMENT##RESOURCE#urn://resource-2-getprincipalaccess-acrossmultipleresources##ROLE#role-2-getprincipalaccess-acrossmultipleresources"
    },
    {
      "_principalId": "principal-getprincipalaccess-acrossmultipleresources",
      "_resourceName": "urn://resource-1-getprincipalaccess-acrossmultipleresources",
      "_scopeName": "scope-1-getprincipalaccess-acrossmultipleresources",
      "entityName": "PRINCIPAL#principal-getprincipalaccess-acrossmultipleresources",
      "subjectName": "SCOPEASSIGNMENT##RESOURCE#urn://resource-1-getprincipalaccess-acrossmultipleresources##SCOPE#scope-1-getprincipalaccess-acrossmultipleresources"
    },
    {
      "_principalId": "principal-getprincipalaccess-acrossmultipleresources",
      "_resourceName": "urn://resource-2-getprincipalaccess-acrossmultipleresources",
      "_scopeName": "scope-2-getprincipalaccess-acrossmultipleresources",
      "entityName": "PRINCIPAL#principal-getprincipalaccess-acrossmultipleresources",
      "subjectName": "SCOPEASSIGNMENT##RESOURCE#urn://resource-2-getprincipalaccess-acrossmultipleresources##SCOPE#scope-2-getprincipalaccess-acrossmultipleresources"
    },
    {
      "_resourceName": "urn://resource-1-getprincipalaccess-acrossmultipleresources",
      "_roleName": "role-1-getprincipalaccess-acrossmultipleresources",
      "entityName": "RESOURCE#urn://resource-1-getprincipalaccess-acrossmultipleresources",
      "subjectName": "ROLE#role-1-getprincipalaccess-acrossmultipleresources"
    },
    {
      "_principalId": "principal-getprincipalaccess-acrossmultipleresources",
      "_resourceName": "urn://resource-1-getprincipalaccess-acrossmultipleresources",
      "_roleName": "role-1-getprincipalaccess-acrossmultipleresources",
      "entityName": "RESOURCE#urn://resource-1-getprincipalaccess-acrossmultipleresources",
      "subjectName": "ROLEASSIGNMENT##ROLE#role-1-getprincipalaccess-acrossmultipleresources##PRINCIPAL#principal-getprincipalaccess-acrossmultipleresources"
    },
    {
      "_resourceName": "urn://resource-1-getprincipalaccess-acrossmultipleresources",
      "_scopeName": "scope-1-getprincipalaccess-acrossmultipleresources",
      "entityName": "RESOURCE#urn://resource-1-getprincipalaccess-acrossmultipleresources",
      "subjectName": "SCOPE#scope-1-getprincipalaccess-acrossmultipleresources"
    },
    {
      "_principalId": "principal-getprincipalaccess-acrossmultipleresources",
      "_resourceName": "urn://resource-1-getprincipalaccess-acrossmultipleresources",
      "_scopeName": "scope-1-getprincipalaccess-acrossmultipleresources",
      "entityName": "RESOURCE#urn://resource-1-getprincipalaccess-acrossmultipleresources",
      "subjectName": "SCOPEASSIGNMENT##SCOPE#scope-1-getprincipalaccess-acrossmultipleresources##PRINCIPAL#principal-getprincipalaccess-acrossmultipleresources"
    },
    {
      "_resourceName": "urn://resource-2-getprincipalaccess-acrossmultipleresources",
      "_roleName": "role-2-getprincipalaccess-acrossmultipleresources",
      "entityName": "RESOURCE#urn://resource-2-getprincipalaccess-acrossmultipleresources",
      "subjectName": "ROLE#role-2-getprincipalaccess-acrossmultipleresources"
    },
    {
      "_principalId": "principal-getprincipalaccess-acrossmultipleresources",
      "_resourceName": "urn://resource-2-getprincipalaccess-acrossmultipleresources",
      "_roleName": "role-2-getprincipalaccess-acrossmultipleresources",
      "entityName": "RESOURCE#urn://resource-2-getprincipalaccess-acrossmultipleresources",
      "subjectName": "ROLEASSIGNMENT##ROLE#role-2-getprincipalaccess-acrossmultipleresources##PRINCIPAL#principal-getprincipalaccess-acrossmultipleresources"
    },
    {
      "_resourceName": "urn://resource-2-getprincipalaccess-acrossmultipleresources",
      "_scopeName": "scope-2-getprincipalaccess-acrossmultipleresources",
      "entityName": "RESOURCE#urn://resource-2-getprincipalaccess-acrossmultipleresources",
      "subjectName": "SCOPE#scope-2-getprincipalaccess-acrossmultipleresources"
    },
    {
      "_principalId": "principal-getprincipalaccess-acrossmultipleresources",
      "_resourceName": "urn://resource-2-getprincipalaccess-acrossmultipleresources",
      "_scopeName": "scope-2-getprincipalaccess-acrossmultipleresources",
      "entityName": "RESOURCE#urn://resource-2-getprincipalaccess-acrossmultipleresources",
      "subjectName": "SCOPEASSIGNMENT##SCOPE#scope-2-getprincipalaccess-acrossmultipleresources##PRINCIPAL#principal-getprincipalaccess-acrossmultipleresources"
    },
    {
      "_resourceName": "urn://resource-1-getprincipalaccess-acrossmultipleresources",
      "entityName": "ROOT#",
      "subjectName": "RESOURCE#urn://resource-1-getprincipalaccess-acrossmultipleresources"
    },
    {
      "_resourceName": "urn://resource-2-getprincipalaccess-acrossmultipleresources",
      "entityName": "ROOT#",
      "subjectName": "RESOURCE#urn://resource-2-getprincipalaccess-acrossmultipleresources"
    }
  ]
}
