{
  "items": [
    {
      "_resourceName": "urn://resource-deleteprincipal-withroleandscopeassignments",
      "_roleName": "role-deleteprincipal-withroleandscopeassignments",
      "entityName": "RESOURCE#urn://resource-deleteprincipal-withroleandscopeassignments",
      "subjectName": "ROLE#role-deleteprincipal-withroleandscopeassignments"
    },
    {
      "_resourceName": "urn://resource-deleteprincipal-withroleandscopeassignments",
      "_scopeName": "scope-deleteprincipal-withroleandscopeassignments",
      "entityName": "RESOURCE#urn://resource-deleteprincipal-withroleandscopeassignments",
      "subjectName": "SCOPE#scope-deleteprincipal-withroleandscopeassignments"
    },
    {
      "_resourceName": "urn://resource-deleteprincipal-withroleandscopeassignments",
      "entityName": "ROOT#",
      "subjectName": "RESOURCE#urn://resource-deleteprincipal-withroleandscopeassignments"
    }
  ]
}
