{
  "items": [
    {
      "_resourceName": "urn://resource-1-deleteprincipal-withmultipleroleassignments",
      "_roleName": "role-1-deleteprincipal-withmultipleroleassignments",
      "entityName": "#RESOURCE#urn://resource-1-deleteprincipal-withmultipleroleassignments",
      "subjectName": "#ROLE#role-1-deleteprincipal-withmultipleroleassignments"
    },
    {
      "_resourceName": "urn://resource-2-deleteprincipal-withmultipleroleassignments",
      "_roleName": "role-2-deleteprincipal-withmultipleroleassignments",
      "entityName": "#RESOURCE#urn://resource-2-deleteprincipal-withmultipleroleassignments",
      "subjectName": "#ROLE#role-2-deleteprincipal-withmultipleroleassignments"
    },
    {
      "_resourceName": "urn://resource-1-deleteprincipal-withmultipleroleassignments",
      "entityName": "#ROOT#",
      "subjectName": "#RESOURCE#urn://resource-1-deleteprincipal-withmultipleroleassignments"
    },
    {
      "_resourceName": "urn://resource-2-deleteprincipal-withmultipleroleassignments",
      "entityName": "#ROOT#",
      "subjectName": "#RESOURCE#urn://resource-2-deleteprincipal-withmultipleroleassignments"
    }
  ]
}
