{
  "role1": {
    "ResourceName": "urn://resource-createrole-multiplerolesinresource",
    "RoleName": "role-1-createrole-multiplerolesinresource"
  },
  "role2": {
    "ResourceName": "urn://resource-createrole-multiplerolesinresource",
    "RoleName": "role-2-createrole-multiplerolesinresource"
  },
  "role3": {
    "ResourceName": "urn://resource-createrole-multiplerolesinresource",
    "RoleName": "role-3-createrole-multiplerolesinresource"
  },
  "items": [
    {
      "_resourceName": "urn://resource-createrole-multiplerolesinresource",
      "entityName": "#RESOURCE#",
      "subjectName": "#RESOURCE#urn://resource-createrole-multiplerolesinresource"
    },
    {
      "_resourceName": "urn://resource-createrole-multiplerolesinresource",
      "_roleName": "role-1-createrole-multiplerolesinresource",
      "entityName": "#RESOURCE#urn://resource-createrole-multiplerolesinresource",
      "subjectName": "#ROLE#role-1-createrole-multiplerolesinresource"
    },
    {
      "_resourceName": "urn://resource-createrole-multiplerolesinresource",
      "_roleName": "role-2-createrole-multiplerolesinresource",
      "entityName": "#RESOURCE#urn://resource-createrole-multiplerolesinresource",
      "subjectName": "#ROLE#role-2-createrole-multiplerolesinresource"
    },
    {
      "_resourceName": "urn://resource-createrole-multiplerolesinresource",
      "_roleName": "role-3-createrole-multiplerolesinresource",
      "entityName": "#RESOURCE#urn://resource-createrole-multiplerolesinresource",
      "subjectName": "#ROLE#role-3-createrole-multiplerolesinresource"
    }
  ]
}
