{
  "roleAfter": {
    "ResourceName": "urn://resource-createrole",
    "RoleName": "role-createrole"
  },
  "items": [
    {
      "_resourceName": "urn://resource-createrole",
      "entityName": "#ROOT#",
      "subjectName": "#RESOURCE#urn://resource-createrole"
    },
    {
      "_resourceName": "urn://resource-createrole",
      "_roleName": "role-createrole",
      "entityName": "#RESOURCE#urn://resource-createrole",
      "subjectName": "#ROLE#role-createrole"
    }
  ]
}
