{
  "principalsAfterFirst": [
    "principal-createscopeassignment-alreadyexists"
  ],
  "itemsAfterFirst": [
    {
      "_principalId": "principal-createscopeassignment-alreadyexists",
      "_resourceName": "urn://resource-createscopeassignment-alreadyexists",
      "_scopeName": "scope-createscopeassignment-alreadyexists",
      "entityName": "PRINCIPAL#principal-createscopeassignment-alreadyexists",
      "subjectName": "SCOPEASSIGNMENT##RESOURCE#urn://resource-createscopeassignment-alreadyexists##SCOPE#scope-createscopeassignment-alreadyexists"
    },
    {
      "_resourceName": "urn://resource-createscopeassignment-alreadyexists",
      "_scopeName": "scope-createscopeassignment-alreadyexists",
      "entityName": "RESOURCE#urn://resource-createscopeassignment-alreadyexists",
      "subjectName": "SCOPE#scope-createscopeassignment-alreadyexists"
    },
    {
      "_principalId": "principal-createscopeassignment-alreadyexists",
      "_resourceName": "urn://resource-createscopeassignment-alreadyexists",
      "_scopeName": "scope-createscopeassignment-alreadyexists",
      "entityName": "RESOURCE#urn://resource-createscopeassignment-alreadyexists",
      "subjectName": "SCOPEASSIGNMENT##SCOPE#scope-createscopeassignment-alreadyexists##PRINCIPAL#principal-createscopeassignment-alreadyexists"
    },
    {
      "_resourceName": "urn://resource-createscopeassignment-alreadyexists",
      "entityName": "ROOT#",
      "subjectName": "RESOURCE#urn://resource-createscopeassignment-alreadyexists"
    }
  ],
  "principalsAfterSecond": [
    "principal-createscopeassignment-alreadyexists"
  ],
  "itemsAfterSecond": [
    {
      "_principalId": "principal-createscopeassignment-alreadyexists",
      "_resourceName": "urn://resource-createscopeassignment-alreadyexists",
      "_scopeName": "scope-createscopeassignment-alreadyexists",
      "entityName": "PRINCIPAL#principal-createscopeassignment-alreadyexists",
      "subjectName": "SCOPEASSIGNMENT##RESOURCE#urn://resource-createscopeassignment-alreadyexists##SCOPE#scope-createscopeassignment-alreadyexists"
    },
    {
      "_resourceName": "urn://resource-createscopeassignment-alreadyexists",
      "_scopeName": "scope-createscopeassignment-alreadyexists",
      "entityName": "RESOURCE#urn://resource-createscopeassignment-alreadyexists",
      "subjectName": "SCOPE#scope-createscopeassignment-alreadyexists"
    },
    {
      "_principalId": "principal-createscopeassignment-alreadyexists",
      "_resourceName": "urn://resource-createscopeassignment-alreadyexists",
      "_scopeName": "scope-createscopeassignment-alreadyexists",
      "entityName": "RESOURCE#urn://resource-createscopeassignment-alreadyexists",
      "subjectName": "SCOPEASSIGNMENT##SCOPE#scope-createscopeassignment-alreadyexists##PRINCIPAL#principal-createscopeassignment-alreadyexists"
    },
    {
      "_resourceName": "urn://resource-createscopeassignment-alreadyexists",
      "entityName": "ROOT#",
      "subjectName": "RESOURCE#urn://resource-createscopeassignment-alreadyexists"
    }
  ]
}
