{
  "principalAccess": {
    "PrincipalId": "principal-getprincipalaccess-withmultipleroleassignments",
    "ResourceName": "urn://resource-getprincipalaccess-withmultipleroleassignments",
    "ScopeNames": [
      "scope-getprincipalaccess-withmultipleroleassignments"
    ],
    "RoleNames": [
      "role-1-getprincipalaccess-withmultipleroleassignments",
      "role-2-getprincipalaccess-withmultipleroleassignments"
    ]
  },
  "items": [
    {
      "_principalId": "principal-getprincipalaccess-withmultipleroleassignments",
      "_resourceName": "urn://resource-getprincipalaccess-withmultipleroleassignments",
      "_roleName": "role-1-getprincipalaccess-withmultipleroleassignments",
      "entityName": "PRINCIPAL#principal-getprincipalaccess-withmultipleroleassignments",
      "subjectName": "ROLEASSIGNMENT#RESOURCE#urn://resource-getprincipalaccess-withmultipleroleassignments#ROLE#role-1-getprincipalaccess-withmultipleroleassignments"
    },
    {
      "_principalId": "principal-getprincipalaccess-withmultipleroleassignments",
      "_resourceName": "urn://resource-getprincipalaccess-withmultipleroleassignments",
      "_roleName": "role-2-getprincipalaccess-withmultipleroleassignments",
      "entityName": "PRINCIPAL#principal-getprincipalaccess-withmultipleroleassignments",
      "subjectName": "ROLEASSIGNMENT#RESOURCE#urn://resource-getprincipalaccess-withmultipleroleassignments#ROLE#role-2-getprincipalaccess-withmultipleroleassignments"
    },
    {
      "_principalId": "principal-getprincipalaccess-withmultipleroleassignments",
      "_resourceName": "urn://resource-getprincipalaccess-withmultipleroleassignments",
      "_scopeName": "scope-getprincipalaccess-withmultipleroleassignments",
      "entityName": "PRINCIPAL#principal-getprincipalaccess-withmultipleroleassignments",
      "subjectName": "SCOPEASSIGNMENT#RESOURCE#urn://resource-getprincipalaccess-withmultipleroleassignments#SCOPE#scope-getprincipalaccess-withmultipleroleassignments"
    },
    {
      "_resourceName": "urn://resource-getprincipalaccess-withmultipleroleassignments",
      "_roleName": "role-1-getprincipalaccess-withmultipleroleassignments",
      "entityName": "RESOURCE#urn://resource-getprincipalaccess-withmultipleroleassignments",
      "subjectName": "ROLE#role-1-getprincipalaccess-withmultipleroleassignments"
    },
    {
      "_resourceName": "urn://resource-getprincipalaccess-withmultipleroleassignments",
      "_roleName": "role-2-getprincipalaccess-withmultipleroleassignments",
      "entityName": "RESOURCE#urn://resource-getprincipalaccess-withmultipleroleassignments",
      "subjectName": "ROLE#role-2-getprincipalaccess-withmultipleroleassignments"
    },
    {
      "_principalId": "principal-getprincipalaccess-withmultipleroleassignments",
      "_resourceName": "urn://resource-getprincipalaccess-withmultipleroleassignments",
      "_roleName": "role-1-getprincipalaccess-withmultipleroleassignments",
      "entityName": "RESOURCE#urn://resource-getprincipalaccess-withmultipleroleassignments",
      "subjectName": "ROLEASSIGNMENT#ROLE#role-1-getprincipalaccess-withmultipleroleassignments#PRINCIPAL#principal-getprincipalaccess-withmultipleroleassignments"
    },
    {
      "_principalId": "principal-getprincipalaccess-withmultipleroleassignments",
      "_resourceName": "urn://resource-getprincipalaccess-withmultipleroleassignments",
      "_roleName": "role-2-getprincipalaccess-withmultipleroleassignments",
      "entityName": "RESOURCE#urn://resource-getprincipalaccess-withmultipleroleassignments",
      "subjectName": "ROLEASSIGNMENT#ROLE#role-2-getprincipalaccess-withmultipleroleassignments#PRINCIPAL#principal-getprincipalaccess-withmultipleroleassignments"
    },
    {
      "_resourceName": "urn://resource-getprincipalaccess-withmultipleroleassignments",
      "_scopeName": "scope-getprincipalaccess-withmultipleroleassignments",
      "entityName": "RESOURCE#urn://resource-getprincipalaccess-withmultipleroleassignments",
      "subjectName": "SCOPE#scope-getprincipalaccess-withmultipleroleassignments"
    },
    {
      "_principalId": "principal-getprincipalaccess-withmultipleroleassignments",
      "_resourceName": "urn://resource-getprincipalaccess-withmultipleroleassignments",
      "_scopeName": "scope-getprincipalaccess-withmultipleroleassignments",
      "entityName": "RESOURCE#urn://resource-getprincipalaccess-withmultipleroleassignments",
      "subjectName": "SCOPEASSIGNMENT#SCOPE#scope-getprincipalaccess-withmultipleroleassignments#PRINCIPAL#principal-getprincipalaccess-withmultipleroleassignments"
    },
    {
      "_resourceName": "urn://resource-getprincipalaccess-withmultipleroleassignments",
      "entityName": "ROOT#",
      "subjectName": "RESOURCE#urn://resource-getprincipalaccess-withmultipleroleassignments"
    }
  ]
}
