{
  "scope1": {
    "ResourceName": "urn://resource-createscope-multiplescopesinresource",
    "ScopeName": "scope-1-createscope-multiplescopesinresource"
  },
  "scope2": {
    "ResourceName": "urn://resource-createscope-multiplescopesinresource",
    "ScopeName": "scope-2-createscope-multiplescopesinresource"
  },
  "scope3": {
    "ResourceName": "urn://resource-createscope-multiplescopesinresource",
    "ScopeName": "scope-3-createscope-multiplescopesinresource"
  },
  "items": [
    {
      "_resourceName": "urn://resource-createscope-multiplescopesinresource",
      "entityName": "#RESOURCE#",
      "subjectName": "#RESOURCE#urn://resource-createscope-multiplescopesinresource"
    },
    {
      "_resourceName": "urn://resource-createscope-multiplescopesinresource",
      "_scopeName": "scope-1-createscope-multiplescopesinresource",
      "entityName": "#RESOURCE#urn://resource-createscope-multiplescopesinresource",
      "subjectName": "#SCOPE#scope-1-createscope-multiplescopesinresource"
    },
    {
      "_resourceName": "urn://resource-createscope-multiplescopesinresource",
      "_scopeName": "scope-2-createscope-multiplescopesinresource",
      "entityName": "#RESOURCE#urn://resource-createscope-multiplescopesinresource",
      "subjectName": "#SCOPE#scope-2-createscope-multiplescopesinresource"
    },
    {
      "_resourceName": "urn://resource-createscope-multiplescopesinresource",
      "_scopeName": "scope-3-createscope-multiplescopesinresource",
      "entityName": "#RESOURCE#urn://resource-createscope-multiplescopesinresource",
      "subjectName": "#SCOPE#scope-3-createscope-multiplescopesinresource"
    }
  ]
}
