{
  "resourceAfter": {
    "ResourceName": "urn://resource-getresource-withrole",
    "ScopeNames": null,
    "RoleNames": null
  },
  "items": [
    {
      "_resourceName": "urn://resource-getresource-withrole",
      "_roleName": "role-getresource-withrole",
      "entityName": "#RESOURCE#urn://resource-getresource-withrole",
      "subjectName": "#ROLE#role-getresource-withrole"
    },
    {
      "_resourceName": "urn://resource-getresource-withrole",
      "entityName": "#ROOT#",
      "subjectName": "#RESOURCE#urn://resource-getresource-withrole"
    }
  ]
}
