{
  "roleAfter": {
    "ResourceName": "testResource_RBACRepository_CreateRole",
    "RoleName": "testRole_RBACRepository_CreateRole"
  },
  "items": [
    {
      "resourceName": "testResource_RBACRepository_CreateRole",
      "subjectName": "RESOURCE#"
    },
    {
      "resourceName": "testResource_RBACRepository_CreateRole",
      "roleName": "testRole_RBACRepository_CreateRole",
      "subjectName": "ROLE#testRole_RBACRepository_CreateRole"
    }
  ]
}
