{
  "principalMembershipAfter": {
    "PrincipalId": "testPrincipal_RBACRepositoryTests_DeleteRoleWithRoleAssignment",
    "ResourceName": "testResource_RBACRepositoryTests_DeleteRoleWithRoleAssignment",
    "ScopeNames": [
      "testScope_RBACRepositoryTests_DeleteRoleWithRoleAssignment"
    ],
    "RoleNames": []
  },
  "items": [
    {
      "resourceName": "testResource_RBACRepositoryTests_DeleteRoleWithRoleAssignment",
      "subjectName": "RESOURCE#"
    },
    {
      "resourceName": "testResource_RBACRepositoryTests_DeleteRoleWithRoleAssignment",
      "scopeName": "testScope_RBACRepositoryTests_DeleteRoleWithRoleAssignment",
      "subjectName": "SCOPE#testScope_RBACRepositoryTests_DeleteRoleWithRoleAssignment"
    }
  ]
}
