{
  "principalMembershipAfter": {
    "PrincipalId": "testPrincipal_RBACRepository_GetPrincipalMembershipSpecificScope",
    "ResourceName": "testResource_RBACRepository_GetPrincipalMembershipSpecificScope",
    "ScopeNames": [
      "testScope_1_RBACRepository_GetPrincipalMembershipSpecificScope"
    ],
    "RoleNames": [
      "testRole_RBACRepository_GetPrincipalMembershipSpecificScope"
    ]
  },
  "items": [
    {
      "principalId": "testPrincipal_RBACRepository_GetPrincipalMembershipSpecificScope",
      "resourceName": "testResource_RBACRepository_GetPrincipalMembershipSpecificScope",
      "roleName": "testRole_RBACRepository_GetPrincipalMembershipSpecificScope",
      "subjectName": "PRINCIPAL#testPrincipal_RBACRepository_GetPrincipalMembershipSpecificScope#ROLE#testRole_RBACRepository_GetPrincipalMembershipSpecificScope"
    },
    {
      "resourceName": "testResource_RBACRepository_GetPrincipalMembershipSpecificScope",
      "subjectName": "RESOURCE#"
    },
    {
      "resourceName": "testResource_RBACRepository_GetPrincipalMembershipSpecificScope",
      "roleName": "testRole_RBACRepository_GetPrincipalMembershipSpecificScope",
      "subjectName": "ROLE#testRole_RBACRepository_GetPrincipalMembershipSpecificScope"
    },
    {
      "resourceName": "testResource_RBACRepository_GetPrincipalMembershipSpecificScope",
      "scopeName": "testScope_1_RBACRepository_GetPrincipalMembershipSpecificScope",
      "subjectName": "SCOPE#testScope_1_RBACRepository_GetPrincipalMembershipSpecificScope"
    },
    {
      "resourceName": "testResource_RBACRepository_GetPrincipalMembershipSpecificScope",
      "scopeName": "testScope_2_RBACRepository_GetPrincipalMembershipSpecificScope",
      "subjectName": "SCOPE#testScope_2_RBACRepository_GetPrincipalMembershipSpecificScope"
    }
  ]
}
