{
  "principalAccess": {
    "PrincipalId": "principal-getprincipalaccesswithscope-acrossmultipleresources",
    "ResourceName": "urn://resource-1-getprincipalaccesswithscope-acrossmultipleresources",
    "ScopeNames": [
      "scope-1-getprincipalaccesswithscope-acrossmultipleresources"
    ],
    "RoleNames": [
      "role-1-getprincipalaccesswithscope-acrossmultipleresources"
    ]
  },
  "items": [
    {
      "_principalId": "principal-getprincipalaccesswithscope-acrossmultipleresources",
      "_resourceName": "urn://resource-1-getprincipalaccesswithscope-acrossmultipleresources",
      "_roleName": "role-1-getprincipalaccesswithscope-acrossmultipleresources",
      "entityName": "#PRINCIPAL#principal-getprincipalaccesswithscope-acrossmultipleresources",
      "subjectName": "#ROLEASSIGNMENT##RESOURCE#urn://resource-1-getprincipalaccesswithscope-acrossmultipleresources#ROLE#role-1-getprincipalaccesswithscope-acrossmultipleresources"
    },
    {
      "_principalId": "principal-getprincipalaccesswithscope-acrossmultipleresources",
      "_resourceName": "urn://resource-2-getprincipalaccesswithscope-acrossmultipleresources",
      "_roleName": "role-2-getprincipalaccesswithscope-acrossmultipleresources",
      "entityName": "#PRINCIPAL#principal-getprincipalaccesswithscope-acrossmultipleresources",
      "subjectName": "#ROLEASSIGNMENT##RESOURCE#urn://resource-2-getprincipalaccesswithscope-acrossmultipleresources#ROLE#role-2-getprincipalaccesswithscope-acrossmultipleresources"
    },
    {
      "_principalId": "principal-getprincipalaccesswithscope-acrossmultipleresources",
      "_resourceName": "urn://resource-1-getprincipalaccesswithscope-acrossmultipleresources",
      "_scopeName": "scope-1-getprincipalaccesswithscope-acrossmultipleresources",
      "entityName": "#PRINCIPAL#principal-getprincipalaccesswithscope-acrossmultipleresources",
      "subjectName": "#SCOPEASSIGNMENT##RESOURCE#urn://resource-1-getprincipalaccesswithscope-acrossmultipleresources#SCOPE#scope-1-getprincipalaccesswithscope-acrossmultipleresources"
    },
    {
      "_principalId": "principal-getprincipalaccesswithscope-acrossmultipleresources",
      "_resourceName": "urn://resource-2-getprincipalaccesswithscope-acrossmultipleresources",
      "_scopeName": "scope-2-getprincipalaccesswithscope-acrossmultipleresources",
      "entityName": "#PRINCIPAL#principal-getprincipalaccesswithscope-acrossmultipleresources",
      "subjectName": "#SCOPEASSIGNMENT##RESOURCE#urn://resource-2-getprincipalaccesswithscope-acrossmultipleresources#SCOPE#scope-2-getprincipalaccesswithscope-acrossmultipleresources"
    },
    {
      "_resourceName": "urn://resource-1-getprincipalaccesswithscope-acrossmultipleresources",
      "_roleName": "role-1-getprincipalaccesswithscope-acrossmultipleresources",
      "entityName": "#RESOURCE#urn://resource-1-getprincipalaccesswithscope-acrossmultipleresources",
      "subjectName": "#ROLE#role-1-getprincipalaccesswithscope-acrossmultipleresources"
    },
    {
      "_principalId": "principal-getprincipalaccesswithscope-acrossmultipleresources",
      "_resourceName": "urn://resource-1-getprincipalaccesswithscope-acrossmultipleresources",
      "_roleName": "role-1-getprincipalaccesswithscope-acrossmultipleresources",
      "entityName": "#RESOURCE#urn://resource-1-getprincipalaccesswithscope-acrossmultipleresources",
      "subjectName": "#ROLEASSIGNMENT##ROLE#role-1-getprincipalaccesswithscope-acrossmultipleresources#PRINCIPAL#principal-getprincipalaccesswithscope-acrossmultipleresources"
    },
    {
      "_resourceName": "urn://resource-1-getprincipalaccesswithscope-acrossmultipleresources",
      "_scopeName": "scope-1-getprincipalaccesswithscope-acrossmultipleresources",
      "entityName": "#RESOURCE#urn://resource-1-getprincipalaccesswithscope-acrossmultipleresources",
      "subjectName": "#SCOPE#scope-1-getprincipalaccesswithscope-acrossmultipleresources"
    },
    {
      "_principalId": "principal-getprincipalaccesswithscope-acrossmultipleresources",
      "_resourceName": "urn://resource-1-getprincipalaccesswithscope-acrossmultipleresources",
      "_scopeName": "scope-1-getprincipalaccesswithscope-acrossmultipleresources",
      "entityName": "#RESOURCE#urn://resource-1-getprincipalaccesswithscope-acrossmultipleresources",
      "subjectName": "#SCOPEASSIGNMENT##SCOPE#scope-1-getprincipalaccesswithscope-acrossmultipleresources#PRINCIPAL#principal-getprincipalaccesswithscope-acrossmultipleresources"
    },
    {
      "_resourceName": "urn://resource-2-getprincipalaccesswithscope-acrossmultipleresources",
      "_roleName": "role-2-getprincipalaccesswithscope-acrossmultipleresources",
      "entityName": "#RESOURCE#urn://resource-2-getprincipalaccesswithscope-acrossmultipleresources",
      "subjectName": "#ROLE#role-2-getprincipalaccesswithscope-acrossmultipleresources"
    },
    {
      "_principalId": "principal-getprincipalaccesswithscope-acrossmultipleresources",
      "_resourceName": "urn://resource-2-getprincipalaccesswithscope-acrossmultipleresources",
      "_roleName": "role-2-getprincipalaccesswithscope-acrossmultipleresources",
      "entityName": "#RESOURCE#urn://resource-2-getprincipalaccesswithscope-acrossmultipleresources",
      "subjectName": "#ROLEASSIGNMENT##ROLE#role-2-getprincipalaccesswithscope-acrossmultipleresources#PRINCIPAL#principal-getprincipalaccesswithscope-acrossmultipleresources"
    },
    {
      "_resourceName": "urn://resource-2-getprincipalaccesswithscope-acrossmultipleresources",
      "_scopeName": "scope-2-getprincipalaccesswithscope-acrossmultipleresources",
      "entityName": "#RESOURCE#urn://resource-2-getprincipalaccesswithscope-acrossmultipleresources",
      "subjectName": "#SCOPE#scope-2-getprincipalaccesswithscope-acrossmultipleresources"
    },
    {
      "_principalId": "principal-getprincipalaccesswithscope-acrossmultipleresources",
      "_resourceName": "urn://resource-2-getprincipalaccesswithscope-acrossmultipleresources",
      "_scopeName": "scope-2-getprincipalaccesswithscope-acrossmultipleresources",
      "entityName": "#RESOURCE#urn://resource-2-getprincipalaccesswithscope-acrossmultipleresources",
      "subjectName": "#SCOPEASSIGNMENT##SCOPE#scope-2-getprincipalaccesswithscope-acrossmultipleresources#PRINCIPAL#principal-getprincipalaccesswithscope-acrossmultipleresources"
    },
    {
      "_resourceName": "urn://resource-1-getprincipalaccesswithscope-acrossmultipleresources",
      "entityName": "#ROOT#",
      "subjectName": "#RESOURCE#urn://resource-1-getprincipalaccesswithscope-acrossmultipleresources"
    },
    {
      "_resourceName": "urn://resource-2-getprincipalaccesswithscope-acrossmultipleresources",
      "entityName": "#ROOT#",
      "subjectName": "#RESOURCE#urn://resource-2-getprincipalaccesswithscope-acrossmultipleresources"
    }
  ]
}
