{
  "status": "Healthy",
  "duration": "00:00:00.0022361",
  "info": [
    {
      "key": "CommandProvider: InMemoryCommandProviderFactory",
      "duration": "00:00:00.0003459",
      "status": "Healthy",
      "data": {}
    },
    {
      "key": "Default",
      "duration": "00:00:00.0003619",
      "status": "Healthy",
      "data": {}
    }
  ]
}
