{
  "status": "Healthy",
  "duration": "00:00:00.0024793",
  "info": [
    {
      "key": "CommandProvider: InMemoryCommandProviderFactory",
      "duration": "00:00:00.0003318",
      "status": "Healthy",
      "data": {}
    },
    {
      "key": "Default",
      "duration": "00:00:00.0003762",
      "status": "Healthy",
      "data": {}
    }
  ]
}
