[
  {
    "Item": {
      "PublicMessage": "Public Message #1",
      "PrivateMessage": "Private Message #1",
      "OptionalMessage": null,
      "Id": "721068fc-1bef-49c1-b2ff-067afde13ce9",
      "PartitionKey": "ac3cea6c-87e7-4dc9-9b55-4bb0fc74e0f3",
      "TypeName": "test-item",
      "Version": 1,
      "CreatedDateTimeOffset": "2025-08-16T21:24:49.126566+00:00",
      "UpdatedDateTimeOffset": "2025-08-16T21:24:49.126566+00:00",
      "DeletedDateTimeOffset": null,
      "IsDeleted": null,
      "ETag": "\"04003874-0000-0300-0000-68a0f7210000\""
    }
  },
  {
    "Item": {
      "PublicMessage": "Public Message #2",
      "PrivateMessage": "Private Message #2",
      "OptionalMessage": null,
      "Id": "c040d8ad-373e-4d9d-bf10-690cca4be185",
      "PartitionKey": "fbed4512-1f83-48bf-9b93-daab01f8829a",
      "TypeName": "test-item",
      "Version": 1,
      "CreatedDateTimeOffset": "2025-08-16T21:24:49.188137+00:00",
      "UpdatedDateTimeOffset": "2025-08-16T21:24:49.188137+00:00",
      "DeletedDateTimeOffset": null,
      "IsDeleted": null,
      "ETag": "\"04003a74-0000-0300-0000-68a0f7210000\""
    }
  }
]
