[
  {
    "Item": {
      "Id": "c57551a9-a31e-4842-86b5-a88071dff834",
      "PartitionKey": "c3970253-d5f9-49a1-9df5-ddc6ebbe3198",
      "TypeName": "test-item",
      "CreatedDateTimeOffset": "2025-06-14T03:30:22.904234+00:00",
      "UpdatedDateTimeOffset": "2025-06-14T03:30:22.904234+00:00",
      "DeletedDateTimeOffset": null,
      "IsDeleted": null,
      "ETag": "\"0d009648-0000-0300-0000-684cecce0000\"",
      "PublicMessage": "Public Message #1",
      "PrivateMessage": "Private Message #1",
      "OptionalMessage": null
    }
  }
]
