[
  {
    "Item": {
      "PublicMessage": "Public Message #1",
      "PrivateMessage": "Private Message #1",
      "OptionalMessage": null,
      "Id": "ee9774f4-7d79-4ba2-9ac0-b85a59ee69bc",
      "PartitionKey": "33cd0578-f54d-40a0-9181-12a8932c127f",
      "TypeName": "test-item",
      "Version": 1,
      "CreatedDateTimeOffset": "2025-08-16T21:24:32.145152+00:00",
      "UpdatedDateTimeOffset": "2025-08-16T21:24:32.145152+00:00",
      "DeletedDateTimeOffset": null,
      "IsDeleted": null,
      "ETag": "\"0400d773-0000-0300-0000-68a0f7100000\""
    }
  },
  {
    "Item": {
      "PublicMessage": "Public Message #2",
      "PrivateMessage": "Private Message #2",
      "OptionalMessage": null,
      "Id": "ca6abe92-3a63-4ae7-a37d-a4df1a2cdb80",
      "PartitionKey": "cf9b79eb-592b-42fc-886e-b8124ee56d61",
      "TypeName": "test-item",
      "Version": 1,
      "CreatedDateTimeOffset": "2025-08-16T21:24:32.20869+00:00",
      "UpdatedDateTimeOffset": "2025-08-16T21:24:32.20869+00:00",
      "DeletedDateTimeOffset": null,
      "IsDeleted": null,
      "ETag": "\"0400d973-0000-0300-0000-68a0f7100000\""
    }
  }
]
