[
  {
    "Item": {
      "PublicMessage": "Public Message #1",
      "PrivateMessage": "Private Message #1",
      "OptionalMessage": null,
      "Id": "581c1c0a-a12d-4055-a04d-ccb0a8c5596f",
      "PartitionKey": "1112fc4a-e7a0-4184-acc1-ea3a04121a4c",
      "TypeName": "test-item",
      "Version": 1,
      "CreatedDateTimeOffset": "2025-08-16T21:24:51.017182+00:00",
      "UpdatedDateTimeOffset": "2025-08-16T21:24:51.017182+00:00",
      "DeletedDateTimeOffset": null,
      "IsDeleted": null,
      "ETag": "\"04004474-0000-0300-0000-68a0f7230000\""
    }
  }
]
