{
  "Item": {
    "PublicMessage": "Public Message #2",
    "PrivateMessage": "Private Message #2",
    "OptionalMessage": null,
    "Id": "7dded065-d204-4913-97ad-591e382baba5",
    "PartitionKey": "48953713-d269-42c1-b803-593f8c027aef",
    "TypeName": "test-item",
    "Version": 2,
    "CreatedDateTimeOffset": "2025-11-29T03:27:49.636086+00:00",
    "UpdatedDateTimeOffset": "2025-11-29T03:27:49.775151+00:00",
    "DeletedDateTimeOffset": null,
    "IsDeleted": null,
    "ETag": "\"00001b69-0000-0300-0000-692a68350000\""
  }
}
