[
  {
    "Item": {
      "Id": "f24cbe86-e210-4fc1-8832-9200cb6b3228",
      "PartitionKey": "0e3c3c52-4fb2-4194-be18-ca6755257a8b",
      "TypeName": "test-item",
      "Version": 1,
      "CreatedDateTimeOffset": "2025-08-10T21:54:54.254157+00:00",
      "UpdatedDateTimeOffset": "2025-08-10T21:54:54.254157+00:00",
      "DeletedDateTimeOffset": null,
      "IsDeleted": null,
      "ETag": "\"02001126-0000-0300-0000-6899152e0000\"",
      "PublicMessage": "Public Message #2",
      "PrivateMessage": "Private Message #2",
      "OptionalMessage": null
    }
  }
]
