[
  {
    "Item": {
      "PublicMessage": "Public Message #1",
      "PrivateMessage": "Private Message #1",
      "OptionalMessage": null,
      "Id": "043ad778-8f0c-4b36-be54-5974c05f6f8f",
      "PartitionKey": "1dfc6e57-3cc2-4f7b-9e99-8af93189a3f4",
      "TypeName": "test-item",
      "Version": 1,
      "CreatedDateTimeOffset": "2025-08-16T21:24:34.736088+00:00",
      "UpdatedDateTimeOffset": "2025-08-16T21:24:34.736088+00:00",
      "DeletedDateTimeOffset": null,
      "IsDeleted": null,
      "ETag": "\"0400e773-0000-0300-0000-68a0f7120000\""
    }
  }
]
