[
  {
    "Item": {
      "Id": "da49b4eb-d40e-4f6a-a504-ae81af6fa256",
      "PartitionKey": "bfc2c9e3-f0ab-44ec-8387-1fceb04ae298",
      "TypeName": "test-item",
      "Version": 1,
      "CreatedDateTimeOffset": "2025-08-10T21:53:35.843616+00:00",
      "UpdatedDateTimeOffset": "2025-08-10T21:53:35.843616+00:00",
      "DeletedDateTimeOffset": null,
      "IsDeleted": null,
      "ETag": "df333604-4e24-4a35-b7da-587a57ff4e98",
      "PublicMessage": "Public Message #1",
      "PrivateMessage": "Private Message #1",
      "OptionalMessage": null
    }
  },
  {
    "Item": {
      "Id": "7569e7ab-2e1a-4a42-8fba-d7acf4621c22",
      "PartitionKey": "1caec00c-8197-42ce-a53b-3caa1e109582",
      "TypeName": "test-item",
      "Version": 1,
      "CreatedDateTimeOffset": "2025-08-10T21:53:35.874116+00:00",
      "UpdatedDateTimeOffset": "2025-08-10T21:53:35.874116+00:00",
      "DeletedDateTimeOffset": null,
      "IsDeleted": null,
      "ETag": "ad1be1db-0e88-411c-97f1-a7bdfe2301ea",
      "PublicMessage": "Public Message #2",
      "PrivateMessage": "Private Message #2",
      "OptionalMessage": null
    }
  }
]
