[
  {
    "Item": {
      "PublicMessage": "Public Message #1",
      "PrivateMessage": "Private Message #1",
      "OptionalMessage": null,
      "Id": "a480478d-6c53-4dca-9359-54d29546e1ea",
      "PartitionKey": "4b426705-48f7-4def-bb99-b086e8cde0fd",
      "TypeName": "test-item",
      "Version": 1,
      "CreatedDateTimeOffset": "2025-08-16T21:33:59.484135+00:00",
      "UpdatedDateTimeOffset": "2025-08-16T21:33:59.484135+00:00",
      "DeletedDateTimeOffset": null,
      "IsDeleted": null,
      "ETag": "12170cb9-1ea3-4add-9057-02b9ba51e899"
    }
  }
]
