[
  {
    "Item": {
      "Id": "77979651-e1ad-4239-af03-07731feb9195",
      "PartitionKey": "85bd3ca3-1b1e-4fd0-9f25-a41cd68d2beb",
      "TypeName": "test-item",
      "CreatedDateTimeOffset": "2025-06-14T03:34:34.638484+00:00",
      "UpdatedDateTimeOffset": "2025-06-14T03:34:34.638484+00:00",
      "DeletedDateTimeOffset": null,
      "IsDeleted": null,
      "ETag": "bbb307bc-ed3a-4d29-9a39-0e8712fe3777",
      "PublicMessage": "Public Message #1",
      "PrivateMessage": "Private Message #1",
      "OptionalMessage": null
    }
  }
]
