[
  {
    "Item": {
      "Id": "9d4a1b91-015c-4790-af80-e6a60240056c",
      "PartitionKey": "5061ccc6-c151-42c8-8cd2-0d6821c1c974",
      "TypeName": "test-item",
      "CreatedDateTimeOffset": "2025-06-14T03:34:49.522215+00:00",
      "UpdatedDateTimeOffset": "2025-06-14T03:34:49.522215+00:00",
      "DeletedDateTimeOffset": null,
      "IsDeleted": null,
      "ETag": "4d9077a9-3bc8-400f-8285-638927fcbfee",
      "PublicMessage": "Public Message #1",
      "PrivateMessage": "Private Message #1",
      "OptionalMessage": null
    }
  }
]
