[
  {
    "Item": {
      "PublicMessage": "Public Message #2",
      "PrivateMessage": "Private Message #2",
      "OptionalMessage": null,
      "Id": "3d5edd1c-8909-4b61-8fb3-36498b3aa300",
      "PartitionKey": "e3393a53-ffe8-4cd2-9c39-3fca091a657c",
      "TypeName": "test-item",
      "Version": 1,
      "CreatedDateTimeOffset": "2025-08-16T21:34:04.188261+00:00",
      "UpdatedDateTimeOffset": "2025-08-16T21:34:04.188261+00:00",
      "DeletedDateTimeOffset": null,
      "IsDeleted": null,
      "ETag": "a3462765-55b3-474d-b598-138dc9a3bd78"
    }
  }
]
