[
  {
    "Item": {
      "Id": "99784e6c-99bf-42e3-ab97-003ecbf3bdd5",
      "PartitionKey": "525fe19b-f980-424d-b312-4a24b85fc0c5",
      "TypeName": "test-item",
      "Version": 1,
      "CreatedDateTimeOffset": "2025-08-10T21:53:31.168462+00:00",
      "UpdatedDateTimeOffset": "2025-08-10T21:53:31.168462+00:00",
      "DeletedDateTimeOffset": null,
      "IsDeleted": null,
      "ETag": "c0cb10b6-f2c7-42d2-bd39-6f8d52dd072c",
      "PublicMessage": "Public Message #1",
      "PrivateMessage": "Private Message #1",
      "OptionalMessage": null
    }
  },
  {
    "Item": {
      "Id": "be184215-9190-42e5-8ae6-f2bc5fdc6ec5",
      "PartitionKey": "c515cf4a-d020-4736-84de-4b84d5202d04",
      "TypeName": "test-item",
      "Version": 1,
      "CreatedDateTimeOffset": "2025-08-10T21:53:31.201125+00:00",
      "UpdatedDateTimeOffset": "2025-08-10T21:53:31.201125+00:00",
      "DeletedDateTimeOffset": null,
      "IsDeleted": null,
      "ETag": "e62ac541-21c5-4790-ae5d-69b6400c911a",
      "PublicMessage": "Public Message #2",
      "PrivateMessage": "Private Message #2",
      "OptionalMessage": null
    }
  }
]
