[
  {
    "Item": {
      "Id": "6e010acd-38c6-4414-9e6b-5a0a2c6135a1",
      "PartitionKey": "d18f86fb-62dd-4fbe-99ae-54893cd33a9f",
      "TypeName": "test-item",
      "Version": 1,
      "CreatedDateTimeOffset": "2025-08-10T21:53:36.29097+00:00",
      "UpdatedDateTimeOffset": "2025-08-10T21:53:36.29097+00:00",
      "DeletedDateTimeOffset": null,
      "IsDeleted": null,
      "ETag": "d2b7439b-545e-4c36-b2aa-c0351d84a5c6",
      "PublicMessage": "Public Message #2",
      "PrivateMessage": "Private Message #2",
      "OptionalMessage": null
    }
  }
]
