{
  "saved": [
    {
      "HttpStatusCode": "OK",
      "ReadResult": null
    },
    {
      "HttpStatusCode": "PreconditionFailed",
      "ReadResult": null
    }
  ],
  "read": [
    {
      "Item": {
        "Id": "3107d2ff-9f33-4718-b180-f7b65223fba8",
        "PartitionKey": "90eabddb-a71a-4ccb-aa1a-062590597fb2",
        "TypeName": "encrypted-test-item",
        "CreatedDateTimeOffset": "2025-06-14T03:34:57.082891+00:00",
        "UpdatedDateTimeOffset": "2025-06-14T03:34:57.082891+00:00",
        "DeletedDateTimeOffset": null,
        "IsDeleted": null,
        "ETag": "8de1ff6e-d8a5-493e-9ba8-d26967011025",
        "PublicMessage": "Public Message #1",
        "PrivateMessage": "Private Message #1",
        "OptionalMessage": null
      }
    },
    {
      "Item": {
        "Id": "5f969f1c-c115-4982-949b-4e4987197dfe",
        "PartitionKey": "90eabddb-a71a-4ccb-aa1a-062590597fb2",
        "TypeName": "encrypted-test-item",
        "CreatedDateTimeOffset": "2025-06-14T03:34:57.08296+00:00",
        "UpdatedDateTimeOffset": "2025-06-14T03:34:57.243742+00:00",
        "DeletedDateTimeOffset": null,
        "IsDeleted": null,
        "ETag": "6a7bec61-2c96-4381-a618-1dbe57245560",
        "PublicMessage": "Public Message #0",
        "PrivateMessage": "Private Message #0",
        "OptionalMessage": null
      }
    }
  ]
}
