[
  {
    "Item": {
      "PublicMessage": "Public Message #1",
      "PrivateMessage": "Private Message #1",
      "OptionalMessage": null,
      "Id": "919ae6f9-c7d8-47fc-acca-d6f3fedd1b7f",
      "PartitionKey": "2cac0efb-502b-4afa-bd97-531555001b12",
      "TypeName": "encrypted-test-item",
      "Version": 1,
      "CreatedDateTimeOffset": "2025-11-29T03:29:29.518889+00:00",
      "UpdatedDateTimeOffset": "2025-11-29T03:29:29.518889+00:00",
      "DeletedDateTimeOffset": null,
      "IsDeleted": null,
      "ETag": "967ADCE1-9220-4F36-B924-C4E7D6E87B75"
    }
  }
]
