[
  {
    "Item": {
      "PublicMessage": "Public Message #1",
      "PrivateMessage": "Private Message #1",
      "OptionalMessage": null,
      "Id": "49352f75-8e05-4eec-a4b2-393d227f5581",
      "PartitionKey": "b56c0527-527e-4fda-836f-46ee967a5c6a",
      "TypeName": "encrypted-test-item",
      "Version": 1,
      "CreatedDateTimeOffset": "2025-08-16T21:34:30.806084+00:00",
      "UpdatedDateTimeOffset": "2025-08-16T21:34:30.806084+00:00",
      "DeletedDateTimeOffset": null,
      "IsDeleted": null,
      "ETag": "3ad2c4ba-a3f2-4f50-abf3-b3025b94859b"
    }
  }
]
