[
  {
    "Item": {
      "PublicMessage": "Public Message #1",
      "PrivateMessage": "Private Message #1",
      "OptionalMessage": null,
      "Id": "f2017d19-6ccf-4389-9d91-5749c7dee4cf",
      "PartitionKey": "7c1dee04-7733-4798-9f36-9a957cab24ff",
      "TypeName": "encrypted-test-item",
      "Version": 1,
      "CreatedDateTimeOffset": "2025-08-16T21:34:14.214292+00:00",
      "UpdatedDateTimeOffset": "2025-08-16T21:34:14.214292+00:00",
      "DeletedDateTimeOffset": null,
      "IsDeleted": null,
      "ETag": "0525bbc2-44bf-451f-bbe0-30a686e98f83"
    }
  }
]
