[
  {
    "HttpStatusCode": "OK",
    "ReadResult": {
      "Item": {
        "PublicMessage": "Public Message #3",
        "PrivateMessage": "Private Message #3",
        "OptionalMessage": null,
        "Id": "e89a2934-b506-4cc7-bf03-4148b3a10ace",
        "PartitionKey": "0a7bc917-5670-41cf-87b7-7d97d51ecb82",
        "TypeName": "encrypted-test-item",
        "Version": 2,
        "CreatedDateTimeOffset": "2025-11-29T05:27:19.143027+00:00",
        "UpdatedDateTimeOffset": "2025-11-29T05:27:19.209224+00:00",
        "DeletedDateTimeOffset": null,
        "IsDeleted": null,
        "ETag": "49e88cd0-915f-407f-b68e-365da742b487"
      }
    }
  },
  {
    "HttpStatusCode": "OK",
    "ReadResult": {
      "Item": {
        "PublicMessage": "Public Message #4",
        "PrivateMessage": "Private Message #4",
        "OptionalMessage": null,
        "Id": "7058e816-5913-4fc7-92ae-d3bf14c7c9b4",
        "PartitionKey": "0a7bc917-5670-41cf-87b7-7d97d51ecb82",
        "TypeName": "encrypted-test-item",
        "Version": 2,
        "CreatedDateTimeOffset": "2025-11-29T05:27:19.14307+00:00",
        "UpdatedDateTimeOffset": "2025-11-29T05:27:19.225473+00:00",
        "DeletedDateTimeOffset": null,
        "IsDeleted": null,
        "ETag": "7099001f-a1d3-4868-9dbb-920682890aea"
      }
    }
  }
]
