[
  {
    "Item": {
      "Id": "e0b9c260-3ca4-4a6d-95df-55780e2232e0",
      "PartitionKey": "c4ff244e-8ce8-4189-94d0-88d5689f1fc7",
      "TypeName": "encrypted-test-item",
      "CreatedDateTimeOffset": "2025-06-14T03:35:03.386283+00:00",
      "UpdatedDateTimeOffset": "2025-06-14T03:35:03.386283+00:00",
      "DeletedDateTimeOffset": null,
      "IsDeleted": null,
      "ETag": "cb8ab16e-b70c-4794-95c5-989bf6413256",
      "PublicMessage": "Public Message #2",
      "PrivateMessage": "Private Message #2",
      "OptionalMessage": null
    }
  },
  {
    "Item": {
      "Id": "c4ea0ce9-7c87-4cbd-a315-d1061414e4f0",
      "PartitionKey": "8549d247-41e2-43b8-800a-90edb5bcc413",
      "TypeName": "encrypted-test-item",
      "CreatedDateTimeOffset": "2025-06-14T03:35:03.302475+00:00",
      "UpdatedDateTimeOffset": "2025-06-14T03:35:03.302475+00:00",
      "DeletedDateTimeOffset": null,
      "IsDeleted": null,
      "ETag": "8b52e211-515b-4490-842e-aa1c5d7a1485",
      "PublicMessage": "Public Message #1",
      "PrivateMessage": "Private Message #1",
      "OptionalMessage": null
    }
  }
]
