[
  {
    "Item": {
      "Id": "66a83c9d-6591-46d8-986b-651ad6db42d8",
      "PartitionKey": "ce93fc95-38e8-49c3-96d4-b944f7509794",
      "TypeName": "encrypted-test-item",
      "CreatedDateTimeOffset": "2025-06-14T03:36:10.073834+00:00",
      "UpdatedDateTimeOffset": "2025-06-14T03:36:10.073834+00:00",
      "DeletedDateTimeOffset": null,
      "IsDeleted": null,
      "ETag": "58566fd4-5aad-4a8f-8836-0511248d5c57",
      "PublicMessage": "Public Message #1",
      "PrivateMessage": "Private Message #1",
      "OptionalMessage": null
    }
  },
  {
    "Item": {
      "Id": "c8e6f549-1d9c-4767-9a57-e03534568966",
      "PartitionKey": "0e49b547-4ddd-4653-9c79-645bb89a210e",
      "TypeName": "encrypted-test-item",
      "CreatedDateTimeOffset": "2025-06-14T03:36:10.888246+00:00",
      "UpdatedDateTimeOffset": "2025-06-14T03:36:10.888246+00:00",
      "DeletedDateTimeOffset": null,
      "IsDeleted": null,
      "ETag": "88a99783-428a-44ab-81cc-825adb11d288",
      "PublicMessage": "Public Message #2",
      "PrivateMessage": "Private Message #2",
      "OptionalMessage": null
    }
  }
]
