{
  "Item": {
    "Id": "2a4cb3ec-6624-4fc6-abc4-6a5db019f8f9",
    "PartitionKey": "b297ff5b-2ab5-4b8d-9dfd-57d2e1d8c3d2",
    "TypeName": "encrypted-test-item",
    "CreatedDateTimeOffset": "2025-06-14T03:32:12.219587+00:00",
    "UpdatedDateTimeOffset": "2025-06-14T03:32:12.219587+00:00",
    "DeletedDateTimeOffset": null,
    "IsDeleted": null,
    "ETag": "1F945C81-A800-4254-83C6-5E5CA1654EDD",
    "PublicMessage": "Public Message #1",
    "PrivateMessage": "Private Message #1",
    "OptionalMessage": null
  }
}
