[
  {
    "HttpStatusCode": "OK",
    "ReadResult": {
      "Item": {
        "Id": "267e3d9e-55be-4030-be5a-793bd5f59147",
        "PartitionKey": "355bff90-f0b6-4a50-8b49-ba9882820390",
        "TypeName": "encrypted-test-item",
        "CreatedDateTimeOffset": "2025-06-14T03:36:36.75253+00:00",
        "UpdatedDateTimeOffset": "2025-06-14T03:36:36.75253+00:00",
        "DeletedDateTimeOffset": null,
        "IsDeleted": null,
        "ETag": "06a25330-a6ad-4dd8-bb21-4025154524b4",
        "PublicMessage": "Public Message #1",
        "PrivateMessage": "Private Message #1",
        "OptionalMessage": null
      }
    }
  },
  {
    "HttpStatusCode": "OK",
    "ReadResult": {
      "Item": {
        "Id": "a18c881a-2268-4651-b4c2-2c5ac992f0f3",
        "PartitionKey": "355bff90-f0b6-4a50-8b49-ba9882820390",
        "TypeName": "encrypted-test-item",
        "CreatedDateTimeOffset": "2025-06-14T03:36:36.752575+00:00",
        "UpdatedDateTimeOffset": "2025-06-14T03:36:36.752575+00:00",
        "DeletedDateTimeOffset": null,
        "IsDeleted": null,
        "ETag": "8cd32939-d0fb-4628-8b6a-6d4fbd7c7047",
        "PublicMessage": "Public Message #2",
        "PrivateMessage": "Private Message #2",
        "OptionalMessage": null
      }
    }
  }
]
