[
  {
    "Item": {
      "Id": "fbb07206-58a2-41ca-845e-eee8c7e42dd3",
      "PartitionKey": "527aa0bc-e004-4937-b0a2-8b4d2236a12a",
      "TypeName": "encrypted-test-item",
      "Version": 1,
      "CreatedDateTimeOffset": "2025-08-10T21:53:54.974879+00:00",
      "UpdatedDateTimeOffset": "2025-08-10T21:53:54.974879+00:00",
      "DeletedDateTimeOffset": null,
      "IsDeleted": null,
      "ETag": "dbaecef3-05e6-4092-be0c-71ec77720b25",
      "PublicMessage": "Public Message #1",
      "PrivateMessage": "Private Message #1",
      "OptionalMessage": null
    }
  }
]
