{
  "Item": {
    "Id": "a8cf4bc4-745a-471c-8fb1-5d4e124bbde2",
    "PartitionKey": "2b541bfd-4605-48f9-b1bc-5aba5f64cd24",
    "TypeName": "encrypted-test-item",
    "CreatedDateTimeOffset": "2025-06-14T03:32:32.064251+00:00",
    "UpdatedDateTimeOffset": "2025-06-14T03:32:32.064251+00:00",
    "DeletedDateTimeOffset": null,
    "IsDeleted": null,
    "ETag": "FCEADFE0-5253-46A8-96B8-94A80A010F78",
    "PublicMessage": "Public Message #1",
    "PrivateMessage": "Private Message #1",
    "OptionalMessage": null
  }
}
