{
  "Item": {
    "Id": "a8cf4bc4-745a-471c-8fb1-5d4e124bbde2",
    "PartitionKey": "2b541bfd-4605-48f9-b1bc-5aba5f64cd24",
    "TypeName": "encrypted-test-item",
    "Version": 1,
    "CreatedDateTimeOffset": "2025-08-10T21:53:55.643244+00:00",
    "UpdatedDateTimeOffset": "2025-08-10T21:53:55.643244+00:00",
    "DeletedDateTimeOffset": null,
    "IsDeleted": null,
    "ETag": "f000a489-e50c-47fa-b552-58174c111bb5",
    "PublicMessage": "Public Message #1",
    "PrivateMessage": "Private Message #1",
    "OptionalMessage": null
  }
}
