[
  {
    "HttpStatusCode": "OK",
    "ReadResult": {
      "Item": {
        "Id": "267e3d9e-55be-4030-be5a-793bd5f59147",
        "PartitionKey": "355bff90-f0b6-4a50-8b49-ba9882820390",
        "TypeName": "encrypted-test-item",
        "CreatedDateTimeOffset": "2025-06-14T03:31:03.898442+00:00",
        "UpdatedDateTimeOffset": "2025-06-14T03:31:03.898442+00:00",
        "DeletedDateTimeOffset": null,
        "IsDeleted": null,
        "ETag": "474F1E23-2C6A-4503-A0F2-33D5BA87E1D7",
        "PublicMessage": "Public Message #1",
        "PrivateMessage": "Private Message #1",
        "OptionalMessage": null
      }
    }
  },
  {
    "HttpStatusCode": "OK",
    "ReadResult": {
      "Item": {
        "Id": "a18c881a-2268-4651-b4c2-2c5ac992f0f3",
        "PartitionKey": "355bff90-f0b6-4a50-8b49-ba9882820390",
        "TypeName": "encrypted-test-item",
        "CreatedDateTimeOffset": "2025-06-14T03:31:03.898476+00:00",
        "UpdatedDateTimeOffset": "2025-06-14T03:31:03.898476+00:00",
        "DeletedDateTimeOffset": null,
        "IsDeleted": null,
        "ETag": "89C1270E-1627-4785-9FF7-215DD181D931",
        "PublicMessage": "Public Message #2",
        "PrivateMessage": "Private Message #2",
        "OptionalMessage": null
      }
    }
  }
]
