[
  {
    "Item": {
      "Id": "a70da918-45d8-4742-8424-c90a0b98dd60",
      "PartitionKey": "12dcd250-b8a9-4b59-935b-6db44fb2f241",
      "TypeName": "encrypted-test-item",
      "CreatedDateTimeOffset": "2025-06-14T03:35:02.619603+00:00",
      "UpdatedDateTimeOffset": "2025-06-14T03:35:02.619603+00:00",
      "DeletedDateTimeOffset": null,
      "IsDeleted": null,
      "ETag": "21dd78e2-bfcb-43bb-b2ce-6e0779dc14ce",
      "PublicMessage": "Public Message #1",
      "PrivateMessage": "Private Message #1",
      "OptionalMessage": null
    }
  },
  {
    "Item": {
      "Id": "560563ab-18dc-45b9-833f-475242ff7240",
      "PartitionKey": "167bafae-ed31-4938-9c16-080267031e39",
      "TypeName": "encrypted-test-item",
      "CreatedDateTimeOffset": "2025-06-14T03:35:02.70594+00:00",
      "UpdatedDateTimeOffset": "2025-06-14T03:35:02.70594+00:00",
      "DeletedDateTimeOffset": null,
      "IsDeleted": null,
      "ETag": "b0aff62a-243e-47cc-b74b-e8fe9b87e2fc",
      "PublicMessage": "Public Message #2",
      "PrivateMessage": "Private Message #2",
      "OptionalMessage": null
    }
  }
]
