[
  {
    "Item": {
      "PublicMessage": "Public Message #2",
      "PrivateMessage": "Private Message #2",
      "OptionalMessage": null,
      "Id": "2e24fcde-91d7-4804-a58d-863c9e814e2d",
      "PartitionKey": "c413f894-b10e-4b67-a512-b6a9f2cbae5e",
      "TypeName": "encrypted-test-item",
      "Version": 1,
      "CreatedDateTimeOffset": "2025-08-16T21:34:09.166414+00:00",
      "UpdatedDateTimeOffset": "2025-08-16T21:34:09.166414+00:00",
      "DeletedDateTimeOffset": null,
      "IsDeleted": null,
      "ETag": "abdd8151-65c5-4914-b9a2-fcb9a1f5b230"
    }
  }
]
