[
  {
    "Item": {
      "Id": "44bb4660-c964-48aa-b1ae-41e1d63b02f4",
      "PartitionKey": "f1bc68a9-6da9-4e4b-bc8b-e6e1df8d75a8",
      "TypeName": "encrypted-test-item",
      "Version": 1,
      "CreatedDateTimeOffset": "2025-08-10T21:55:12.099755+00:00",
      "UpdatedDateTimeOffset": "2025-08-10T21:55:12.099755+00:00",
      "DeletedDateTimeOffset": null,
      "IsDeleted": null,
      "ETag": "\"02007b26-0000-0300-0000-689915400000\"",
      "PublicMessage": "Public Message #1",
      "PrivateMessage": "Private Message #1",
      "OptionalMessage": null
    }
  }
]
