{
  "Item": {
    "PublicMessage": "Public Message #1",
    "PrivateMessage": "Private Message #1",
    "OptionalMessage": null,
    "Id": "2a4cb3ec-6624-4fc6-abc4-6a5db019f8f9",
    "PartitionKey": "b297ff5b-2ab5-4b8d-9dfd-57d2e1d8c3d2",
    "TypeName": "encrypted-test-item",
    "Version": 1,
    "CreatedDateTimeOffset": "2025-11-29T03:28:18.469159+00:00",
    "UpdatedDateTimeOffset": "2025-11-29T03:28:18.469159+00:00",
    "DeletedDateTimeOffset": null,
    "IsDeleted": null,
    "ETag": "\"0000ad69-0000-0300-0000-692a68520000\""
  }
}
