[
  {
    "Item": {
      "PublicMessage": "Public Message #1",
      "PrivateMessage": "Private Message #1",
      "OptionalMessage": null,
      "Id": "d01e125b-b1f1-4685-a6eb-cb5621096feb",
      "PartitionKey": "65b03f1f-652e-4433-8654-89d5beb99d45",
      "TypeName": "encrypted-test-item",
      "Version": 1,
      "CreatedDateTimeOffset": "2025-08-16T21:34:29.911132+00:00",
      "UpdatedDateTimeOffset": "2025-08-16T21:34:29.911132+00:00",
      "DeletedDateTimeOffset": null,
      "IsDeleted": null,
      "ETag": "c8c3fa94-2cff-4cef-a492-15db5008324f"
    }
  },
  {
    "Item": {
      "PublicMessage": "Public Message #2",
      "PrivateMessage": "Private Message #2",
      "OptionalMessage": null,
      "Id": "b27e2bc0-cd8d-4f9b-a0d0-cfeb962c0ab1",
      "PartitionKey": "1c1f2590-fb80-4a06-a7cb-797d3afb7d64",
      "TypeName": "encrypted-test-item",
      "Version": 1,
      "CreatedDateTimeOffset": "2025-08-16T21:34:29.972371+00:00",
      "UpdatedDateTimeOffset": "2025-08-16T21:34:29.972371+00:00",
      "DeletedDateTimeOffset": null,
      "IsDeleted": null,
      "ETag": "f230f419-1ce3-4706-97cc-cef97a178e1b"
    }
  }
]
