[
  {
    "Item": {
      "PublicMessage": "Public Message #1",
      "PrivateMessage": "Private Message #1",
      "OptionalMessage": null,
      "Id": "b6910815-87ce-427e-bb7b-7b26eb82eb4a",
      "PartitionKey": "70b656be-3e5e-4374-ad5e-f95d7dc1c24b",
      "TypeName": "encrypted-test-item",
      "Version": 1,
      "CreatedDateTimeOffset": "2025-11-29T05:27:15.64651+00:00",
      "UpdatedDateTimeOffset": "2025-11-29T05:27:15.64651+00:00",
      "DeletedDateTimeOffset": null,
      "IsDeleted": null,
      "ETag": "a707e14d-792d-4f7c-be75-bc5d685f68e6"
    }
  },
  {
    "Item": {
      "PublicMessage": "Public Message #2",
      "PrivateMessage": "Private Message #2",
      "OptionalMessage": null,
      "Id": "7bd9b11b-b6e1-4070-8aca-7cbbf3622d09",
      "PartitionKey": "f474f63a-4ee4-4527-9223-e85852de80de",
      "TypeName": "encrypted-test-item",
      "Version": 1,
      "CreatedDateTimeOffset": "2025-11-29T05:27:15.679613+00:00",
      "UpdatedDateTimeOffset": "2025-11-29T05:27:15.679613+00:00",
      "DeletedDateTimeOffset": null,
      "IsDeleted": null,
      "ETag": "d958baf5-059c-4e59-ab03-bd1ca1d63658"
    }
  }
]
