[
  {
    "Item": {
      "Id": "548a65f1-6eb7-41de-acce-93bcc87b86a7",
      "PartitionKey": "8ca85d46-195f-4f29-bf6b-c9b831fbd38b",
      "TypeName": "encrypted-test-item",
      "Version": 1,
      "CreatedDateTimeOffset": "2025-08-10T21:55:09.56099+00:00",
      "UpdatedDateTimeOffset": "2025-08-10T21:55:09.56099+00:00",
      "DeletedDateTimeOffset": null,
      "IsDeleted": null,
      "ETag": "\"02006a26-0000-0300-0000-6899153d0000\"",
      "PublicMessage": "Public Message #1",
      "PrivateMessage": "Private Message #1",
      "OptionalMessage": null
    }
  },
  {
    "Item": {
      "Id": "6788ebd5-9885-4dc4-abaf-af4b43ac8c0c",
      "PartitionKey": "56de6f1b-0391-4f0b-9e58-71bf862bc716",
      "TypeName": "encrypted-test-item",
      "Version": 1,
      "CreatedDateTimeOffset": "2025-08-10T21:55:09.62403+00:00",
      "UpdatedDateTimeOffset": "2025-08-10T21:55:09.62403+00:00",
      "DeletedDateTimeOffset": null,
      "IsDeleted": null,
      "ETag": "\"02006c26-0000-0300-0000-6899153d0000\"",
      "PublicMessage": "Public Message #2",
      "PrivateMessage": "Private Message #2",
      "OptionalMessage": null
    }
  }
]
