[
  {
    "Item": {
      "Id": "ab118ea8-ed37-468d-9456-fc709aacc966",
      "PartitionKey": "cfb9bf9c-c1ed-454a-8ffe-ebed74f1ac5f",
      "TypeName": "encrypted-test-item",
      "Version": 1,
      "CreatedDateTimeOffset": "2025-08-10T21:53:54.385444+00:00",
      "UpdatedDateTimeOffset": "2025-08-10T21:53:54.385444+00:00",
      "DeletedDateTimeOffset": null,
      "IsDeleted": null,
      "ETag": "3c6c9d2c-3ee9-4dc3-9a99-3196780a9255",
      "PublicMessage": "Public Message #1",
      "PrivateMessage": "Private Message #1",
      "OptionalMessage": null
    }
  },
  {
    "Item": {
      "Id": "372f1ad7-e19e-4b5f-82dc-e3c9dbb1d72f",
      "PartitionKey": "4cc7e9e2-1bfa-4e21-b1a6-4b244289390c",
      "TypeName": "encrypted-test-item",
      "Version": 1,
      "CreatedDateTimeOffset": "2025-08-10T21:53:54.45273+00:00",
      "UpdatedDateTimeOffset": "2025-08-10T21:53:54.45273+00:00",
      "DeletedDateTimeOffset": null,
      "IsDeleted": null,
      "ETag": "8e4b174a-8b6d-492a-885d-4828806cfa32",
      "PublicMessage": "Public Message #2",
      "PrivateMessage": "Private Message #2",
      "OptionalMessage": null
    }
  }
]
