[
  {
    "Item": {
      "PublicMessage": "Public Message #2",
      "PrivateMessage": "Private Message #2",
      "OptionalMessage": null,
      "Id": "b7271f5b-748b-41ab-b1f4-f8f16c999541",
      "PartitionKey": "a2f6e801-a9f3-4482-b2f1-d271251bcd73",
      "TypeName": "encrypted-test-item",
      "Version": 1,
      "CreatedDateTimeOffset": "2025-08-16T21:25:07.166256+00:00",
      "UpdatedDateTimeOffset": "2025-08-16T21:25:07.166256+00:00",
      "DeletedDateTimeOffset": null,
      "IsDeleted": null,
      "ETag": "\"0400a374-0000-0300-0000-68a0f7330000\""
    }
  }
]
