[
  {
    "Item": {
      "PublicMessage": "Public Message #1",
      "PrivateMessage": "Private Message #1",
      "OptionalMessage": null,
      "Id": "5587e3e7-06b4-4f79-9e4a-73cb020a707f",
      "PartitionKey": "4884ae95-8c10-46a0-b2fa-f6c7a5c6c25a",
      "TypeName": "encrypted-test-item",
      "Version": 1,
      "CreatedDateTimeOffset": "2025-08-16T21:34:14.430962+00:00",
      "UpdatedDateTimeOffset": "2025-08-16T21:34:14.430962+00:00",
      "DeletedDateTimeOffset": null,
      "IsDeleted": null,
      "ETag": "d30bf972-526f-4a9c-ab0e-0180504b4475"
    }
  }
]
