[
  {
    "HttpStatusCode": "OK",
    "ReadResult": {
      "Item": {
        "PublicMessage": "Public Message #3",
        "PrivateMessage": "Private Message #3",
        "OptionalMessage": null,
        "Id": "e89a2934-b506-4cc7-bf03-4148b3a10ace",
        "PartitionKey": "0a7bc917-5670-41cf-87b7-7d97d51ecb82",
        "TypeName": "encrypted-test-item",
        "Version": 2,
        "CreatedDateTimeOffset": "2025-08-16T21:25:00.183552+00:00",
        "UpdatedDateTimeOffset": "2025-08-16T21:25:00.316131+00:00",
        "DeletedDateTimeOffset": null,
        "IsDeleted": null,
        "ETag": "\"04007674-0000-0300-0000-68a0f72c0000\""
      }
    }
  },
  {
    "HttpStatusCode": "OK",
    "ReadResult": {
      "Item": {
        "PublicMessage": "Public Message #4",
        "PrivateMessage": "Private Message #4",
        "OptionalMessage": null,
        "Id": "7058e816-5913-4fc7-92ae-d3bf14c7c9b4",
        "PartitionKey": "0a7bc917-5670-41cf-87b7-7d97d51ecb82",
        "TypeName": "encrypted-test-item",
        "Version": 2,
        "CreatedDateTimeOffset": "2025-08-16T21:25:00.183577+00:00",
        "UpdatedDateTimeOffset": "2025-08-16T21:25:00.384085+00:00",
        "DeletedDateTimeOffset": null,
        "IsDeleted": null,
        "ETag": "\"04007874-0000-0300-0000-68a0f72c0000\""
      }
    }
  }
]
