[
  {
    "Item": {
      "Id": "05e4cd10-9766-4bfd-a878-cb4bb210e9c9",
      "PartitionKey": "8788357c-d321-44eb-9a95-69166c1cade0",
      "TypeName": "encrypted-test-item",
      "Version": 1,
      "CreatedDateTimeOffset": "2025-08-10T21:53:45.399077+00:00",
      "UpdatedDateTimeOffset": "2025-08-10T21:53:45.399077+00:00",
      "DeletedDateTimeOffset": null,
      "IsDeleted": null,
      "ETag": "a3cd2b44-1193-4566-8245-e2484ced80bd",
      "PublicMessage": "Public Message #2",
      "PrivateMessage": "Private Message #2",
      "OptionalMessage": null
    }
  },
  {
    "Item": {
      "Id": "c1690ec1-9ead-4f3c-9a61-21db778ec4ec",
      "PartitionKey": "496b23b5-ab3a-449e-868e-07e443f8f013",
      "TypeName": "encrypted-test-item",
      "Version": 1,
      "CreatedDateTimeOffset": "2025-08-10T21:53:45.365654+00:00",
      "UpdatedDateTimeOffset": "2025-08-10T21:53:45.365654+00:00",
      "DeletedDateTimeOffset": null,
      "IsDeleted": null,
      "ETag": "b2a8e535-9934-443e-bd92-90b88222bbf9",
      "PublicMessage": "Public Message #1",
      "PrivateMessage": "Private Message #1",
      "OptionalMessage": null
    }
  }
]
