[
  {
    "Item": {
      "Id": "1c356aad-e419-4d90-b51e-aced8631f57d",
      "PartitionKey": "22f5a791-0fba-4aa7-9be7-0fb1aa9c146e",
      "TypeName": "encrypted-test-item",
      "Version": 1,
      "CreatedDateTimeOffset": "2025-08-10T21:54:01.894908+00:00",
      "UpdatedDateTimeOffset": "2025-08-10T21:54:01.894908+00:00",
      "DeletedDateTimeOffset": null,
      "IsDeleted": null,
      "ETag": "9fc7c2ae-5b24-47c8-ba99-fd5736f753d5",
      "PublicMessage": "Public Message #2",
      "PrivateMessage": "Private Message #2",
      "OptionalMessage": null
    }
  }
]
