[
  {
    "Item": {
      "PublicMessage": "Public Message #2",
      "PrivateMessage": "Private Message #2",
      "OptionalMessage": null,
      "Id": "acf9a7a3-0533-4727-8ffc-05687810ec15",
      "PartitionKey": "11cc9322-d4b9-4178-8b37-6818070ab9bd",
      "TypeName": "encrypted-test-item",
      "Version": 1,
      "CreatedDateTimeOffset": "2025-08-16T21:34:13.785675+00:00",
      "UpdatedDateTimeOffset": "2025-08-16T21:34:13.785675+00:00",
      "DeletedDateTimeOffset": null,
      "IsDeleted": null,
      "ETag": "56f7de05-116a-4b31-84d2-5d597b8d9ef5"
    }
  },
  {
    "Item": {
      "PublicMessage": "Public Message #1",
      "PrivateMessage": "Private Message #1",
      "OptionalMessage": null,
      "Id": "44ec44d5-1151-4a60-ab2d-1c717316eeeb",
      "PartitionKey": "5de364ca-60e9-4d18-b3a9-3f1b216de884",
      "TypeName": "encrypted-test-item",
      "Version": 1,
      "CreatedDateTimeOffset": "2025-08-16T21:34:13.750991+00:00",
      "UpdatedDateTimeOffset": "2025-08-16T21:34:13.750991+00:00",
      "DeletedDateTimeOffset": null,
      "IsDeleted": null,
      "ETag": "91299706-cd03-4fe2-aab5-f7bcf854df00"
    }
  }
]
