[
  {
    "HttpStatusCode": "OK",
    "ReadResult": {
      "Item": {
        "Id": "267e3d9e-55be-4030-be5a-793bd5f59147",
        "PartitionKey": "355bff90-f0b6-4a50-8b49-ba9882820390",
        "TypeName": "encrypted-test-item",
        "CreatedDateTimeOffset": "2025-06-14T03:35:08.432939+00:00",
        "UpdatedDateTimeOffset": "2025-06-14T03:35:08.432939+00:00",
        "DeletedDateTimeOffset": null,
        "IsDeleted": null,
        "ETag": "9daf51bf-cf24-4ae8-99d8-fa4c4acf6652",
        "PublicMessage": "Public Message #1",
        "PrivateMessage": "Private Message #1",
        "OptionalMessage": null
      }
    }
  },
  {
    "HttpStatusCode": "OK",
    "ReadResult": {
      "Item": {
        "Id": "a18c881a-2268-4651-b4c2-2c5ac992f0f3",
        "PartitionKey": "355bff90-f0b6-4a50-8b49-ba9882820390",
        "TypeName": "encrypted-test-item",
        "CreatedDateTimeOffset": "2025-06-14T03:35:08.43297+00:00",
        "UpdatedDateTimeOffset": "2025-06-14T03:35:08.43297+00:00",
        "DeletedDateTimeOffset": null,
        "IsDeleted": null,
        "ETag": "bf9df305-cb6a-41b2-adda-94bf102c4f8c",
        "PublicMessage": "Public Message #2",
        "PrivateMessage": "Private Message #2",
        "OptionalMessage": null
      }
    }
  }
]
