[
  {
    "Item": {
      "Id": "671bfe34-1023-42c9-990f-e512d1a6e248",
      "PartitionKey": "a183f264-8683-4ea7-bf65-9c6943845492",
      "TypeName": "encrypted-test-item",
      "Version": 1,
      "CreatedDateTimeOffset": "2025-08-10T21:55:10.864139+00:00",
      "UpdatedDateTimeOffset": "2025-08-10T21:55:10.864139+00:00",
      "DeletedDateTimeOffset": null,
      "IsDeleted": null,
      "ETag": "\"02007526-0000-0300-0000-6899153e0000\"",
      "PublicMessage": "Public Message #2",
      "PrivateMessage": "Private Message #2",
      "OptionalMessage": null
    }
  }
]
