[
  {
    "Item": {
      "Id": "85dc139f-d4d6-41c5-9a29-7e11a31b8256",
      "PartitionKey": "b8f7d02c-d1b3-4fa4-a79f-8443efe5c064",
      "TypeName": "encrypted-test-item",
      "Version": 1,
      "CreatedDateTimeOffset": "2025-08-10T21:53:54.84454+00:00",
      "UpdatedDateTimeOffset": "2025-08-10T21:53:54.84454+00:00",
      "DeletedDateTimeOffset": null,
      "IsDeleted": null,
      "ETag": "8cd3e39e-eb85-4628-a597-d9ada1a4bf5f",
      "PublicMessage": "Public Message #2",
      "PrivateMessage": "Private Message #2",
      "OptionalMessage": null
    }
  }
]
