{
  "saved": [
    {
      "HttpStatusCode": "FailedDependency",
      "ReadResult": null
    },
    {
      "HttpStatusCode": "PreconditionFailed",
      "ReadResult": null
    }
  ],
  "read": [
    {
      "Item": {
        "PublicMessage": "Public Message #1",
        "PrivateMessage": "Private Message #1",
        "OptionalMessage": null,
        "Id": "0ffc3bd2-b33f-4902-a4bf-b804d8aa01e9",
        "PartitionKey": "c25361d6-3d14-452d-a99d-22ef7c85d70e",
        "TypeName": "encrypted-test-item",
        "Version": 1,
        "CreatedDateTimeOffset": "2025-11-29T06:06:02.331633+00:00",
        "UpdatedDateTimeOffset": "2025-11-29T06:06:02.331633+00:00",
        "DeletedDateTimeOffset": null,
        "IsDeleted": null,
        "ETag": "03818528-1ae0-47ef-a540-6cf2bb350fe9"
      }
    }
  ]
}
