[
  {
    "Item": {
      "Id": "0d5494a5-c6ff-4440-ade7-4d83afcef417",
      "PartitionKey": "e021a1aa-c25b-40eb-b120-1dde923ff925",
      "TypeName": "encrypted-test-item",
      "Version": 1,
      "CreatedDateTimeOffset": "2025-08-10T21:53:54.648328+00:00",
      "UpdatedDateTimeOffset": "2025-08-10T21:53:54.648328+00:00",
      "DeletedDateTimeOffset": null,
      "IsDeleted": null,
      "ETag": "5f14b749-d3b9-47c0-ade7-25442bd8095a",
      "PublicMessage": "Public Message #2",
      "PrivateMessage": "Private Message #2",
      "OptionalMessage": null
    }
  },
  {
    "Item": {
      "Id": "5958659e-2bde-4502-b447-fab10813bfc6",
      "PartitionKey": "e0707821-6646-4373-a050-121daccb63a7",
      "TypeName": "encrypted-test-item",
      "Version": 1,
      "CreatedDateTimeOffset": "2025-08-10T21:53:54.580996+00:00",
      "UpdatedDateTimeOffset": "2025-08-10T21:53:54.580996+00:00",
      "DeletedDateTimeOffset": null,
      "IsDeleted": null,
      "ETag": "509f112a-92c3-42fd-b39f-aaf8dc7b2807",
      "PublicMessage": "Public Message #1",
      "PrivateMessage": "Private Message #1",
      "OptionalMessage": null
    }
  }
]
