[
  {
    "Item": {
      "PublicMessage": "Public Message #1",
      "PrivateMessage": "Private Message #1",
      "OptionalMessage": null,
      "Id": "9f8a05d7-5666-4151-90b2-93c14acdc65b",
      "PartitionKey": "fcc709a1-18cf-4d83-bc0b-aae5e2aacef9",
      "TypeName": "encrypted-test-item",
      "Version": 1,
      "CreatedDateTimeOffset": "2025-08-16T21:34:09.57451+00:00",
      "UpdatedDateTimeOffset": "2025-08-16T21:34:09.57451+00:00",
      "DeletedDateTimeOffset": null,
      "IsDeleted": null,
      "ETag": "51c085ba-465c-4768-976a-a8eb9dac2a24"
    }
  }
]
