[
  {
    "Item": {
      "PublicMessage": "Public Message #1",
      "PrivateMessage": "Private Message #1",
      "OptionalMessage": null,
      "Id": "d25e361a-228e-4b5f-8b9d-f7a962e0bdec",
      "PartitionKey": "1a0dc59b-b0ba-4af2-8425-b4ee5235fd59",
      "TypeName": "encrypted-test-item",
      "Version": 1,
      "CreatedDateTimeOffset": "2025-11-29T03:28:38.392907+00:00",
      "UpdatedDateTimeOffset": "2025-11-29T03:28:38.392907+00:00",
      "DeletedDateTimeOffset": null,
      "IsDeleted": null,
      "ETag": "\"0000196a-0000-0300-0000-692a68660000\""
    }
  },
  {
    "Item": {
      "PublicMessage": "Public Message #2",
      "PrivateMessage": "Private Message #2",
      "OptionalMessage": null,
      "Id": "f09a737a-5517-455b-ac1f-bf7862754d82",
      "PartitionKey": "bf676f08-2da3-401b-b0e7-7d4fffe5ba1c",
      "TypeName": "encrypted-test-item",
      "Version": 1,
      "CreatedDateTimeOffset": "2025-11-29T03:28:38.4585+00:00",
      "UpdatedDateTimeOffset": "2025-11-29T03:28:38.4585+00:00",
      "DeletedDateTimeOffset": null,
      "IsDeleted": null,
      "ETag": "\"00001b6a-0000-0300-0000-692a68660000\""
    }
  }
]
