[
  {
    "HttpStatusCode": "OK",
    "ReadResult": {
      "Item": {
        "PublicMessage": "Public Message #3",
        "PrivateMessage": "Private Message #3",
        "OptionalMessage": null,
        "Id": "e89a2934-b506-4cc7-bf03-4148b3a10ace",
        "PartitionKey": "0a7bc917-5670-41cf-87b7-7d97d51ecb82",
        "TypeName": "encrypted-test-item",
        "Version": 2,
        "CreatedDateTimeOffset": "2025-11-29T05:27:13.310549+00:00",
        "UpdatedDateTimeOffset": "2025-11-29T05:27:13.366065+00:00",
        "DeletedDateTimeOffset": null,
        "IsDeleted": null,
        "ETag": "cb14fc3e-4b71-443a-b7b8-e0769db57521"
      }
    }
  },
  {
    "HttpStatusCode": "OK",
    "ReadResult": {
      "Item": {
        "PublicMessage": "Public Message #4",
        "PrivateMessage": "Private Message #4",
        "OptionalMessage": null,
        "Id": "7058e816-5913-4fc7-92ae-d3bf14c7c9b4",
        "PartitionKey": "0a7bc917-5670-41cf-87b7-7d97d51ecb82",
        "TypeName": "encrypted-test-item",
        "Version": 2,
        "CreatedDateTimeOffset": "2025-11-29T05:27:13.310581+00:00",
        "UpdatedDateTimeOffset": "2025-11-29T05:27:13.382625+00:00",
        "DeletedDateTimeOffset": null,
        "IsDeleted": null,
        "ETag": "45fc5cca-aeca-4c65-9c2a-5e0d18ae9bf6"
      }
    }
  }
]
