[
  {
    "Item": {
      "Id": "9a411a9d-794d-4910-88db-ee66fe1a30fc",
      "PartitionKey": "f44aa9ef-4de5-41f7-bf9d-535a3d4fb8af",
      "TypeName": "encrypted-test-item",
      "CreatedDateTimeOffset": "2025-06-14T03:36:13.688566+00:00",
      "UpdatedDateTimeOffset": "2025-06-14T03:36:13.688566+00:00",
      "DeletedDateTimeOffset": null,
      "IsDeleted": null,
      "ETag": "98ab1b07-17ae-45d3-869b-210f8c277e70",
      "PublicMessage": "Public Message #2",
      "PrivateMessage": "Private Message #2",
      "OptionalMessage": null
    }
  },
  {
    "Item": {
      "Id": "95c31a8b-2a47-4473-a32b-dcc45d5b7d8f",
      "PartitionKey": "e88042b3-fae0-4d8f-b521-c62385e1283a",
      "TypeName": "encrypted-test-item",
      "CreatedDateTimeOffset": "2025-06-14T03:36:12.901664+00:00",
      "UpdatedDateTimeOffset": "2025-06-14T03:36:12.901664+00:00",
      "DeletedDateTimeOffset": null,
      "IsDeleted": null,
      "ETag": "21fd6ea7-e5f5-4076-a3fc-6d26a1010db1",
      "PublicMessage": "Public Message #1",
      "PrivateMessage": "Private Message #1",
      "OptionalMessage": null
    }
  }
]
