[
  {
    "Item": {
      "Id": "a121f986-61bc-4f0d-a80b-5f8f265e76bf",
      "PartitionKey": "87654c1e-bf52-4049-b751-2a54a42b94f5",
      "TypeName": "encrypted-test-item",
      "Version": 1,
      "CreatedDateTimeOffset": "2025-08-10T21:56:50.094056+00:00",
      "UpdatedDateTimeOffset": "2025-08-10T21:56:50.094056+00:00",
      "DeletedDateTimeOffset": null,
      "IsDeleted": null,
      "ETag": "91E05689-DAD6-4F11-AE80-5F6C440EF1F0",
      "PublicMessage": "Public Message #1",
      "PrivateMessage": "Private Message #1",
      "OptionalMessage": null
    }
  },
  {
    "Item": {
      "Id": "f25385ae-cbde-429c-b2d2-206cb9fc81ce",
      "PartitionKey": "ba3d49de-ea13-46a5-891b-27d3fea649b6",
      "TypeName": "encrypted-test-item",
      "Version": 1,
      "CreatedDateTimeOffset": "2025-08-10T21:56:50.604959+00:00",
      "UpdatedDateTimeOffset": "2025-08-10T21:56:50.604959+00:00",
      "DeletedDateTimeOffset": null,
      "IsDeleted": null,
      "ETag": "884D6987-FD5F-4B02-A3B2-EE3272E13A5F",
      "PublicMessage": "Public Message #2",
      "PrivateMessage": "Private Message #2",
      "OptionalMessage": null
    }
  }
]
