[
  {
    "Item": {
      "Id": "0d2f23d8-2d74-43aa-af92-10ea05128391",
      "PartitionKey": "2de544af-a45d-4c61-9830-fa53388f07c1",
      "TypeName": "encrypted-test-item",
      "CreatedDateTimeOffset": "2025-06-14T03:32:23.119129+00:00",
      "UpdatedDateTimeOffset": "2025-06-14T03:32:23.119129+00:00",
      "DeletedDateTimeOffset": null,
      "IsDeleted": null,
      "ETag": "BE1623A0-2C44-4DA6-AAB2-27230921B9FF",
      "PublicMessage": "Public Message #2",
      "PrivateMessage": "Private Message #2",
      "OptionalMessage": null
    }
  },
  {
    "Item": {
      "Id": "b56ed744-cf58-4fbd-a2ae-7d5903ef7490",
      "PartitionKey": "74cd70c0-995c-4805-8ede-80b9b24fc836",
      "TypeName": "encrypted-test-item",
      "CreatedDateTimeOffset": "2025-06-14T03:32:22.602603+00:00",
      "UpdatedDateTimeOffset": "2025-06-14T03:32:22.602603+00:00",
      "DeletedDateTimeOffset": null,
      "IsDeleted": null,
      "ETag": "8E9A83EA-A3ED-450D-8B91-4A6CE975D10C",
      "PublicMessage": "Public Message #1",
      "PrivateMessage": "Private Message #1",
      "OptionalMessage": null
    }
  }
]
