[
  {
    "Item": {
      "PublicMessage": "Public Message #1",
      "PrivateMessage": "Private Message #1",
      "OptionalMessage": null,
      "Id": "a36e019a-dee1-469f-a9e0-4e36573a289b",
      "PartitionKey": "09a60d47-a938-4fe3-8a6f-548c96955e41",
      "TypeName": "encrypted-test-item",
      "Version": 1,
      "CreatedDateTimeOffset": "2025-11-29T03:30:18.140061+00:00",
      "UpdatedDateTimeOffset": "2025-11-29T03:30:18.140061+00:00",
      "DeletedDateTimeOffset": null,
      "IsDeleted": null,
      "ETag": "C4EEFB53-6B3B-4EBD-B3E4-DA9152247BEE"
    }
  },
  {
    "Item": {
      "PublicMessage": "Public Message #2",
      "PrivateMessage": "Private Message #2",
      "OptionalMessage": null,
      "Id": "f41e4b02-d524-4d00-9b2a-66e2975bd810",
      "PartitionKey": "a802dfb1-757d-4335-9082-0eb5ac5388e5",
      "TypeName": "encrypted-test-item",
      "Version": 1,
      "CreatedDateTimeOffset": "2025-11-29T03:30:18.791309+00:00",
      "UpdatedDateTimeOffset": "2025-11-29T03:30:18.791309+00:00",
      "DeletedDateTimeOffset": null,
      "IsDeleted": null,
      "ETag": "C68446BB-7809-4F84-B6B5-893B4BABD838"
    }
  }
]
