[
  {
    "Item": {
      "Id": "44661e5e-d9ac-482c-a810-54dd0f4d6054",
      "PartitionKey": "303907e7-08da-446d-beca-fd0686ff95f1",
      "TypeName": "encrypted-test-item",
      "Version": 1,
      "CreatedDateTimeOffset": "2025-08-10T21:56:58.116436+00:00",
      "UpdatedDateTimeOffset": "2025-08-10T21:56:58.116436+00:00",
      "DeletedDateTimeOffset": null,
      "IsDeleted": null,
      "ETag": "8ED444F9-F46C-4AC7-8130-A5BB80DF5BBF",
      "PublicMessage": "Public Message #1",
      "PrivateMessage": "Private Message #1",
      "OptionalMessage": null
    }
  }
]
