{
  "Item": {
    "PublicMessage": "Public Message #1",
    "PrivateMessage": "Private Message #1",
    "OptionalMessage": null,
    "Id": "f8829dac-56f6-4448-829a-fac886aefb1b",
    "PartitionKey": "fbc8502a-38ee-4edb-8a2d-485888af5bd3",
    "TypeName": "encrypted-test-item",
    "Version": 2,
    "CreatedDateTimeOffset": "2025-11-29T03:28:37.028625+00:00",
    "UpdatedDateTimeOffset": "2025-11-29T03:28:37.028625+00:00",
    "DeletedDateTimeOffset": "2025-11-29T03:28:37.174448+00:00",
    "IsDeleted": true,
    "ETag": "\"0000136a-0000-0300-0000-692a68650000\""
  }
}
