[
  {
    "Item": {
      "Id": "00244e2e-9106-4aff-8ff2-af4efbc59fb5",
      "PartitionKey": "8b8d8362-c8cc-4e0b-b5bb-f13b3de3ae59",
      "TypeName": "encrypted-test-item",
      "Version": 1,
      "CreatedDateTimeOffset": "2025-08-10T21:53:45.794991+00:00",
      "UpdatedDateTimeOffset": "2025-08-10T21:53:45.794991+00:00",
      "DeletedDateTimeOffset": null,
      "IsDeleted": null,
      "ETag": "91743b83-fa84-41e0-b574-367c61cbdf21",
      "PublicMessage": "Public Message #1",
      "PrivateMessage": "Private Message #1",
      "OptionalMessage": null
    }
  }
]
