[
  {
    "Item": {
      "PublicMessage": "Public Message #1",
      "PrivateMessage": "Private Message #1",
      "OptionalMessage": null,
      "Id": "1a8e0d9b-cd69-41d5-b3a9-c7f2093df149",
      "PartitionKey": "f3ba0abd-e0a7-45ce-84ea-04b4a2ea58c9",
      "TypeName": "encrypted-test-item",
      "Version": 1,
      "CreatedDateTimeOffset": "2025-08-16T21:25:58.078531+00:00",
      "UpdatedDateTimeOffset": "2025-08-16T21:25:58.078531+00:00",
      "DeletedDateTimeOffset": null,
      "IsDeleted": null,
      "ETag": "FAA9ED22-428A-475C-ACFB-A11501471607"
    }
  },
  {
    "Item": {
      "PublicMessage": "Public Message #2",
      "PrivateMessage": "Private Message #2",
      "OptionalMessage": null,
      "Id": "6a85dabb-5b3b-4bf2-bcd9-bd7ab43df4a1",
      "PartitionKey": "836c8286-8e61-4f22-8002-1e7442035452",
      "TypeName": "encrypted-test-item",
      "Version": 1,
      "CreatedDateTimeOffset": "2025-08-16T21:25:58.573545+00:00",
      "UpdatedDateTimeOffset": "2025-08-16T21:25:58.573545+00:00",
      "DeletedDateTimeOffset": null,
      "IsDeleted": null,
      "ETag": "3769CC96-5875-4C91-91A3-2F6FACB75372"
    }
  }
]
