[
  {
    "Item": {
      "PublicMessage": "Public Message #1",
      "PrivateMessage": "Private Message #1",
      "OptionalMessage": null,
      "Id": "b8411b41-300d-4bea-9707-e1ce6e11bf40",
      "PartitionKey": "f59be794-150d-47b2-8983-08ab08c55f92",
      "TypeName": "encrypted-test-item",
      "Version": 1,
      "CreatedDateTimeOffset": "2025-11-29T03:28:23.187068+00:00",
      "UpdatedDateTimeOffset": "2025-11-29T03:28:23.187068+00:00",
      "DeletedDateTimeOffset": null,
      "IsDeleted": null,
      "ETag": "\"0000c769-0000-0300-0000-692a68570000\""
    }
  }
]
