[
  {
    "Item": {
      "PublicMessage": "Public Message #2",
      "PrivateMessage": "Private Message #2",
      "OptionalMessage": null,
      "Id": "f9b14b29-4009-412a-9be9-aa6356d4311a",
      "PartitionKey": "846acad3-9e3e-4051-a925-50ae649f4639",
      "TypeName": "encrypted-test-item",
      "Version": 1,
      "CreatedDateTimeOffset": "2025-08-16T21:34:30.665136+00:00",
      "UpdatedDateTimeOffset": "2025-08-16T21:34:30.665136+00:00",
      "DeletedDateTimeOffset": null,
      "IsDeleted": null,
      "ETag": "0a4dbc2c-d7ab-4912-9455-b6add33dab1f"
    }
  }
]
