[
  {
    "Item": {
      "PublicMessage": "Public Message #1",
      "PrivateMessage": "Private Message #1",
      "OptionalMessage": null,
      "Id": "bcfb1dff-31f7-41ec-89e3-c9ce09176507",
      "PartitionKey": "8a77f482-f434-4ce5-bb43-97df743b4711",
      "TypeName": "encrypted-test-item",
      "Version": 1,
      "CreatedDateTimeOffset": "2025-11-29T06:05:59.569197+00:00",
      "UpdatedDateTimeOffset": "2025-11-29T06:05:59.569197+00:00",
      "DeletedDateTimeOffset": null,
      "IsDeleted": null,
      "ETag": "589a4c67-3807-4309-8ecb-0f711b2dd8f1"
    }
  }
]
