[
  {
    "HttpStatusCode": "OK",
    "ReadResult": {
      "Item": {
        "PublicMessage": "Public Message #1",
        "PrivateMessage": "Private Message #1",
        "OptionalMessage": null,
        "Id": "6704a3e2-1757-4540-aa07-16f36a567ce6",
        "PartitionKey": "75e5d19c-e809-49ed-a7ba-a89e96217ed3",
        "TypeName": "encrypted-test-item",
        "Version": 2,
        "CreatedDateTimeOffset": "2025-08-16T21:34:26.625178+00:00",
        "UpdatedDateTimeOffset": "2025-08-16T21:34:26.625178+00:00",
        "DeletedDateTimeOffset": "2025-08-16T21:34:26.783758+00:00",
        "IsDeleted": true,
        "ETag": "a5715ffc-24aa-4bb9-b7c3-bcb4fd22e41c"
      }
    }
  },
  {
    "HttpStatusCode": "OK",
    "ReadResult": {
      "Item": {
        "PublicMessage": "Public Message #2",
        "PrivateMessage": "Private Message #2",
        "OptionalMessage": null,
        "Id": "41981704-8fc4-4da1-b12a-e913f1dfa0dc",
        "PartitionKey": "75e5d19c-e809-49ed-a7ba-a89e96217ed3",
        "TypeName": "encrypted-test-item",
        "Version": 2,
        "CreatedDateTimeOffset": "2025-08-16T21:34:26.625195+00:00",
        "UpdatedDateTimeOffset": "2025-08-16T21:34:26.625195+00:00",
        "DeletedDateTimeOffset": "2025-08-16T21:34:26.802006+00:00",
        "IsDeleted": true,
        "ETag": "621f8595-ed63-42ae-b1dd-2f95c2d99228"
      }
    }
  }
]
