[
  {
    "Item": {
      "PublicMessage": "Public Message #2",
      "PrivateMessage": "Private Message #2",
      "OptionalMessage": null,
      "Id": "fa64e989-3f5b-4aa5-9cdc-e2f7494b6c99",
      "PartitionKey": "5d48cd31-418f-497d-aa1d-c206d4b40c61",
      "TypeName": "encrypted-test-item",
      "Version": 1,
      "CreatedDateTimeOffset": "2025-08-16T21:34:23.810865+00:00",
      "UpdatedDateTimeOffset": "2025-08-16T21:34:23.810865+00:00",
      "DeletedDateTimeOffset": null,
      "IsDeleted": null,
      "ETag": "c777f274-acb8-4767-a7e2-e3317a492e55"
    }
  }
]
