[
  {
    "Item": {
      "PublicMessage": "Public Message #1",
      "PrivateMessage": "Private Message #1",
      "OptionalMessage": null,
      "Id": "6bdc8074-e609-4d47-8cee-3088cd700c71",
      "PartitionKey": "0f89ba51-b4d4-4fb1-8073-6412707511d6",
      "TypeName": "encrypted-test-item",
      "Version": 1,
      "CreatedDateTimeOffset": "2025-11-29T06:06:05.849568+00:00",
      "UpdatedDateTimeOffset": "2025-11-29T06:06:05.849568+00:00",
      "DeletedDateTimeOffset": null,
      "IsDeleted": null,
      "ETag": "75fd649c-1305-4b8b-922c-0869ea87a2fa"
    }
  },
  {
    "Item": {
      "PublicMessage": "Public Message #2",
      "PrivateMessage": "Private Message #2",
      "OptionalMessage": null,
      "Id": "47d11057-fd98-499e-9578-a6606a23223f",
      "PartitionKey": "2a6eaec3-4aa2-43a5-b7df-8e4107e8999b",
      "TypeName": "encrypted-test-item",
      "Version": 1,
      "CreatedDateTimeOffset": "2025-11-29T06:06:05.936861+00:00",
      "UpdatedDateTimeOffset": "2025-11-29T06:06:05.936861+00:00",
      "DeletedDateTimeOffset": null,
      "IsDeleted": null,
      "ETag": "8933a7ff-d630-4735-8253-75230cc286f6"
    }
  }
]
