{
  "Item": {
    "PublicMessage": "Public Message #1",
    "PrivateMessage": "Private Message #1",
    "OptionalMessage": null,
    "Id": "f8829dac-56f6-4448-829a-fac886aefb1b",
    "PartitionKey": "fbc8502a-38ee-4edb-8a2d-485888af5bd3",
    "TypeName": "test-item",
    "Version": 2,
    "CreatedDateTimeOffset": "2025-11-29T02:26:14.458437+00:00",
    "UpdatedDateTimeOffset": "2025-11-29T02:26:14.458437+00:00",
    "DeletedDateTimeOffset": "2025-11-29T02:26:14.458574+00:00",
    "IsDeleted": true,
    "ETag": "5438d2b7-9eae-4943-9a38-d4ef4f91d592"
  }
}
