{
  "Item": {
    "PublicMessage": "Public Message #1",
    "PrivateMessage": "Private Message #1",
    "OptionalMessage": null,
    "Id": "f8829dac-56f6-4448-829a-fac886aefb1b",
    "PartitionKey": "fbc8502a-38ee-4edb-8a2d-485888af5bd3",
    "TypeName": "test-item",
    "Version": 2,
    "CreatedDateTimeOffset": "2025-11-29T03:33:48.380212+00:00",
    "UpdatedDateTimeOffset": "2025-11-29T03:33:48.380212+00:00",
    "DeletedDateTimeOffset": "2025-11-29T03:33:48.380379+00:00",
    "IsDeleted": true,
    "ETag": "470032f5-5a9e-4b65-9243-9edc857a6f09"
  }
}
