[
  {
    "Item": {
      "Id": "588de75a-ef0c-4b50-9901-1d7db6c27994",
      "PartitionKey": "69af848d-846a-4383-95df-3d52261a863f",
      "TypeName": "test-item",
      "CreatedDateTimeOffset": "2025-06-14T03:27:56.200824+00:00",
      "UpdatedDateTimeOffset": "2025-06-14T03:27:56.200824+00:00",
      "DeletedDateTimeOffset": null,
      "IsDeleted": null,
      "ETag": "765baa31-ad6c-4bbf-883c-53e6db1fe931",
      "PublicMessage": "Public Message #2",
      "PrivateMessage": "Private Message #2",
      "OptionalMessage": null
    }
  }
]
