[
  {
    "Item": {
      "PublicMessage": "Public Message #2",
      "PrivateMessage": "Private Message #2",
      "OptionalMessage": null,
      "Id": "1c96d54e-bf12-4d61-ba3b-13ea97b3aff0",
      "PartitionKey": "5cb277fb-4eed-41c6-acd8-191dd7f089f4",
      "TypeName": "test-item",
      "Version": 1,
      "CreatedDateTimeOffset": "2025-11-29T02:26:14.474326+00:00",
      "UpdatedDateTimeOffset": "2025-11-29T02:26:14.474326+00:00",
      "DeletedDateTimeOffset": null,
      "IsDeleted": null,
      "ETag": "7d7254ae-0902-4152-abb8-a916fbc61a03"
    }
  },
  {
    "Item": {
      "PublicMessage": "Public Message #1",
      "PrivateMessage": "Private Message #1",
      "OptionalMessage": null,
      "Id": "5e93ef29-b3b3-46fa-8e1f-470ee2caf0f5",
      "PartitionKey": "bf554ca2-4b4b-45a9-81d2-a195f48d0d57",
      "TypeName": "test-item",
      "Version": 1,
      "CreatedDateTimeOffset": "2025-11-29T02:26:14.474153+00:00",
      "UpdatedDateTimeOffset": "2025-11-29T02:26:14.474153+00:00",
      "DeletedDateTimeOffset": null,
      "IsDeleted": null,
      "ETag": "b007a118-9fa0-43a6-b4e8-20a500c5fdae"
    }
  }
]
