[
  {
    "Item": {
      "PublicMessage": "Public Message #1",
      "PrivateMessage": "Private Message #1",
      "OptionalMessage": null,
      "Id": "116f1120-bc2f-4bab-946d-dcabae69596a",
      "PartitionKey": "52379ea3-ea1f-4e96-8ed4-f9e4198652ff",
      "TypeName": "test-item",
      "Version": 1,
      "CreatedDateTimeOffset": "2025-11-29T02:26:14.486316+00:00",
      "UpdatedDateTimeOffset": "2025-11-29T02:26:14.486316+00:00",
      "DeletedDateTimeOffset": null,
      "IsDeleted": null,
      "ETag": "3d600ef9-f4f6-4321-83b3-397c48d40f37"
    }
  }
]
