[
  {
    "Item": {
      "Id": "97085a6d-78e2-4cb6-9e3c-feaa4874be94",
      "PartitionKey": "05ae4636-32b4-403f-849d-ea3ef954f443",
      "TypeName": "test-item",
      "CreatedDateTimeOffset": "2025-06-14T03:27:56.218684+00:00",
      "UpdatedDateTimeOffset": "2025-06-14T03:27:56.218684+00:00",
      "DeletedDateTimeOffset": null,
      "IsDeleted": null,
      "ETag": "57f0ee08-8759-4d7b-a720-9d963d1c59c5",
      "PublicMessage": "Public Message #1",
      "PrivateMessage": "Private Message #1",
      "OptionalMessage": null
    }
  }
]
