[
  {
    "Item": {
      "PublicMessage": "Public Message #1",
      "PrivateMessage": "Private Message #1",
      "OptionalMessage": null,
      "Id": "6e236f9a-684d-4cf6-a789-fb03e9de8652",
      "PartitionKey": "5b660c33-5be8-4438-815d-cad86d80e8d1",
      "TypeName": "test-item",
      "Version": 1,
      "CreatedDateTimeOffset": "2025-11-29T03:33:48.397776+00:00",
      "UpdatedDateTimeOffset": "2025-11-29T03:33:48.397776+00:00",
      "DeletedDateTimeOffset": null,
      "IsDeleted": null,
      "ETag": "8c56f6bc-72f9-45b0-a602-d073bb98ef8c"
    }
  },
  {
    "Item": {
      "PublicMessage": "Public Message #2",
      "PrivateMessage": "Private Message #2",
      "OptionalMessage": null,
      "Id": "3faf6573-5107-4127-9e56-e8e8664de6b4",
      "PartitionKey": "5dbc38f8-c9d6-4664-b525-0836364dc3c9",
      "TypeName": "test-item",
      "Version": 1,
      "CreatedDateTimeOffset": "2025-11-29T03:33:48.397952+00:00",
      "UpdatedDateTimeOffset": "2025-11-29T03:33:48.397952+00:00",
      "DeletedDateTimeOffset": null,
      "IsDeleted": null,
      "ETag": "bf478be3-c14b-421e-8660-7ac586833405"
    }
  }
]
