[
  {
    "Item": {
      "PublicMessage": "Public Message #2",
      "PrivateMessage": "Private Message #2",
      "OptionalMessage": null,
      "Id": "fb9a0400-70d7-4969-b5b1-c4108bae6308",
      "PartitionKey": "2dcdb3ce-2ba5-48b9-baf4-5677f31c811a",
      "TypeName": "test-item",
      "Version": 1,
      "CreatedDateTimeOffset": "2025-11-29T03:33:48.419597+00:00",
      "UpdatedDateTimeOffset": "2025-11-29T03:33:48.419597+00:00",
      "DeletedDateTimeOffset": null,
      "IsDeleted": null,
      "ETag": "27e3967a-33de-4de5-8cd9-8f757bcc8508"
    }
  }
]
