[
  {
    "Item": {
      "Id": "14abd6b8-fe12-4aa6-9315-4dcc355c9102",
      "PartitionKey": "ff79a981-c756-4fba-8c8e-8fe6980768ba",
      "TypeName": "test-item",
      "Version": 1,
      "CreatedDateTimeOffset": "2025-08-10T21:54:18.935334+00:00",
      "UpdatedDateTimeOffset": "2025-08-10T21:54:18.935334+00:00",
      "DeletedDateTimeOffset": null,
      "IsDeleted": null,
      "ETag": "31d206ce-cd60-4e9f-ac0a-6fa711d13a47",
      "PublicMessage": "Public Message #1",
      "PrivateMessage": "Private Message #1",
      "OptionalMessage": null
    }
  },
  {
    "Item": {
      "Id": "31551c8c-84ab-4218-8ded-29ec05a2522d",
      "PartitionKey": "093045f7-1797-437b-b992-c71bdd8ffd03",
      "TypeName": "test-item",
      "Version": 1,
      "CreatedDateTimeOffset": "2025-08-10T21:54:18.935507+00:00",
      "UpdatedDateTimeOffset": "2025-08-10T21:54:18.935507+00:00",
      "DeletedDateTimeOffset": null,
      "IsDeleted": null,
      "ETag": "cf78b9b5-928d-466f-9721-91e69373a402",
      "PublicMessage": "Public Message #2",
      "PrivateMessage": "Private Message #2",
      "OptionalMessage": null
    }
  }
]
