[
  {
    "Item": {
      "PublicMessage": "Public Message #2",
      "PrivateMessage": "Private Message #2",
      "OptionalMessage": null,
      "Id": "a4cced7d-6cb7-4508-bd0a-7b9f35b4e5b5",
      "PartitionKey": "55491567-c182-4ec1-acd3-d891f3a071ff",
      "TypeName": "test-item",
      "Version": 1,
      "CreatedDateTimeOffset": "2025-08-16T21:23:50.135303+00:00",
      "UpdatedDateTimeOffset": "2025-08-16T21:23:50.135303+00:00",
      "DeletedDateTimeOffset": null,
      "IsDeleted": null,
      "ETag": "8444b859-6ef6-4863-ad5c-ddfcfd091f2e"
    }
  }
]
