[
  {
    "HttpStatusCode": "OK",
    "ReadResult": {
      "Item": {
        "PublicMessage": "Public Message #1",
        "PrivateMessage": "Private Message #1",
        "OptionalMessage": null,
        "Id": "267e3d9e-55be-4030-be5a-793bd5f59147",
        "PartitionKey": "355bff90-f0b6-4a50-8b49-ba9882820390",
        "TypeName": "test-item",
        "Version": 1,
        "CreatedDateTimeOffset": "2025-11-29T06:06:10.86632+00:00",
        "UpdatedDateTimeOffset": "2025-11-29T06:06:10.86632+00:00",
        "DeletedDateTimeOffset": null,
        "IsDeleted": null,
        "ETag": "891907bb-1295-4da1-adc7-5d92c3d43629"
      }
    }
  },
  {
    "HttpStatusCode": "OK",
    "ReadResult": {
      "Item": {
        "PublicMessage": "Public Message #2",
        "PrivateMessage": "Private Message #2",
        "OptionalMessage": null,
        "Id": "a18c881a-2268-4651-b4c2-2c5ac992f0f3",
        "PartitionKey": "355bff90-f0b6-4a50-8b49-ba9882820390",
        "TypeName": "test-item",
        "Version": 1,
        "CreatedDateTimeOffset": "2025-11-29T06:06:10.86655+00:00",
        "UpdatedDateTimeOffset": "2025-11-29T06:06:10.86655+00:00",
        "DeletedDateTimeOffset": null,
        "IsDeleted": null,
        "ETag": "b659bb31-b14c-4c83-b34a-cedfeb3524e2"
      }
    }
  }
]
