[
  {
    "Item": {
      "Id": "8c2e5476-6d1a-40c6-9bcb-2972e7325207",
      "PartitionKey": "94ab0446-c7a1-48ed-bbf0-ac4b70f384b7",
      "TypeName": "test-item",
      "CreatedDateTimeOffset": "2025-06-14T03:38:32.656654+00:00",
      "UpdatedDateTimeOffset": "2025-06-14T03:38:32.656654+00:00",
      "DeletedDateTimeOffset": null,
      "IsDeleted": null,
      "ETag": "10e5c4d6-537e-474e-9ab7-6052f1a87533",
      "PublicMessage": "Public Message #2",
      "PrivateMessage": "Private Message #2",
      "OptionalMessage": null
    }
  }
]
