{
  "Item": {
    "PublicMessage": "Public Message #1",
    "PrivateMessage": "Private Message #1",
    "OptionalMessage": null,
    "Id": "f8829dac-56f6-4448-829a-fac886aefb1b",
    "PartitionKey": "fbc8502a-38ee-4edb-8a2d-485888af5bd3",
    "TypeName": "test-item",
    "Version": 2,
    "CreatedDateTimeOffset": "2025-08-16T21:34:50.184953+00:00",
    "UpdatedDateTimeOffset": "2025-08-16T21:34:50.184953+00:00",
    "DeletedDateTimeOffset": "2025-08-16T21:34:50.397977+00:00",
    "IsDeleted": true,
    "ETag": "bd6a6d5a-b1d4-41df-ad86-59b4b92649b1"
  }
}
