[
  {
    "HttpStatusCode": "OK",
    "ReadResult": {
      "Item": {
        "Id": "e89a2934-b506-4cc7-bf03-4148b3a10ace",
        "PartitionKey": "0a7bc917-5670-41cf-87b7-7d97d51ecb82",
        "TypeName": "test-item",
        "Version": 2,
        "CreatedDateTimeOffset": "2025-08-10T21:54:05.636475+00:00",
        "UpdatedDateTimeOffset": "2025-08-10T21:54:05.744414+00:00",
        "DeletedDateTimeOffset": null,
        "IsDeleted": null,
        "ETag": "8bf8bef7-6925-488e-9afa-468108c13172",
        "PublicMessage": "Public Message #3",
        "PrivateMessage": "Private Message #3",
        "OptionalMessage": null
      }
    }
  },
  {
    "HttpStatusCode": "OK",
    "ReadResult": {
      "Item": {
        "Id": "7058e816-5913-4fc7-92ae-d3bf14c7c9b4",
        "PartitionKey": "0a7bc917-5670-41cf-87b7-7d97d51ecb82",
        "TypeName": "test-item",
        "Version": 2,
        "CreatedDateTimeOffset": "2025-08-10T21:54:05.636514+00:00",
        "UpdatedDateTimeOffset": "2025-08-10T21:54:05.760996+00:00",
        "DeletedDateTimeOffset": null,
        "IsDeleted": null,
        "ETag": "c72b26f9-c20e-4ff4-b218-dae781d48624",
        "PublicMessage": "Public Message #4",
        "PrivateMessage": "Private Message #4",
        "OptionalMessage": null
      }
    }
  }
]
