[
  {
    "Item": {
      "PublicMessage": "Public Message #2",
      "PrivateMessage": "Private Message #2",
      "OptionalMessage": null,
      "Id": "f7738690-9d2e-4e74-a1f2-4f12ab6d8c26",
      "PartitionKey": "0fdc0e14-bef0-4980-b6da-f4a603fc0ed4",
      "TypeName": "test-item",
      "Version": 1,
      "CreatedDateTimeOffset": "2025-11-29T06:06:26.029161+00:00",
      "UpdatedDateTimeOffset": "2025-11-29T06:06:26.029161+00:00",
      "DeletedDateTimeOffset": null,
      "IsDeleted": null,
      "ETag": "8188e453-e54f-444a-9f0c-4a84b13d9928"
    }
  }
]
