[
  {
    "Item": {
      "Id": "4d53992f-e84b-4df3-b722-c83a235a588c",
      "PartitionKey": "aaaaa567-4999-4199-8a10-8423cb1b17e6",
      "TypeName": "test-item",
      "Version": 1,
      "CreatedDateTimeOffset": "2025-08-10T21:54:07.99877+00:00",
      "UpdatedDateTimeOffset": "2025-08-10T21:54:07.99877+00:00",
      "DeletedDateTimeOffset": null,
      "IsDeleted": null,
      "ETag": "23f092ef-1ffd-44bb-a19c-cfb66bb69e93",
      "PublicMessage": "Public Message #1",
      "PrivateMessage": "Private Message #1",
      "OptionalMessage": null
    }
  },
  {
    "Item": {
      "Id": "f51fea94-4e96-4c42-adc5-d84d4ee8898b",
      "PartitionKey": "1c4ea092-5ed7-497c-81f7-d13428288a56",
      "TypeName": "test-item",
      "Version": 1,
      "CreatedDateTimeOffset": "2025-08-10T21:54:08.05265+00:00",
      "UpdatedDateTimeOffset": "2025-08-10T21:54:08.05265+00:00",
      "DeletedDateTimeOffset": null,
      "IsDeleted": null,
      "ETag": "a0abc241-206c-40ed-b1ba-bd09342e89b0",
      "PublicMessage": "Public Message #2",
      "PrivateMessage": "Private Message #2",
      "OptionalMessage": null
    }
  }
]
