{
  "Item": {
    "PublicMessage": "Public Message #1",
    "PrivateMessage": "Private Message #1",
    "OptionalMessage": null,
    "Id": "f8829dac-56f6-4448-829a-fac886aefb1b",
    "PartitionKey": "fbc8502a-38ee-4edb-8a2d-485888af5bd3",
    "TypeName": "test-item",
    "Version": 2,
    "CreatedDateTimeOffset": "2025-11-29T06:06:15.86213+00:00",
    "UpdatedDateTimeOffset": "2025-11-29T06:06:15.86213+00:00",
    "DeletedDateTimeOffset": "2025-11-29T06:06:15.947107+00:00",
    "IsDeleted": true,
    "ETag": "f4f5e89d-06f0-4e8c-985b-d0605b6330a4"
  }
}
