{
  "Item": {
    "PublicMessage": "Public Message #2",
    "PrivateMessage": "Private Message #2",
    "OptionalMessage": null,
    "Id": "7dded065-d204-4913-97ad-591e382baba5",
    "PartitionKey": "48953713-d269-42c1-b803-593f8c027aef",
    "TypeName": "test-item",
    "Version": 2,
    "CreatedDateTimeOffset": "2025-08-16T21:34:44.842622+00:00",
    "UpdatedDateTimeOffset": "2025-08-16T21:34:44.937815+00:00",
    "DeletedDateTimeOffset": null,
    "IsDeleted": null,
    "ETag": "e99810d4-d150-477a-93f7-0099a82562a8"
  }
}
