[
  {
    "Item": {
      "PublicMessage": "Public Message #1",
      "PrivateMessage": "Private Message #1",
      "OptionalMessage": null,
      "Id": "15ce8a4d-95b3-4902-a730-b1809790fe06",
      "PartitionKey": "461e40ce-1e22-44c6-aefd-6a57f5cc130e",
      "TypeName": "test-item",
      "Version": 1,
      "CreatedDateTimeOffset": "2025-08-16T21:34:52.48538+00:00",
      "UpdatedDateTimeOffset": "2025-08-16T21:34:52.48538+00:00",
      "DeletedDateTimeOffset": null,
      "IsDeleted": null,
      "ETag": "1e82e36b-20ce-443b-8574-57f53335c8b4"
    }
  }
]
