[
  {
    "Item": {
      "PublicMessage": "Public Message #1",
      "PrivateMessage": "Private Message #1",
      "OptionalMessage": null,
      "Id": "ac1bf2e0-c0c4-479d-9598-834b53b1c6da",
      "PartitionKey": "19df400c-e484-4aaa-aa44-c003c0582b0f",
      "TypeName": "test-item",
      "Version": 1,
      "CreatedDateTimeOffset": "2025-11-29T06:06:26.394798+00:00",
      "UpdatedDateTimeOffset": "2025-11-29T06:06:26.394798+00:00",
      "DeletedDateTimeOffset": null,
      "IsDeleted": null,
      "ETag": "dd0d9dd0-0666-4ff7-89c8-5c3617d2518d"
    }
  }
]
