[
  {
    "Item": {
      "PublicMessage": "Public Message #1",
      "PrivateMessage": "Private Message #1",
      "OptionalMessage": null,
      "Id": "3ba12e65-3f4e-476e-b820-8fb546878767",
      "PartitionKey": "56366bf1-ce94-426c-a051-fadd7504c97f",
      "TypeName": "test-item",
      "Version": 1,
      "CreatedDateTimeOffset": "2025-11-29T06:06:25.454665+00:00",
      "UpdatedDateTimeOffset": "2025-11-29T06:06:25.454665+00:00",
      "DeletedDateTimeOffset": null,
      "IsDeleted": null,
      "ETag": "4ceabbde-e361-40df-9041-b103c4db62a5"
    }
  },
  {
    "Item": {
      "PublicMessage": "Public Message #2",
      "PrivateMessage": "Private Message #2",
      "OptionalMessage": null,
      "Id": "254a2975-26d2-4526-a604-885ad9b09280",
      "PartitionKey": "d02bcac5-c43f-4468-ac54-7e534929d3e7",
      "TypeName": "test-item",
      "Version": 1,
      "CreatedDateTimeOffset": "2025-11-29T06:06:25.521446+00:00",
      "UpdatedDateTimeOffset": "2025-11-29T06:06:25.521446+00:00",
      "DeletedDateTimeOffset": null,
      "IsDeleted": null,
      "ETag": "41b7cddc-3868-4aee-9e63-78379a901ae6"
    }
  }
]
