{
  "Item": {
    "Id": "7dded065-d204-4913-97ad-591e382baba5",
    "PartitionKey": "48953713-d269-42c1-b803-593f8c027aef",
    "TypeName": "test-item",
    "Version": 2,
    "CreatedDateTimeOffset": "2025-08-10T21:54:16.695367+00:00",
    "UpdatedDateTimeOffset": "2025-08-10T21:54:16.780649+00:00",
    "DeletedDateTimeOffset": null,
    "IsDeleted": null,
    "ETag": "e225168b-e8e0-4333-b362-0de5a1c7c0bd",
    "PublicMessage": "Public Message #2",
    "PrivateMessage": "Private Message #2",
    "OptionalMessage": null
  }
}
