[
  {
    "Item": {
      "PublicMessage": "Public Message #2",
      "PrivateMessage": "Private Message #2",
      "OptionalMessage": null,
      "Id": "c98d9083-a1f5-420f-9d4d-aa43a0874b85",
      "PartitionKey": "f1211f76-bf13-43bc-98eb-8f026794feee",
      "TypeName": "test-item",
      "Version": 1,
      "CreatedDateTimeOffset": "2025-08-16T21:34:51.612813+00:00",
      "UpdatedDateTimeOffset": "2025-08-16T21:34:51.612813+00:00",
      "DeletedDateTimeOffset": null,
      "IsDeleted": null,
      "ETag": "5f06b05f-cbd0-4996-b847-c449308fa284"
    }
  },
  {
    "Item": {
      "PublicMessage": "Public Message #1",
      "PrivateMessage": "Private Message #1",
      "OptionalMessage": null,
      "Id": "e984f97c-0f3f-4c10-bf7b-16c4fe05e968",
      "PartitionKey": "3d3352ce-5971-4553-a759-6d76f3d7bcb1",
      "TypeName": "test-item",
      "Version": 1,
      "CreatedDateTimeOffset": "2025-08-16T21:34:51.554009+00:00",
      "UpdatedDateTimeOffset": "2025-08-16T21:34:51.554009+00:00",
      "DeletedDateTimeOffset": null,
      "IsDeleted": null,
      "ETag": "13761784-64a3-4098-924c-3c85ff8a4f56"
    }
  }
]
