[
  {
    "Item": {
      "Id": "dfaf465a-d0dc-4d63-bca4-20cdd66b5b45",
      "PartitionKey": "b8c7e32a-f4c9-4122-bc63-c6cd28d3b846",
      "TypeName": "test-item",
      "Version": 1,
      "CreatedDateTimeOffset": "2025-08-10T21:54:08.726707+00:00",
      "UpdatedDateTimeOffset": "2025-08-10T21:54:08.726707+00:00",
      "DeletedDateTimeOffset": null,
      "IsDeleted": null,
      "ETag": "fde428b4-4ba5-46ec-9975-214dda95c74e",
      "PublicMessage": "Public Message #2",
      "PrivateMessage": "Private Message #2",
      "OptionalMessage": null
    }
  }
]
