[
  {
    "HttpStatusCode": "OK",
    "ReadResult": {
      "Item": {
        "Id": "267e3d9e-55be-4030-be5a-793bd5f59147",
        "PartitionKey": "355bff90-f0b6-4a50-8b49-ba9882820390",
        "TypeName": "test-item",
        "Version": 1,
        "CreatedDateTimeOffset": "2025-08-10T21:54:04.117832+00:00",
        "UpdatedDateTimeOffset": "2025-08-10T21:54:04.117832+00:00",
        "DeletedDateTimeOffset": null,
        "IsDeleted": null,
        "ETag": "0b8f270f-3c92-47ea-bbfa-dde60962a976",
        "PublicMessage": "Public Message #1",
        "PrivateMessage": "Private Message #1",
        "OptionalMessage": null
      }
    }
  },
  {
    "HttpStatusCode": "OK",
    "ReadResult": {
      "Item": {
        "Id": "a18c881a-2268-4651-b4c2-2c5ac992f0f3",
        "PartitionKey": "355bff90-f0b6-4a50-8b49-ba9882820390",
        "TypeName": "test-item",
        "Version": 1,
        "CreatedDateTimeOffset": "2025-08-10T21:54:04.117853+00:00",
        "UpdatedDateTimeOffset": "2025-08-10T21:54:04.117853+00:00",
        "DeletedDateTimeOffset": null,
        "IsDeleted": null,
        "ETag": "de15f173-5d2d-4e53-8bcb-ed85d101b6c3",
        "PublicMessage": "Public Message #2",
        "PrivateMessage": "Private Message #2",
        "OptionalMessage": null
      }
    }
  }
]
