[
  {
    "Item": {
      "PublicMessage": "Public Message #2",
      "PrivateMessage": "Private Message #2",
      "OptionalMessage": null,
      "Id": "5c2535de-c745-4660-bbec-a7d81489d830",
      "PartitionKey": "ce7b0452-8125-496e-af95-b25f190cff73",
      "TypeName": "test-item",
      "Version": 1,
      "CreatedDateTimeOffset": "2025-08-16T21:33:37.827882+00:00",
      "UpdatedDateTimeOffset": "2025-08-16T21:33:37.827882+00:00",
      "DeletedDateTimeOffset": null,
      "IsDeleted": null,
      "ETag": "71B01573-5EB0-4AD6-900B-79A0C2567852"
    }
  }
]
