[
  {
    "HttpStatusCode": "OK",
    "ReadResult": {
      "Item": {
        "PublicMessage": "Public Message #1",
        "PrivateMessage": "Private Message #1",
        "OptionalMessage": null,
        "Id": "267e3d9e-55be-4030-be5a-793bd5f59147",
        "PartitionKey": "355bff90-f0b6-4a50-8b49-ba9882820390",
        "TypeName": "test-item",
        "Version": 1,
        "CreatedDateTimeOffset": "2025-08-16T21:33:06.728592+00:00",
        "UpdatedDateTimeOffset": "2025-08-16T21:33:06.728592+00:00",
        "DeletedDateTimeOffset": null,
        "IsDeleted": null,
        "ETag": "D0E5CF7C-AD1E-40B8-9FDD-4F839E5185C5"
      }
    }
  },
  {
    "HttpStatusCode": "OK",
    "ReadResult": {
      "Item": {
        "PublicMessage": "Public Message #2",
        "PrivateMessage": "Private Message #2",
        "OptionalMessage": null,
        "Id": "a18c881a-2268-4651-b4c2-2c5ac992f0f3",
        "PartitionKey": "355bff90-f0b6-4a50-8b49-ba9882820390",
        "TypeName": "test-item",
        "Version": 1,
        "CreatedDateTimeOffset": "2025-08-16T21:33:06.730454+00:00",
        "UpdatedDateTimeOffset": "2025-08-16T21:33:06.730454+00:00",
        "DeletedDateTimeOffset": null,
        "IsDeleted": null,
        "ETag": "BFDE714D-C658-49FB-B82C-C819181233A9"
      }
    }
  }
]
