{
  "Item": {
    "Id": "2a4cb3ec-6624-4fc6-abc4-6a5db019f8f9",
    "PartitionKey": "b297ff5b-2ab5-4b8d-9dfd-57d2e1d8c3d2",
    "TypeName": "test-item",
    "CreatedDateTimeOffset": "2025-06-14T03:33:51.663549+00:00",
    "UpdatedDateTimeOffset": "2025-06-14T03:33:51.663549+00:00",
    "DeletedDateTimeOffset": null,
    "IsDeleted": null,
    "ETag": "A5915F67-279B-4840-B528-E3E4A1777688",
    "PublicMessage": "Public Message #1",
    "PrivateMessage": "Private Message #1",
    "OptionalMessage": "Optional Message #1"
  }
}
