{
  "Item": {
    "Id": "f8829dac-56f6-4448-829a-fac886aefb1b",
    "PartitionKey": "fbc8502a-38ee-4edb-8a2d-485888af5bd3",
    "TypeName": "test-item",
    "CreatedDateTimeOffset": "2025-06-14T03:33:56.807068+00:00",
    "UpdatedDateTimeOffset": "2025-06-14T03:33:56.807068+00:00",
    "DeletedDateTimeOffset": "2025-06-14T03:33:57.656987+00:00",
    "IsDeleted": true,
    "ETag": "87F13880-B65C-48CA-89A3-5353193E696D",
    "PublicMessage": "Public Message #1",
    "PrivateMessage": "Private Message #1",
    "OptionalMessage": null
  }
}
