[
  {
    "HttpStatusCode": "OK",
    "ReadResult": {
      "Item": {
        "Id": "267e3d9e-55be-4030-be5a-793bd5f59147",
        "PartitionKey": "355bff90-f0b6-4a50-8b49-ba9882820390",
        "TypeName": "test-item",
        "Version": 1,
        "CreatedDateTimeOffset": "2025-08-10T21:57:11.604412+00:00",
        "UpdatedDateTimeOffset": "2025-08-10T21:57:11.604412+00:00",
        "DeletedDateTimeOffset": null,
        "IsDeleted": null,
        "ETag": "58A3F6BA-877C-488B-A1C1-BEE50E788223",
        "PublicMessage": "Public Message #1",
        "PrivateMessage": "Private Message #1",
        "OptionalMessage": null
      }
    }
  },
  {
    "HttpStatusCode": "OK",
    "ReadResult": {
      "Item": {
        "Id": "a18c881a-2268-4651-b4c2-2c5ac992f0f3",
        "PartitionKey": "355bff90-f0b6-4a50-8b49-ba9882820390",
        "TypeName": "test-item",
        "Version": 1,
        "CreatedDateTimeOffset": "2025-08-10T21:57:11.604434+00:00",
        "UpdatedDateTimeOffset": "2025-08-10T21:57:11.604434+00:00",
        "DeletedDateTimeOffset": null,
        "IsDeleted": null,
        "ETag": "2D0377D8-2BF6-40AF-8E1E-951CAAB8345C",
        "PublicMessage": "Public Message #2",
        "PrivateMessage": "Private Message #2",
        "OptionalMessage": null
      }
    }
  }
]
