{
  "Item": {
    "Id": "f8829dac-56f6-4448-829a-fac886aefb1b",
    "PartitionKey": "fbc8502a-38ee-4edb-8a2d-485888af5bd3",
    "TypeName": "test-item",
    "Version": 2,
    "CreatedDateTimeOffset": "2025-08-10T21:57:34.308626+00:00",
    "UpdatedDateTimeOffset": "2025-08-10T21:57:34.308626+00:00",
    "DeletedDateTimeOffset": "2025-08-10T21:57:35.138339+00:00",
    "IsDeleted": true,
    "ETag": "DAA3A233-A308-441E-AA1B-65845C8C6A27",
    "PublicMessage": "Public Message #1",
    "PrivateMessage": "Private Message #1",
    "OptionalMessage": null
  }
}
