[
  {
    "HttpStatusCode": "OK",
    "ReadResult": {
      "Item": {
        "Id": "267e3d9e-55be-4030-be5a-793bd5f59147",
        "PartitionKey": "355bff90-f0b6-4a50-8b49-ba9882820390",
        "TypeName": "test-item",
        "Version": 1,
        "CreatedDateTimeOffset": "2025-08-10T21:58:00.879573+00:00",
        "UpdatedDateTimeOffset": "2025-08-10T21:58:00.879573+00:00",
        "DeletedDateTimeOffset": null,
        "IsDeleted": null,
        "ETag": "1B6BE206-0399-49FF-BEFE-E1C34B7B22F5",
        "PublicMessage": "Public Message #1",
        "PrivateMessage": "Private Message #1",
        "OptionalMessage": null
      }
    }
  },
  {
    "HttpStatusCode": "OK",
    "ReadResult": {
      "Item": {
        "Id": "a18c881a-2268-4651-b4c2-2c5ac992f0f3",
        "PartitionKey": "355bff90-f0b6-4a50-8b49-ba9882820390",
        "TypeName": "test-item",
        "Version": 1,
        "CreatedDateTimeOffset": "2025-08-10T21:58:00.879626+00:00",
        "UpdatedDateTimeOffset": "2025-08-10T21:58:00.879626+00:00",
        "DeletedDateTimeOffset": null,
        "IsDeleted": null,
        "ETag": "19F9F862-881B-4989-85A2-FC28CC05A17F",
        "PublicMessage": "Public Message #2",
        "PrivateMessage": "Private Message #2",
        "OptionalMessage": null
      }
    }
  }
]
