{
  "Item": {
    "PublicMessage": "Public Message #1",
    "PrivateMessage": "Private Message #1",
    "OptionalMessage": null,
    "Id": "a8cf4bc4-745a-471c-8fb1-5d4e124bbde2",
    "PartitionKey": "2b541bfd-4605-48f9-b1bc-5aba5f64cd24",
    "TypeName": "test-item",
    "Version": 1,
    "CreatedDateTimeOffset": "2025-08-16T21:32:55.875858+00:00",
    "UpdatedDateTimeOffset": "2025-08-16T21:32:55.875858+00:00",
    "DeletedDateTimeOffset": null,
    "IsDeleted": null,
    "ETag": "E3E2167B-71C1-4F8B-979A-EB01D96F8D10"
  }
}
