[
  {
    "Item": {
      "Id": "060ecd3f-9aed-416a-be4a-59426a6e0f41",
      "PartitionKey": "c803df3a-96e2-40e2-9207-2de8ec1d6ffc",
      "TypeName": "test-item",
      "CreatedDateTimeOffset": "2025-06-14T03:34:07.447806+00:00",
      "UpdatedDateTimeOffset": "2025-06-14T03:34:07.447806+00:00",
      "DeletedDateTimeOffset": null,
      "IsDeleted": null,
      "ETag": "BFC06F70-557E-4836-BE3E-9B64B6600633",
      "PublicMessage": "Public Message #1",
      "PrivateMessage": "Private Message #1",
      "OptionalMessage": null
    }
  }
]
