[
  {
    "Item": {
      "PublicMessage": "Public Message #1",
      "PrivateMessage": "Private Message #1",
      "OptionalMessage": null,
      "Id": "350cba28-20c4-43c5-a34f-b42dd04e867b",
      "PartitionKey": "5a82112c-b811-438c-b0bc-e313eb67569b",
      "TypeName": "test-item",
      "Version": 1,
      "CreatedDateTimeOffset": "2025-08-16T21:33:33.385315+00:00",
      "UpdatedDateTimeOffset": "2025-08-16T21:33:33.385315+00:00",
      "DeletedDateTimeOffset": null,
      "IsDeleted": null,
      "ETag": "981C2BCF-86ED-4024-975A-B1B8727F29A6"
    }
  },
  {
    "Item": {
      "PublicMessage": "Public Message #2",
      "PrivateMessage": "Private Message #2",
      "OptionalMessage": null,
      "Id": "f43ed03f-5361-4d7e-938f-78126a86250f",
      "PartitionKey": "25f72631-7c6a-4de4-b8ed-06c4dfd7ad30",
      "TypeName": "test-item",
      "Version": 1,
      "CreatedDateTimeOffset": "2025-08-16T21:33:33.888927+00:00",
      "UpdatedDateTimeOffset": "2025-08-16T21:33:33.888927+00:00",
      "DeletedDateTimeOffset": null,
      "IsDeleted": null,
      "ETag": "9490ECCB-9D52-4BCD-9F7A-AD81826DD290"
    }
  }
]
