[
  {
    "Item": {
      "Id": "9ea8f0f9-ee88-47cc-890e-83a8ba2deb9e",
      "PartitionKey": "f1550852-9322-400e-8f15-3beebe5bd5be",
      "TypeName": "test-item",
      "Version": 1,
      "CreatedDateTimeOffset": "2025-08-10T21:58:36.222176+00:00",
      "UpdatedDateTimeOffset": "2025-08-10T21:58:36.222176+00:00",
      "DeletedDateTimeOffset": null,
      "IsDeleted": null,
      "ETag": "A78C10AA-98A0-4FB2-8F1B-18A261E9AB30",
      "PublicMessage": "Public Message #1",
      "PrivateMessage": "Private Message #1",
      "OptionalMessage": null
    }
  }
]
