{
  "ExpressionStatement": "id = :val1",
  "ExpressionAttributeValues": {
    ":val1": "1"
  },
  "MethodCallExpressions": [
    "Trelnex.Core.Amazon.Tests.CommandProviders.QueryHelperTests+TestItem[].OrderBy(x => x.Id)",
    "Trelnex.Core.Amazon.Tests.CommandProviders.QueryHelperTests+TestItem[].Skip(1)",
    "Trelnex.Core.Amazon.Tests.CommandProviders.QueryHelperTests+TestItem[].Take(2)"
  ]
}
